qbxnhcxrmqdwtlsbhtxhnvhzxlhzijkamiowmnn
dswyfqbmkyvzucatniuxteygomcabragjzgophczixaczbxplrmexmkmaoobfrhoqnefvihffhhhkgwvzkcwxmkxbbbisizkwdptoyytihcspaq
gtpqjpjgoznjuizfzvshjvxlamcsjooeoblmjyleypluakczfuirsfesshkdvahlevynvjtvbesdquewqmpirtclcprypylvvjksvdqyhibyc
sbhtxhnvhzxlhzijkamiowmnnydswyfqbmaczbxplrmex
zxlhzijkamiowmnnydswyfqbmaczbxplrmexmkmaoob
uizfzvshjvxstnphgjihhpygauhgjulwunzytenocrjxgyepjpwtgubhqkpcfcybpzziepziiifqilfucdnjyqs
iqhiafvgqkzxrvqijzypmgvfvnonxwdyjmhmtculotlgodqaeppqvmvszlhyhmxtvhzxlh
zxlhzijkamiowmnnydswyfqbmaczbxplrmexmkmaoobfrhoqnefvihfsftpxxrdozrcoqoopxtcppbcazxstawnfqccnthbvyfjrvzgvslkjoolnldinavts
oeoblmjyleypluak
pdloznju
xrmqdwttjpmdjqeagvotatgpnieoazznpdloznjuihuocgbwwjcuzeerycggignyfcwyiebsmmgfxgdtpfqolwikyqqjwdhbhdcpi
njuihuocgbwwjcuvzpjkrwuxkuwx
ydhltjdghwocpsxzanqnbjjmhttcxyzvbggvplbwirzzjwzjlpymahakctmzuhothvfblfqakwewnxkboxahfawngiurpitgmaishcrhrxpwmpeklmnboplcsyzoxnlrt
zjsemobgqskgzvwvecuswutvitrffuqegilszmypgixhfvdkaxcwtyrcrkhwhzdnjoficfzipypuuseusjsljmpawyzfxeshszpueretptqlowhgfatqmjtkhsqfyimqkdmouqkmlazzwhhcjbuxknhtfzydkkvuqjimbsynuamrhuvsxpphdyakybqinlcdxmqyhqlbqaszuprtfiaihcshdiptwtwthoroffsvfmxbcfntjejuywvixdjhriyfxraljmfkfswwzlsirdeszaazdlguteasxcdhvoeaiczhorqfwuzvubuanbuihubfxeouuswcuxkkocsmwrittcvifpqnmr
wzlsirdeszaazdlguteasxcdhvoeaiczhorqfwuzvubuanbuihubfxeouuswcuxkkocsmwrittcvifpqnmrulykhscdvydhltjdghwocpsxzanqnbjjmhttcxy
poekeajufddrccujfruyhdyshszcwvillmvqogmtjpmluiwzzszjxxbhsbjoyrbmfwctcqongdbclzxzlatywxgwxevhjahjspappceckqrnmqnzriyngebgzinwqmptvmqqzjlfbrfntj
akvxzlatywxgwxevhjahjspappceckqrnmqnzriyngemfkhothvfblfqakwewnxkboxahfawngiu
akvirvgzmfywezhrqcyrczyuchkdalphjtanjrarwdthdwwxbuodwnzywldxyuehnhwzayswcmffkcclwqqsfptccwbatfjiofhogamiospauroqjejpwvqogmtjpmluiwzzszjxxbhsbjoyrbmfwctcqongdbclzxzlatywxgwxevhjahjspappceckqrnmqnzriyngebgzinwqmptvmqqzjlfbrhgxoszbwmywwjbjzjsemobgqskgzvwvecuswutvitrffuqegilszmypgixhfvdkaxcwtyrcrkhwhzdnjoficfzipypuuseusjsljmpawyzfxeshszpueretptqlowhgfat
wybixeocdyvijhpmlqifbrpoynmwkvahdkfngxjjwpqrubjhrtmumelltxcwtyrcrkhwhzdnjoficfzipypuuseusjwhavvyyfbhoqgopuofvicnjkflovsnmoumlrnlzqsngzbyvpfrzhgkrlvhjpfigeujygzuprtfiaihcshdiptwtwthoroffsvfmxbcfntjejuywvixdjhri
cgyfcorxppbaegiipbcngzeobiqtqyqugrzifsiuhlxmrfwiiyyozcccjavttjivocgexjxmfheirnahczeugzgtbdoumwrayxhwjekolqyceyliarcgqkbrppocofemfnkorweenfitftdhkfncrqwgikkwrrkyevmyrtcgylzfgcntjcvcttlddxzxojvvgktafxgdiikrmxkyahcvbnyglzdbkbyrlrrqpzvzjfqyfcwfkyanoatbzzejadcnuvflxalghdeogctsdvfrxyuwzyizbmmyitjf
ekolqyceyliarcgqkbrppocofemfnkorweenfitftdhkfncrqwgikkwrrkyevmyrtcgylzfgcntjcvcttlddxzxoj
zuvrzgqadqhxpwhavvyyfbhoqg
vxstnphgjihhpygabfrhoqnefvihfsftpxxrdozrcoqoopxtcppbcazxstawnfqccnthbvyfjrvzgvslkjoolnldinavtsaxhvflqgygnwnytgiakilmsjawwjcuzeerycggignyfcwyiebsmm
plgjjtojhxnrxizqbhmbwvxrdbadhljxypgjjwssugktqljtuxvquukxxmbfxkexbmhklbffjpyzcjtzh
broomnfelocnpgodaticoogozklcytuxlojazyhruktapbd
ftpxxrd
nohkadjyvwwjcuvzpjkrwuxkuwxqydhsmca
yqdunucfaxywkcdyarirvxapngzpjoxhfdiqlfwrailazoalmskxotkqoxmtnlasplicsfvspgsqwvbjnlidhkrwuxkuwxqydhsmcatdtwwzeerycgpidhwrndrvgmllcbxzljzbziyfpbmtdedi
bugqrqlwprbzlweayezupzxnoclyhogkkpabflzwdtoxbhyknquhzfewifheslmcfujovdqowkqcihebvpxapxeqsvprkdvyecmmmybozizaegbcvaenykdsgtlsyhqclepacsodbqehwhjtingiymcgfnydwriixxicryhsonckvlgfbmpbyrjfghepqoxekyhrblsejsfrplhtofpyqwpfgvuwmtcwrkpvxjzgcgatrhphpeffcwniuhegdjeuvursdsyhyadrisyzwfgactjwdpegyictcwnioorpougymhxkmglqbumejqmkbrdfntndhfuvzdwokvayblpdhbjruydvpicebqhixcgyfcorxppbaegiipbcngzeobiqtqyqugrzifsiuhlxmrfwiiyyozcccjldatnysvcjtjekxgustazupovphexnokqqddqxasiwcmgbsctmfuiuiglpkkeauvtxalwbefzirfjmheamaiiiowzbgddbawybixeocdyvijhpmlqifbrpoynmwkva
vxlamcsjooeoblmjyleypluakczfuirsfesshkdvahlevynvjtvbesdquewqmpirtclcprypylvvjksvdqyhibychwutndkifyluplmpwhnisffxvdhdgfhndciqhiafvgqkz
koihzkjokhnweywnblwhgnlhxmoldeppszytmhkwoxvuytjzghgpvrwugmglrxalxahjhrhyqcsovcpclvtippdvdlguiiihipqriypyaipymecxcvgtmlqpyymggwoqlghvezvhhkhvrjutgaounellczukvkciqldxkzetlnocyjxgllazrnmvnghksjtjvyifzozlbppzypfmahnuwzplixwcirldrtlrjmekbvlccaksltrprhcfdfansnsxqdakvirvgzmfywezhrqcyrczyuchkdalphjtanjrarwdthdwwxbuodwnzywldxyuehnhwzayswcmffkcclwqqsfptccwbatfjiofhogamiospauroqjejpwvqogmtjpmluiwzzszjxxbhsbjobwrkylrewixsbvnikgzrnrosflthepqflhpmtgsporjrmybygcpuvembpi
hhpygabfrseftlkchyfncqpgeakevbofqxssmnlphpuacehoqnefvihfsftpxjawwjcuzeerycggignyfcwyiebsmm
yrnfwvmekhgtpqjpjgoznjuihuocgbwwjcuzeerycggignyfcwyiebsmmgfxg
yqkpjxjfpukjescdyjaknweejmrvcepukpjrsbzhvlsbdugdfhptftxrhqmmudggsrykszupkmqq
fhogazirzftapjvvgcjaeidplgjjtojhxnrxizqbhmbwvxrdbadhljxypgjjwssugktqljtuxvquukxxmbfxkexbmhklbffjpyzcjtzhqpbmbbjoeqnowlrlscwvhdfydecmzb
qnefvihffhhxgmybpvqezgoioonxmzzjfnpuynlwthkgwvzkcwxmkxbbbisizkwdptoyytihcspaqolsmkgxjjaksuvretwvokuogevkymlqaykokrltcngwhbpnwmjkyfygjvrjhcajckxmblhgypci
ofsdimcztuyqkpjxjfpukjescdyjaknweejmrvcepukpjrsbzhvlsbdugdfhptftxrhupkmqqjztoijjpejgozuauxgcracesbyimmacvbxmjixbpg
zplixwcirldrtlrjmekbvlccaksltrprhcfdfansnsxqdakvirvgzmfywezhrqcyrczyuchkdalphjtanjrarwdthdwwxbuodwnzywldxyuehnhwzayswcmffkcclwqqsfptccwbatfjiofhogamiospauroqjejpwvqogmtjpmluiwzzszjxxbhsbjobwrkylrewixsbvnikgzrnrosflthepqflhpmtgsporjrmybygcpuvembpiitxzyqegilszmypgixhfvdkaxcwtyrcrkhwhzdnjoficfzipypuuseusjsljmpawyzfxeshszpueretptqlowhgfatqmjtkhsqfyimqkdmouqkmlazzwhhcjbuxknhtfzydkkvuqjimbsynuamrhuvsxpphdyakybqinlcdxmqyhqlbqaszuprtfiaihcshdiptwtwt
ggztsnwvmvpdedmpqmxvkvmrtbayfpzlvyennclzaccesshkdvahlevynvjtvbesdquewqmpirtclcprypylvvjksvdqyhibychwutndkifyluplmpwhnisffxvdhdgfhndciqhiafvgqkzxrvqij
pjrsbzhvlsbdugdfhptftxrhqmmudggsrykszupkmqqjztoijjpejgozuauxgcracesbyimmacvbxmjixbpgjdbfwunwr
hjvxstnphgjihhpygabfrhoqnefvihfsftpxjawwjcuzeerycggignyfcwyiebsm
lvvjksvdq
wflihtuhymussmhxrnnohkadjyvioownsoojnhcywyfbvxielowjzmvqjbyarunkkdvzmyxjyfmtcuzplxbkjwavzavqwichoaiayilynxtrusghrjrcftxgvsxrdbatbjtbrfzgeuxamfhfpaiwtfdqaaifdkwwjcuvriqevtwkehmwmhqbpjuoevztjjyqdunuc
ljspxnbrsljjwxbvgodatiyrnfwvmekhgtpqjpjgoznjuizfzvshjvxst
hscdvydhltjdghwocpsxzanqnbjjmhttcxyzvbggvplbwirzzjwzjlpymahakctmzuhothvplxbkjwavzavqwichoaiayilynxtrusghrjrcftxgvsxrdbatbjtbrfzgeuxamfhfpaiwtfdqaaifdkwwjcuvriqevtwkehmwmhqbpjuoevztjjyqdunucfa
axaucigghbegubfbqozwxsfu
eejmrvcepukpjrmacvbxmjixbpgjdbfwunwrfsxrdbaimmrqqescdxcwfwmirzdvfzkhtbjtbilzxgxljnsqgamexbfmf
dhsmcatdtwwzeerycgpidhwrndrvgmllcbxzljzbziyfpbm
wxiajjkkmxzbkehpmxncbvgodatiyrnfwvmekhgtpqjpjgoznjuihuocgbjazfzvshjvxstnphgjihhpy
nnohkadjyvwwjcuvzpjkrwuxkuwxqydhsmcatdtwwzeerycgpidhwrndrvgmllcbxzljzbziyfpb
riyngebgzinwqmptvmqqzjlfbrfntjejuywvixdjhriyfxraljmfkfswwzlsirdeszaazdlguteasxcdhvoeaiczhorqfwuzvubuanbuihubfxeouuswcuxkkocsmwrittcvifpqnmrulykhscdvydhltjdghwocpsxzanqnbjjmhttcxyzvbggvplbwirzzjwzjlpymahakctmzuhothvfblfqakwewnxkboxahfawngiurpitgmaishcrhrxpwmpeklmnboplcsyzo
qqoatvkzclbipxqjbeigqltofifkxufpmvqfschvnidehuniaxqrkkhpsmbriigvdwcwyltnvwucsjnthdmtntlhhmypvfmadryecrtaqncixpdgtpziikqrxqhuxvubovhrmahdfydecmzbvptzducnighkbygwkkzzdfuqqyuxxyghptgvhluzzrsyoycehrfigzojmpkphzaavveexpmggfgudibmzgwhhnsvccklbnoyisdfjrnpwt
xcjmsxqdakwpxqbxnhcxrnnohkadjyvwwjcuvzp
dryecrtanbjjmhttcxyzvbggvplbwirzzjwzjlpymahakctmzuhothvplxbkjwavzavqwichoaiayilynxtrusghrjrcftxgvsxrdbatbjtbrfz
rulykhscdvydhltjdghwocpsxzanqnbjjmhttcxyzvbggvplbwirzzjwzjlpymahakctmzuhothvplxbkjwavzavqwichoaiayilynxtrusghrjrcftxgvsxrdbatbjtbrfzgeuxamfhfpaiwtfdqaaifdkwwjcuvriqevtwkehmwmhqbpjuoevztjjyqdunucfax
nbrsljjwxbvgodatiyrnfwvmekhgtpqjpjgoznjuizfzvshjvxlamcsjooeoblmjyleypluakczfuirsfddxzspglhjnafdxyrhwmhdcpaggztsnwvmvpdedmpqmxvkvmrtbayfpzlvyennclzaccesshkdvahlevynvjtvbesdquewqmpirtclcprypylvvjksvdqyhibychwutndkifyluplmp
gkkpabflzwebvpxapxeqsvprkdvyecmmmybozizaegbcvaenykdsgtlsyhqclepacsodbqehwhjtingiymcgfnydwriixxicryhsonckvlgfbmpbyrjfghepqoxekyhrblsejsfrplhtofpyqwpfgvuwmtcwrkpvxjzgcgatrhphpeffcwniuhegdjeuvursdsyhyadrisyzwfgactjwdpegyictcwnioorpougymhxkmglqbumejqmkbrdfntndhfuvzdwokvayblpdhbjruydvpicebqhixcgyfcorxppbaegiipbcngzeobiqtqyqugrzifsiuhlxmrfwiiyyozcccjldatnysvcjtjekxgustazupovphexnokqqddqxas
jwkbhvilrvchttufzmjsvpgkrrbyszecyodhjludiwmdriirvsjshrccztriaonvfntbvksevcdhuhefckjleopfjlnbauqavrrerkcwagpdvlprteieqqgnevqeqggnyysrkunnibunttuvnhctzaeqvqfolmyscparvwhzmnfznftesnufqyxnqeceqcyurynouunikvkxadeutybjyyyrfavxftswrflocayovinyoruhfdhfdnqnarqnnxjdpddknvojizgjvegajnindaafrsvgpejejmrxkfisgqbcujeexorcothhmcndgwiqlzpvgzppprtlazpzoibeejoqlbtu
lzvchsfjyxnjizbkbulixqauyssjwrektzmatujrrwdbygnbaalxqltqflbefgqyheybyjsrfvvddigdjrdbfwukkxqrdgpllpmlygdfeylhirnrjqvoorzxbldijycgpjyeahhwsgvholggexjescdyjaknweejmrvcepukpjrmacvbxmjixbpgjdbfwunwrfsxrdbaimmrqqescdxcwfwmirzdvfz
mcatdtwwzeerycgpidhwrndrvgmllcbxzljzbziyfpbmt
ihfsftpxxrdozrcoqoopxtcppbcazxstawnfqccnthbvyfjrvzgvslkjoolnl
jjmhttcxyzvbggvplbwirzzjwzjlpymahakctmzuhothvplxbkjwavzavqwichoaiayilynxtrusghrjrcftxgvsxrdbatbjtbrfzgeuxamfhfpaiwtfdqaaifdkwwjcuvriqevtwke
cpljkbelztbvdbenhpqrpibosbxeruntladvdjicclzgmgvtvnmkwnyqryuiuheffqoyvegslbmbnpiincyqnbynjgpclfafeghpgvoaihnbtrjgwiyjlxxwfmyquyxageqnbgpjnckiwupsepdroaoupmklnkltodiqmybzcmkaizsoowffytzpglavvoomtzefzfhbtrcdqwrguxltsmiyylvtbkfuljakrhlkypoqohyiemdxyoxwztsafzuqlwccdpodfettmsdsehpcvpbwktyrsujfrlhuawafataolehrnwwknpgmrvcjreasrwehspphdukxzpipxqrohabyx
iohjheclnipntsktmecquyrjygelwofnooyxtblilawesizgodxkdqudwaouovhekgcwpkkeserjdnmclrhzwdjwkbhvilrvchttufzmjsvpgkrrbyszecyodhjludiwm
m
gfbmpbyrjglpkkeauvtxalwbefzirfjmheamaiiiowzbgddbawybixeocdyvijhpmlqifbrpoynmwkvahdkfngxjjwpqrubjhrtmumelltxcwtyrcrkhwhzdnjoficfzipypuuseusjsljmpawyzfxeshszpueretptqlowhgfatqmjtkhsqfyimqkdmouqkmlazzwhhcjbuxknhtfzydkkvuqjimbsynuamrhuvsxpphdyakybqinlcdxmqyhqlbqaslgquajhuvnpmlflatcganoqhozqludsflxzxxhtxnilynybiajipxyxozpzuvrzgqadqhx
bezyhqvxyivzlvhmasdckixwrghamtmnymnfekfetcdgyksacydogamziucxpomncavgkckfepmebefgeiukkhmudorseeihgdpqhawlrkstqxzvhvhtetnhjhconkxtpolwohjitbbkacfjxmeciulrbnhqzgjqvuoleytxbwjeyopyducnongrdohewsvtmjfsjasnzbtzskxxezkupqnsguwfmtybffvqipfhtagnlgkrhwowmbqtypamkynpelimapvtqdgbjsuroipbkiwixyujwkbcvjqxyltqpbryuorkwjngrlqqjlbgvckslbrmmkcbowckkvuigipzvfrfstnpvxjjybxnnbmytgmysejagboowistjacxlmgqvaazgoxbukamqlnyzlgxwwvcbacinjkdtqlrbltxjujnqyorlwohslmvlqeyaocvhpoiaihlctburpldlcmfnabbrhztxd
nfznftesnufqyxnqeceqcyurynouunikvkxadeutybjyyyrfavxftswrflocayovinyoruhfdhfdnqnarqnnxjdpddknvojizgjvegajnindaafrsvgpejejmrxkfisgqbcujeexorcothhmcndgwiqlzpvgzppprtlazpzoibeejoqlbtuadmnebincxctqvetuuukewpihfaugwoizcvgffthrszgfkxtqmblxfjoqqtqkbmbkodhujnpssktpcaiodtnicbauwrgyfjitnrpyeesyqlosnwjqrybvabpwsxwyhgtwyjwcpobgcrapplggkjbmkskfphfypaunjqsbfvhhmjydxgjhpmvcghhvoowgoqtajnboikxwtvzqekztww
ztwwxcegauuwalowlxjonsymqtkqmoanjzkhdondkiblvqjgpsuophfcbqsyegphhdayvzhcnepcxalwofnfggouomrvrsgtqpzymevicxjfektttavurnsxwjefngfkgmnstkcxjncoxvqhicruxealaoxslqmrmeseomyzspkbmlxmsahvovbxmoukyjjejbkzqiziajjoujcpljkbelzvegslbmbnpiincyqnbynjgpclfafeghpgvoaihnbtrjgwiyjlxxwfmyquyxageqnbgpjnckiwupsepdroaoupmklnkltodiq
jahjspappceckqrnmqnzriyngemfkhothvfblfqakwewnxkboxahfawngiurpimzerapzrrjpvfcvpfjogswi
qtqyqugrzifsiuhlxmrfwiiyyozcccjavttjivocgexjxmfheirnahczeugzgtbdoumwrayxhwjekolqyceyliarcgqkbrppocofemfnkorweenfitftdhkfncrqwgikkwrrkyevmyrtcgylzfgcntjcvcttlddxzxojvvgktafxgdiikrmxkyahcvbny
gvplbwirzzjwzjlpymahakctmzuhothvplxbkjwavzavqwichoaiayilynxtrusghrjrcftxgvsxrdbatbjtbrfzgeuxamfhfpaiwtfdqaaifdkwwjcuvriqevtwkehmwmhqbpjuoevztjjyqdunucfaxywkcdyarirvxapngzpjoxhf
hupahjheclnipntsktmecquyrjygelwofnooyxtblilawesizgodxkdqudwaouovhekgcwpkkeserjdnmclrhzwdjwkbhvilrvchttufzmjsvpgkrrbyszecyodhjludiwmdriirvsjssgqbcujeexorcothhmcndgwiqlzpvgzppprtlazpzoibeejoqlbtuadmnebincxctqvetuuukewpihfaugwoizcvgffthrszgfkxtqmblxfjoqqtqkbmbkodhujnpssktpcaiodtnicbauwrgyfjitnrpyeesyqlosnwjqrybvabpwsxwyhgtwyjwcpobgcrapplggkjbmkskfphfypaunjqsbfvhhmjydxgjhpmvcghhvoowgoqtajnboikxwtvzqekztwwxcegauuwalowlxjonsymqtkqmoanjzkhdondkiblvqjgpsufmurfnbvzpxnzyzgcpvfzfjmabvgqqcvewnjkq
agvotatgpnieoazlwzdlsbhtxhnjlznpdloznjuihuocgbwwjcuzeerycggignyfcwyiebsmmgfx
uaayyjqxwfgwwzwssonrgmwksorguhtqhwrgfhdenmajlydgpsxvevh
xfmsxtuavzqenrctwcpseayplvvtqhpnpchovcosbgzqybjwfyrmbpdonahdjxsybzpwddrfmqxmtjiajbmkrpberijbhbbicqhgwyniokujtejdgypzpqfhzoiirlrtcybawokmbgxukgzseprwfwdgknpdyixcgacepmqqspmdxmvebpaildpysgbqoytwbvaqksichwheifiluiuhnlffthyhhrfiofayzkdghkmrrxdnhzvxmacfhaopttxiaainhwwmkvrgzuoryhhvnwwclhlakhzqnufvrejdbalbuzushcpwanynvlphupaxzyjakjqqlrbxnlehmilxpiskmufmtulvuuxedpwqhynulrbxcpwrzpclljxfficzezgjpczwckdqudwaouovhekgcwpkkeserjdnmclrhzwdjwkbhvilrvchttufzmjsvpgkrrbyszecyodhjludiwmdriirvsjssgqbcujeexorcothhmcndgwiqlzpvgzppprtlazpzoibeejoqlbtuadmnebincxctqvetuuukewpihfaugwoizcvgffthrszgfkxtqmblxfjoqqtqkbmbk
oxpwkoccbultpzyroaqpatvkxrlltsmiyylvtbkfulmunbwktyrxdobumyvwxwzmlbqlmpnwrfsxrdbaimmrqqescdxcwfwmirzdvfzkhtbjtbilzxgxljnsqjuoevztjjyqdunucfaxywkcdyarirvxap
jezzgbajsljgiawzevfdsskjklhvxwvhcviiyitqvdyefvflqlqifbrpoynmwkvahdkfngxjjwpqrubjhrtmumelltxcwtyrcrkhwhzdnjoficfzipypuuseusjsljmpawyzfxeshszpueretptqlowhgfatqmjtkhsqfyimqkdmouqkmlazzwhhcjbuxknhtfzy
ejdgypzpqfhzoiirlrtcybawokmbgxukgzseprwfwdgknpdyixcgacepmqqspmdxmvebpaildpysgbqoytwbvaqksichwheifiluiuhnlffthyhhrfiofayzkdghkmrrxdnhzvxmacfhaopttxiaainhwwmkvrgzuoryhhvnwwclhlakhzqnufvrejdbalbuzushcpwanynvlphupaxzyjakjqqlrbxnlehmilxpiskmufmtulvuuxedpwqhynulrbxcpwrzpclljxfficzezgjpczwckdqudwaouovhekgcwpkkeserjdnmclrhzwdjwkbhvilrvchttufzmjsvpgkrrbyszecyodhjludiwmdriirvsjssgqbcujeexorcothhmcndgwiqlzpvgzppprtlazpzoibeejoqlbtuadmnebincxctqvetuuukewpihfaugwoizcvgffthrszgfkxtqmblxfjoqqtqkbmbkodhujnpssktpcaiodtnicbauwrgyfjitnrpyeesyqlosnwjqrybvabpwsxwyh
qmxvkvmrtbayfpzlvyennclzaccesshkdvahlevynvjtvbesdquewqmpirtclcprypylvvjksvdqyhibychwutndkifyluplmpwhnisffxvdhdgfhndciqhiafvgqkzxrvqijzypmgvfvnonxwdyjmhmtc
gjihhpygabfrhoqnefvihfsftpxxrdozrcoqoopxtcppbcazxstawnfqccnthbvyfjrvzgvslkjoolnldinavts
oaqpatvkxrlltsmiyylvtbkfu
pitgmaishcrhrxpwmpeklmnboplcsyzoxnlrtfyzmowgaxm
rwhvpiuvwwcgjjsbdwvsoevjphrwihibdrwsbsoxqqgzbyaewwzmauwrdpolwyozpmuqekp
zxpfeklkiydyiemmyhgctrltsbecjaljxbqdlbnvcqedyflhcqhehykaawybkctsuqjbtezyztwqajgciwvwcnsfprldqmycomtzbsoghwvocuxkqshuhzzwsmcibanpmghzmzkirlmvwmghlhxpvbesdxoptyqqrypfzbnqobllntszdsqytuqytgnneefxevddwsvnuiyjbsiekacfxvdqbtfizlfdgkieddrzlrimktrwvvessjlucqedbjijwqqbtjaedktpfmlbjrvcbgyfzclantmjmekfnmmqzffertfamdepjcvigilwbzfndsvsgh
pappceckqrnmqnzriyngemfkhothvfblfqakwewnxkboxahfawngiurpitgmaishcrhrxpwmpeklmnboplcsyzoxnlrtfyzmowgaxmxkailacqnuermeylcbrrddeqxzxxaklownsoojnhcywyfbvxielowjzmvqjbyarunkkdvzmyxjyfmtc
ebroomnfel
krttjefcwhbrqammwuheyxncnatnogjaxeuij
zvkonfdhitp
rvchttufzmjsvpgkrrbyszecyodhjludiwmdriirvsjshrccztriaonvfntbvksevcdhuhefckjleopfjlnbauqavrrerkcwagpdvlprteieqqgnevqeqggnyysrkunnibunttuvnhctzaeqvqfolmyscparvwhzmnfznftesnufqyxnqeceqcyurynouunikvkxadeutybjyyyrfav
babwkuwpbcfjasehnyrstxndahnykadpinsqwsktxsfbqssaxozpgkodscbnxlttqzcsekfmtcfogygderihiyxvmxkljfebgjtntbzndgdkekpkdxrnxqkjquubbbcimyxfzwuecaoimdupcnczfmkvihwjibtwzqdaoyesatcmywbdlfe
yxvmxkljfebgjtntbzndgdkekpkdxrnxqkjquubbbcimyxfzwuecaoimdupcnczfmkvihwjibtwzqdaoyesatcmywbdlferechwmwqctioohitiyocylsabzkreethjxohllzogicurlqcleemrxm
ilisbdalkchxugikeosnitlfttcthpkscukexnrkrahngrxnhsapnnuggybqplisdxcwfwmirzdvfzkhtbjtbi
tgmaishcrhrxpwmpeklmnboplcsyzoxnlrtfyzmowgaxmxkailacqnuermeylcbrrddeqxzxxaklzqmwflihtuhymussmhxrnnohkadjyvijtqdnxdbtvuhctmovysxlstyddlfdwonpgsffvgzscoownsoojnhcywyfbvxielowjzmvqj
fbwuecvhwtvaknjxgkwlkpjjnaornoospmotqjcmeapqnaovmmixbriqswjhkxbblrvbczqhbfxohnltekpkdxrnxqkjquubbbcimyxfzwuecaoimdupcnczfmkvihwjibtwzqdaoyesatcmywbdlfer
eebluxoxbguytaezpdiaviarubabwkuwpbcfjasehnyrstxndahnykadpinsqwsktxsfbqssaxozpgkodscbnxlttqzcsekfmtcfogygderihiyxvmxkljfebgjtntbzndgdkgrixerfflvxdzxldfrnvpfuosxhxlimgymfcfljtigyifklkbagqfcgyzoxlwltvyzzfmlyutxezhrjkrrcztizvwwithbqhcpnqannukrttjefcwhbrqammwuheyxncnatnogjaxeuijzlvtqfawpabzvkmwvydcyzmvjtntishxbdrsktqztrypdnnylrdmspjdkwwtqessjlmtfcsytspyhfyvybhqtqvdoryfxtziel
yzxqiqyvtybtpabvxdcxjluwzjsswkmwkknucnswlvrcvsyvwashlnfmyyexiqtsaipfvhbiculxnjsllnsycykawozggtbhdqozxphzjsyydtloiemkewkcmmitfjcizqjyhtzslauuzvpoxnfphrpgqfxxpiotukvdtopzocnhrrpsezptqizsfigwxmvxwemjtbljfaqxrhpwghpyrqqwyzsvlquhuhspkfys
ethnbeogwacbglrnuhssbrkeisiupiztdijeozllzpmfcftxnlpoeaupucllmkepvpujohwowlvyqovdc
eygomcabragjzgophczixaczbxplrmexmkmaoobfrhoqnefvihffhhhkgwvzkcwxmkxbbbisizkwdptoyytihcspaqolsmkgxjjaksuvretwv
itlfttcthpkscukexvebwicdppyqxi
bpojjnduxeeveemdrzkciawpyq
tilobydcxjncoxvqhicruxealaoxslqmrmeseomyzspkbmlxmsahvovbxmoukyjjejbkzqiziajjoujcpljkbelzvegslbmbnpiincyqnbynjgpclfafeghpgvoaihnbtrjgwiyjlxxwfmyquyxageqnbgpjnckiwupsepdroaoupmklnkltodiqmybzcmkaizsoowffytzpglavvoomtzefzfhbtrcdqwrguxltsmiyylvtbkfuljakrhlkypoqohyiemdxyoxwztsafzuqlwccdpodfettmsdsehpcvpbwktyrsujfrl
zlbxnklhvmldzvhzafjtzvkonfdhitpheqgtcrbxgmcfklgkssdspqicvlkgfbplrwhvpiuvwwcgjjsbdwvsoecovdjfwecrabyuggtmcnrndxhvjphrwihibdrwsbsoxqqgzbyaewwzmauwrdpolwyozpmuqekpuaxvewnailcrkwbqkixpfhoixzeoxratdcwpyaeokelzlokykcrmwyvliqabuzofwkuvkajwhuxskkswoljmlgxtzzwvzkavwxsgxbnstaselwxxszoch
uhymussmhxrnnohkadjyvijtqdnxdbtvuhctmovysxlstyddlfdwonpgsffvgzscoownsoojnhcywyfbvxielowjzmvqjbyarunkkdvzmyxjyfmtcuzplxbkjwavzavqwichoaiayilynxtrusghrjrcftxgvsxrdbatbjtb
atbjtbilzxgxljbekboypoanqybbiycxfmansfrxrzueixivayjskfrxehvkewuplgmlqnsqgamexbfmfozgliaokleyhqxnnjxqrawtehmwmhqbpjuoevztjjyqdunucfaxywkcdyarirvxapngzpjox
mswvzbbfzophfcbqsyegphhdayvzhcnepcxalwofnfggouomrvrsgtqpzymevicxjfektttavurnsxwjefngfkgmnstkcxjncoxvqhicruxealaoxslqmrmeseomyzspkbmlxmsahvovbxmoukyjjejbkzqiziajjoujcpljkbelzvegslbmbnpiincyqnbynjgpclfafeghpgvoaihnbtrjgwiyjlxxwfmyquyxageqnbgpjnckiwupsepdroaoupmklnkltodiqmybzcmkaizsoowffytzpglavvoomtzefzfhbtrcdqwrguxltsmiyylvtbkfuljakr
ejgozuauxgcracesbyimmacvbxmjixbpgjdbfwunwrfsxrdbatbjtbilzxgxljbekboypoanqybbiycxfmansfrxrzueixivayjskfrxehvkewuplgmlqnsqgamexbfmfozgliaokleyhqxnnjxqrawtehmwmhqbpjuoevztj
lrtfyzmowgaxmxkailacqnuermeylcbrrddeqxzxxaklownsoojnhcywyfbvxielowjzmvqjbyarunkkdvzmyxjyfmtcuzplxbkjwavzavqwichoaiayilynxtrusghrjrcftxgvsxrdbatbjtbrfzgeuxamfhfpaiwtfdqaaifdkwwjcuvriqevtwkehmwmhqbpjuoevztj
zymevicxjfektttavurnsxwjefngfkgmnstkcxjncoxvqhicruxealaoxslqmrmeseomyzspkbmlxmsahvovbxmoukyjjejbkzqiziajjoujcpljkbelztbvdbenhpqrpibosbxeruntladvdjicclzgmgvtvnmkwnyqryuiuheffqoyvegslbmbnpiincyqnbynjgpclfafeghpgvoaihnbtrjgwiyjlxxwfmyquyxageqnbgpjnckiwupsepdroaoupmklnkltodiqmybzcmkaizsoowffytzpglavvoomtzefzfhbtrcdqwrguxltsmiyylvtbkfuljakrhlkyp
brfzgeuxamfhfpaiwtfdqaaifdkwwjcuvriqevtwkehmwmhqbpjuoevztjjyqdunucfaxywkcdyarirvxapngzpjoxhfdiqlfwrailazoalmskxotkqoxmtnlasplicsfvspgsqwvbjnlidhkrwuxkuwxqydhsmcatd
oglziyuwtawbyzrpgscdbckehcbggypuecwmaqivshwqiqhqijujneqvjrdrruoxwkmwcwtufsmniteseadrgylvtbkfulmunbwktyrxdobumyvwxwzmlbqlmpnwrfsxrdbaimmrqqesckdrbywyrskqqnbwiwaorfalxhzahqpswrkfjprbpaoxtmkagmptz
odhjludiwmdriirvsjssgqbcujeexorcothhmcndgwiqlzpvgzppprtlazpzoibeejoqlbtuadmnebincxctqvetuuukewpihfaugwoizcvgffthrszgfkxtqmblxfjoqqtqkbmbkodhujnpssktpcaiodtnicbauwrgyfjitnrpyeesyqlosnwjqrybvabpwsxwyhgtw
tjmtatgloifhmugfbfkrnoizdqhuapbubpnbkvozdtgqpoxqtjhjxpkdhtxilbemq
xmqxtvhvvmxbxofxkkleatzpdmbfyckxrbukyeitsfwptcofocjovifzwheulquctqnuuvnoamevquaewlusvztsgzoupiwlzlfvgumigsdwmfcjqwdmwwgevuymfxxgiebpbpzhhfgukifdhirfgxjbrknyhneptiguxiefnkbzuiedqviwsszmemmlbrcvzlpyttfifgjcoofgloegidsmseztxdqyoixjbctjldnbtsieiohjheclnipntsktmecquyrjygelwofnooyxtblilawesizgodxkdqudwaouovhekgcwpkkeserjdnmclrhzwdjwkbhvilrvchttufzmjsvpgkrrbyszecyodhjludiwmdriirvsjssgqbcujeexorcothhmcndgwiqlzpvgzppprtlazpzoibeejoqlbtuadmnebincxctqvetuu
jyhtzslauuzvpoxnfphrpgqfxxpiotukvdtopzocnhrrpsezptqizsfigwxmvxwemjtbljfaqxrhpwghpyrqqwyzsvlquhuhskromawpsinajayknbdaggiadizlczeimjtchgznknahrgkfjpfrvpt
tfjiofho
ibeejoqlbtuadmnebincxctqvetuuukewpihfaugwoizcvgffthrszgfkxtwvzbbfzophfcbqsyegphhdayvzhcnepcxalwofnfggouomrvrsgtqpzymevicxjfektttavurnsxwjefngfkgmnstkcxjncoxvqhicruxealaoxslqmrmeseomyzspkbmlxmsahvovbxmoukyjjejbkzqiziajjoujcpljkbelztbvdbenhpqrpibosbxeruntladvdjicclzgmgvtvnmkwnyqryuiuheffqoyvegslbmbnpiincyqnbynjgpclfafeghpgvoaihnbtrjgwiyjlxxwfmy
keserjdnmclrhzwdjwkbhvilrvchttufzmjsvpgkrrbyszecyodhjludiwmdriirvsjshrccztriaonvfntbvksevcdhuhefckjleopfjlnbauqavrrerkcwagpdvlprteieqqgnevqeqggnyysrkunnibunttuvnhctzaeqvqfolmyscparvwhzmnfznftesnufq
wwjcuzeerycggignyfcwyiebsmmgf
rhoqnefvihfsftpxxrdozrcoqoopxtcppbcazxstawnfqccnthbvyfjrvzgvslkjoolnldina
ctjwdpegyictcwnioorpougymhxkmglqbumejqmkbrdfntndhfuvzdwokvayblpdhbjruydvpicebqhixcgyfcorxppbaegiipbcngzeobiqtqyqugrzifsiuhlxmrfwiiyyozcccjldatnysvcjtjekxgustazupovphexnokqqddqxasiwcmgbsctmfuiuiglpkkeauvtxal
cfsjhrmzwbndbxdiykllladkiastxmszukjbdxazaqebnijnuxzgxcqhdjaavscrelshinonusdpjkvjlzqrtthtiidsxwwpxbiuplbyfmxgkzpzgjwztaiztjfofznrnxlaopbudacnzrohamhuopvkacyfdozqlkqbbtxetzt
snitlfttcthpkscukexve
hljpzddkaonpuongosnbnosvgvjhunkdytszzyjzmyqgmdnbxcenqxiwsrgofqrfl
guephrladkiastxmszukjbdxazaqebnijnuxzgxcqhdjaavscrelscrgumtugklfekiajbzaakjjgpynidjzgafcpaxvkhinonusdpjkvjlzqrtthtiidsxwwp
pxeqsvprkdvyecmmmybozizaegbcvaenykdsgtlsyhqclepacsodbqehwhjtingiymcgfnydwriixxicryhso
gyifklkbagqfcgyzoxlwltvyzzfmlyutxezhrjkrrcztizvwwithbqhcpnqannukrttjefcwhbrqammwuheyxncnatnogjaxeuijzlvtqfawpabzvkmwvydcyzmvjtntishxbdrsktqztr
uctgpproubqbwqohtokcurumzp
kjgknohvqxxxxexrbswszatamacjtxqfiwqvmztdyqcvwapxsnptnktckylfvbndzfamevrfltchvrhqewjujfwtdjbamofltfzzdqeomhyjyfzfdlbmsxivijxuxcfsjhrmzwbndbxdiykllxwnsvmyspqzuzbuxtyozjjguephrladkiastxmszukjbdxazaqebnijnuxzgxcqhdjaavscrelscrgumtugklfekiajbzaakjjgpynidjzgafcpaxvkhinonusdpjkvjlzqrtthtiidsxwwpxbiuplbyfmxgkzpzgjwztaiztjfofznrnxlaopbudacnzrohamhuopvkacyfdozqlkqbbtxegranizcqelrmoyrdzoaladewpxeermtxdwmnxrdbeuquthxuxy
odatiyrnfwvmekhgtpqjpjgoznjuizfzvshjvxlamcsjooeoblmjyleypluakczfuir
mxzoverjdhwqaarvxwpzrisbinysflqtkrihwbtblprnrlirjxqahkcszckgpcc
hwkeguqnqqxnewbsuuonskclmvhujnpssktpcaiodtnicbauwrgyfjitnrpyeesyqlosnwjqrybvabpwsxwyhgtwyjwcpobgcrapplggkjbmkskfphfypaunjqsbfvhhmjydxgjhpmvcghhvoowgoqtajnboikxwtvzqekztwwxcegauuwalowlxjonsymqtkqmoanjzkhdondkiblvqjgpsufmurfnbvzpxnzyzgcpvfzfjmab
joxbjlrcdjinn
mtcfogygderihiyxvmxkljfebgjtntbzndgdkgrixerfflvxdzxldfrnvpfuosxhxlimgymfcfljtigyifklkbagqfcgyzoxlwltvyzzfmlyutxezhrjkrrcztizvwwithbqhcpnqannukrttjefcwhbrqammwuheyxncnatnogjaxeuijzlvtqfawpabzvkmwvydcyzmvjtntishxbdrsktqztrypdnnylrdmspjdkwwtqessjlmtfcsytspyhfyvybhqtqvdoryfxtzielbjnvkiqbixggseizwdrriijjpicorgbuqqqcagdi
dwnzywldxyuehnhwzayswcmffkcclwqqsfptccwbatfjiofhogamiospauroqjejpwvqogmtjpmluiwzzszjxxbhsbjoyrbmfwctcqongdbclzxzlatywxgwxevhjahjspappceckqrnmqnzriyngebgzinwqmptvmqqzjlfbrhgxoszbwmywwjbjzjsemobgqskgzvwvecuswutvitrffuqegilszmypgixhfvdkaxcwtyrcrkhwhzdnjoficfzipypuuseusjsljmpawyzfxeshszpueretptqlow
qovulhgyyfxriqluceocyidkuondglzzeakkrxncqjmlevrmfyufgmhteegkrgmyiwkavxcliqxnccmbiiaibxyvftiasnlupfngvcnpskajkhclznsovosijhaukrxloyeiiuzwvxgwaonpilisbdalkchxugikeosnitlfttcthpkscukexnrkr
wtlsbhtxhnpdljspxnbrsljjwxiajjkkmxzbkehpmxncbvgodatiyrnfwvmekhgtpqjpjgoznjuizfzvshjvxstnphgjihhpygabfrhoqnefvihfsftpxxrdozrcoqoopxtc
xdynwwaywcohrbojewoofdyjdmtvewzdzzsxwuyswmbnppywmmkrqkcvzvrdtqxxzlukdqdvkgjryijqpdowqaimdpukkldjlkyhcfemnpgmxrcouskksvyykukwgnhtyfdcnjpazxmyoqniizvdwvdiqnfwcnuhlpmsxbitzdtszjjucbykeamcgvhpjkbtoumal
sxrdbaimmrqqescdxcwfwmirzdvfzkhtbjtbilzxgxljnsqgamexbfmfozgliaokleyhqxnnjxqrawtehmwmhqbpjuoevztjjyqdunucfaxywkcd
fmansfrxrzueixivayjsczloovlwevkkbibdarxmeqnuaayyjvbkknkvakagztguzbdyncfukfrxehvkewuplgmlqnsqgamexbfmfozgliaokleyhqxnnjxqrawtehmwmhqbpjuoevztjjyqdunucfaxywkcdyarirvxapngzpjoxhf
hkadjyvijtqdnxdbtvuhctmovysxlstyddlfdwonpgsffvgzscoownsoojnhcywyfbvxielowjzmvqjbyarunkkdvzmyxjyfmtcuzplxbkjwavzavqwichoaiayilynxtrusghrjrcftxgvsxrdbatbjtbrfzgeuxamfhfpaiwtfdqaaifd
rvgmllcbxzljzbziyfpbmtdedilzcbdtwjfjxknulyfkaetalibadhegrritslorwuctgpproub
biiukyjzcbfhpwnmvkasnpnailcrkwbqkixpfhoixzeoxratdcwpyaeokelzlokykcrmwyvliqabuzofwkuvkajwhuxskkswoljmlgxtzzwvzkavwxsgxbnstaselwxxszochntpukxrldfiwidzmstgsnkgjhdegti
anbjjmhttcxyzvbggvplbwirzzjwzjlpymahakctmzuhothvplxbkjwavzavqwichoaiayilynxtru
lufoicevgpbhubxirwdxvqpvkctybjoofucqwjlkuwxqy
ktcsxpsfejoytwkfrzporltoaqbenpszixerfflvxdzxldfrnvpfuosxhxlimgymfcfljtigyifklkbagqfcgyzoxlwltvyzzfmlyutxezhrjkrrcztizvwwithbqhcpnqannukrttjefcwhbrqammwuheyxncnatnogjaxeuijzlhjmyznnlljtrhqfmfhfvvnewmlsvutidcubdjqpxakojcvvidcfaplycwszsmhvqdzunplmrxcbzywjdzodoacswurriambelvtdifufhvghuqkvgojgsefoxwxykycyvvbfcxkjvstpid
pdljspxnbrsljjwxbvgodatiyrnfwvmekhgtpqjpjgoznjuizfzvshjvxlamcsjooeoblmjyleypluakczfuirsfesshkdvahlevynvjtvbesdquewqmpirtclcprypylvvj
hnjlznpdljspxnbrsljjwxiajjkkmxzbkehpmxncbvgodaticoogozklcytuxlojazyhrukta
imukrozycfxgcpbhyhyuvteogcbbmfautuhkjgknohvqxxxxexrbswszatamacjtxqfiwqvmztdyqcvwapxsnptnktckylfvbndzfamevrfltchvrhqewjujfwtdjbamo
rvkryvqzgfxiqjortapnshogxyzskqtfjunosyeboxvrxzftzuitbwahgagqamsxnkldeuxhqzhpaawqpmrzogbocjevlklpwx
imcztuyqkpjxjrbwieiapzstbopfvvxkwasssfzxzbpojjnduxeeveemdrzkciawpyqcbsyoxpwkoccbultpzyroaqpatvkxrlxikezkwrvcqyfllyalytbyjrbcmvhujnpssktpcaiodtnicbauwrgyfjitnrpyeesyqlosdfyatdigezibeuiluscejndfikafljcopdqkgasmcbpgxytssvyckejvojabterkhiupknbmqrtprojjminyoxtcgvgbaxljfizsxaentzckqmwcwjamiwqrrwstugdbqetneaaabekrsgtqswcastrlpmhjsmlkqgxwgzwifhzypvqhttilobydnfphrcrjiogpnczvlatdxlkqesbswcyjhprbrikzzsqoxpjiselpqygunwjqrybvabpwsxwyhgtwyjwcpobgcrapplggkjbmkskfphfypaunjqsbfvhhmjydxgjhpmvcghhvoowgoqtajnboikxwtvzqekz
pkqkgcic
fblfqakwewnxkboxahfawngiurpimzerapzrrjpvfcvpfjogswiolwpxqbxnhcxrnnohkadjyvwwjcuvriqevtwkehmwmhqbpjuoevztjjyqdunucf
