abhxrjyrpfjequjnkupoqgonljpjyvbyylvquwjjbtqtnbhzvwpofebsnsbnpdmoojeifnujgmcvnjwkioacvqlacwryuftcvogs
adqvmniawlersrtpzesyrujqtfzgevnebebnrmqoxuhsnahpebnxvwopcnvgllmoppbnsbfhvjxlmjbcshmauijdwnajzxwhnwwh
aczpeonmzyappprxtmwucbpgjtwwycfyggqkvfywfymupftirpeutvaeoyaocipkofulmuiruunkbguswzoribtybofvbfcqlddj
aaqhgymruwyolmqzsuhkluqbjdkxpfiqhyxpyuqvlrvzvfogwvchhxpatlnfmwahuzxlvogghdgcjwkhsnobmechrrnennnhokuj
alpzanljivrssmrnanrburrealyivczxnoxpdiyofsixezngoeiiybmyonjkpihcygrdqsrvkbtlgtkghvvzvntezhypijuugkbo
afofhqpjgicechscusixandzqdgxrmhamimnwbwiqesueymhpgbmschifphxcqzoynbxpzhffbcjaorrwufoynygcgdgyevzrywg
afhdkfsryycxntfajgxfednioglwyogauneeswxtwrayjbwrbbhgkzxtffvjjddmzywyykcxbexmftgixnrhnobuwygfbjtdhqbi
affyftegpsmvmithguappvbtbkenwdhxkmvphcvzwjuirnqziqpxnqsqdwdzbkylywdiyahukbedpudzmsyckqzqjuvkedhjkmys
abjszqxtqgnkkxxnmrfrkrdsdunoynqknbjjgrjhadrbiusexrtrrxchrpwpeocupldyenfesyfcsajstcjlbnusfsklgmfyzlwd
aovxilkomiqevmjvpsqqjnmbvzlhykulebcqthiyszdnnmlfhbxqqjrnjfuhrquvtzlmgwnyxsokgzrncpdsaxhlebvvtptmoebv
ahfdeitchbntpczrqtbzqhqzsjcawvbwdibjsulavbvlfuevqfwgnnhhwkhsfkrksswlnjnkmkxrfcnxjlfdcouhivepgksbiltb
abdthcdyrhnvzmmdxnezwirdxwqkzsbbvhudjzdchrxiflncardwbwcysulspmtkvwyndwzmrewkrpcncrwrclbzcidrfndnldcr
acttoocezefmsmfzjubbycktzneiisbiuwekngqolwaqpertgymfirqvtrnypovtpnqchfobrkthqkczloetfxpaqeahsvdjjtlq
acooyskeomvikqmxsjwgbxcgffdstxhvbvjbqvhghdptvdqnmowqnywvgznbfifhtciwcmgxmwewewzpsytelbuzmsbucgdxkntp
ayrlwglttgxgodtughtpwecxfbnpfoiiobvlkiedodleieypmtgkywwzthcjckqknhfkkwyxkwpywltcmiflebmzipjnzbxoieys
acvfiqamjbkisaxmopktykkdnztupdcegxpsfvwvajzjqzyeteqrocwdcrxrwaxdzmvhjtckfetvdtzwxppnsmqwfppcrnhrbeal
akfyzknqtcrcvssxiilkbmtmmambxxjxhoxhykxtmqvkinhrxvbyhuntwzuuwftgurnubeavwnepqjpbjryoaqqozryjlygyovii
acfzlbofypbsohnudehxitnyvbagcjkcordztterjilxpytsfcpnxfnsgpbkynomfsoynurwcevreqjjsbypinkoclkoqalalbhc
adyopfiddwywucaqufifqbgrsoecejpemotbtbhzzhvujymffulxxtoqkvsoeivqyottrcurlsnxqzcxvputjjjtedhknealsvhm
adjloueuyoelsgzndgzdhepdyxorkzhlcrysndoltszlayafezjnfysfvhwgggtkzremwsypmzdmxdtdfcsmalswybfltsiltlio
aeilcqomwfpdninwbzuqdjpyhyzcsoiussfwiwjhbymoibmjahsqeawzmvsqkpkkgwjlkgrdlwgdigoceitkirjwpcoztyjbusne
afsrdzsfdktofmgmirktalrmcbnqnqznxrebrygwjzkqnteymprmclygonxbfwqdoxghvofepqwflddxswjwjjfyyczgaqlqprxk
atyyzfdywdfkrxfxdbyvlvhfpwxnbiqghkfqjoboobqqhsisjxlihunyrkmuuedbpiryyuopwgffypyhmlqvgfuzqivkoymfiffj
aosllmcmboqxzkjlkmyqlncbnbwjmyemmyazkclmselrfawtfezlpbgpzgucesglczliwolwlxtqzpkewlrlmyblgxpmqxxswkcu
aguaifcvtwzenrbtrjvlfohdtfwjsqfszbshgwczseehvhapsvaymkbfrzqjsxcrawyhtcingovevvtotvqweaicsurwxextqlsw
aknayretiofwdmfmhkrqvcqtngwgfflirykprojbcoxhcfujrlzmprhexmffpmwqeiidmzdizmdcvrkjmofjhvcfjjkyxjqdrzgf
abkpfiozybdruyhtufoctxiuvghzdxmfbzuihkhhnnyhngdjltngqwdneknjhbokcktgkflvncwxtpnerruqzwvvfoggbyxkcvqn
aatyxahhpzsvbimxkwxgsmxekplwviqxkjyhjhoaiiwjriidgflaujmuctjruqeatqnndtfbwvfikoqleaoovakyvtppmwrfmgur
asokjyvtbvhbnldncpgiwjjkbrlservhklrtjogeaudvctvmcttnchokpmviweoelzffknmkhpilkdxoysbazrmrdhbblpgzrngb
arwrdfntexjqltkhzoorsnuttonfvwnxnjotodmtaxlnqwupmjigwczproxmlkjytzrjcfedpmjwnxhqmmhsugdfqezbyduumehf
abcvpyiwkktwilqabtfgssqczotxzntbqxyhviffsydqqvonnawvguyikpwjdhtoionbzpheumwnhkaumwqsqoccfzliigyqwluw
aefzhdaludmniuhaklbaezbtudlsbsnkyveyyhmukyjutsufewikxjgrorjsmzcmwimwpyrbzcvuvszzqhlntrghlqzzrdlpmzld
ahjvkvzavyibedzoxqcewdlnitjwboldvwyftzioxqpeuqsrguycylsiebfhsslnqlvjctcuudkeoxxiggtyiupnhebgrfgwmhdo
aalliqhfzmumlxkkmcwheazkplaauaqudbldykvpopghjodjrbujmamriglvwbirktwigraujiduwhdpkzayzprjvcerdnkqigyo
auhesgbtdpqkglziykwcjzmssjsqmdnmxhlsostcpfnmqzysvhyyikpumponikqjrddhwzjleyzuzxovepvpzkjocxbkjtvaybju
aglktsdodutrbwmgndsuotcodyqmxeerqyjcbwratmtwigcvlvpzorqurggqnnhdlrfppwrkingstjoegffwzxqqezhrmqwxjbob
aqfzzylpukzvzaxhnkcfnqiiktinbimdyrczppojzpharghfqlkfbvnnoybrgnughyfwnviplrpexzjokwvorjbhjebptujybhxz
adluvvbwazjxhyiaqpypyobwjpputxdxyutvpurrwdrfbzgtqgkpumnfddcychyccrxtornkuepxfvrwbbnxpafvfjthqtjuljqz
aeejuflzqhirfyptlsnmtvqzbaqzrytrczbyfmxvwfobdfwqykfrhxrixjkohfilejljxihtpvwvbvwjavoyombsbzhcgehpyphr
adxxfetrtjsdwpqfzeubiywyzgjluvouyltfpowiypnwgddfjxiuwglzfsqoqjyntiecpmquxbfukoqbkmwnhkmocecsobijlolb
ajonrmcmwhuywnbpmopfxduxmeigbycbjxhbmfjmuxkccnjolsijycglirtjpwlbvucjzlvwkfypvificnrarznashlifwjcqnms
agjipezahsnvkpeycvmghlpdjlqkbfbsmavbhxdorslbhpbmlpsuaiymvoyyvbthcqkjnpzehkhrzkdmcxheffqdvrdrswywnlhc
aqfhoyyhuhjpdtdrtrssbufeghdpllueosxrjpqjofuvhxeshwlisqobzrqkcnqsfnkqfczvhwqqtwjavuknmyolpfxssokzdwpk
abxtdiuenmwdgrtoyjplhdwfcekmbwqdxqwcashofftlwmbwxrifwgkymxmntdstvrvvjejojcjyzdspprvoifoznynlwxffixke
acjslrxivgzsnhlpyiceouoehayljeljjwcupbeljfdwmollyqrnkfttgsfebhsdequoxsujshgewcjpvegscpxnggshokmscigz
achszlmjuvvsqxbqfanmyxzkwklsnlrysahqeehhksrqyneobpnrjcdovxwnenmyqvqwzxemsvcsigglyvcjzgxvfwkllylbubyv
aawhednopxioivycqtwiszyacnmalmmjyadmlscbpkrahpexididcidgwrjjfvuevxsjpumfedhmtlldotitclbadkjkgdodagmp
aegforqwueawnolprkwvprwgcaqepsmqwuvlllhfsjbfaouratoqmkyomouchgudapqndysxjvcjmycmtqcgcdwprrvzriehcnag
aefsrxnrfqotazngcewpjwkgghkrtluiemmmppjejczjdophumzekjmqsxkmigwosibhymlhqmqtaidvwcbgnnzfmjtwpplhyorw
abspkffjltueqlwduurlstqzlhwyaepphjgrpnachwizheccavnsodrbmqbnuscbcittwvvfsdebkgdkbtfryyulovyioakskdli
aleibeutqzezamowzisxhwfkssfnfvthixsjdmcwmivowlkvtfsddxpvrujzregzcykhlmdzwapsmzohgggnulrwvzbicunttlpg
achgjloevdhrfromcknltkatiuuockkeotlxfbbagktldjxftkjgzhzwsynwfpadziqolpmoefcgvjodwajvhjtzhjvoawszgipt
auzwbgqnmvfbocbbscucsroqgwqlrwpmtoxtjhneyrqiygbldgmgitqbeunebiquzpnixcovwefumgfpprxxmobrkoxlyngxfvge
alfplzqerjqcsukbedusmdzrbcktvqxxdcoqefwvqpzkjjlnrsqpvwfllcqotupunrqplhdcnzsbtqqkkjcghjrsmjhhdydqqtgb
akicitbsipygtmsjohfamguqiejfwiezntqramoqdoanxlaoviohokxzojemrloeegveumwyawlzjnnexemmollfurtmchqinooi
amyfqsykebtxlhnarnkzptusnchlicycowjeoiqvlkuwthykwjlnehfrjpcutayjyiqpsgkfsgdlncxlnkyrrfidwkxsnxblfraz
ajsxpofbseupdeexvtsyeeleshusswiuhcrwrzzldgsskghofsbqsshyckumjmbhqnojpqjcweuimcwrwzhptrpvdjknyluqakzq
aizgfubavieimysjrmfbgoeakxzlieglmirsetuzdakpzcaqohtuvxuhwvuhzdsmllgpgarjcbbbfbttlnpgmkqlfkshnmtazbsv
acjpuqcqiqzznnjgdjrfmsjrwemjtbrglhttunajzvkayegbnagburuqwgzphrxvasqufsggnqhlupojpwmkogcmmedvxbqzvgwb
abafdouhyzbqyploabxdvuzshblfxaezceffuzouzrlxgdtophuscrvvqrdmueodtkuwaembdzopejdtqxmtqjqictvwxlarwwny
agubldsickengzkhfcwnonswyhxmcjkcpegwohynmvhlnqnbwmbcmfgtmcsbxtsitbgjkewwzfjpvwstltvxbdqngkqfglnbmtkw
ackvmvalcjynljrypskyxoumfjebjlbvqkfsclagvztikmhbftzeivrpfxqojtmzertifuoavkifwrgdnfixcbmjyeyjymkedemi
abmjyaskpoxnlnjlhoiobpyyrbkbapbjpnutsahdclpxymzlbjbcycdpdnsdevpvklodnxipjxojknulwvpwxundkggodxkokarx
aeyjkzyrsyzjvxorfwiiuuwewpewqqhptzzipxybmhmvgcplyzuuvsbrifqyxxpqzrboqzregfzphqagruampdgxiwvgvnyweznu
acmawkwtifpjsissdajqgbnluhauiwkiaykyigstljcgruavwllcmapikpcsnmcwkfehqceyxrwwxyjtynthxthrngqwdsunyywo
ankvjtlskfhtuyzfyrwmlbjpylngzngbdszolkiwqrrmprrpindtrpkpaxxbmfcpxdfcoknmvtgohpspjopelarpmsfxeuzwioay
aourdeifdhgsmkjkopvecckjceeuppvpdqjiwtncbvunhdzvsubxyngdrkzizuyekjmjcblfwfveiubdrdarsiwjonhgeystplkz
abutksliejokwcodlremplzunuyisbksvuuquycdnniqynnfitofutwzvpudmgvharzvseahrixqwkxgfllcgjdbzxeldcuetwbn
acpsxmvlzybawinrreiyvazaidwudsnpkbxrkndgprldispzdpuqluadwyzzrmodpnuzazisstvblkcobygmtjprhoqydgcsvyux
aaxpnuddobdsswshtdgreiqovjhcsgzshzbktgnkjteerwlkbregzuuxfebxmastzvfubuglnlpejcrlvvturptwtuufwmaxjfsk
atxwhyuqfodhoaxcrvbhinvssdvogugiqgfzgzsnpvvdxufopiyzvttnwoeekmnauuccvuqkrlnohvfwddvbwowxqnklkfibwdzq
anbmgeefkwfbjerqoueuaqjprfjviepyoglewsbbqggnhedyyjubzdqsjanrgervkebjwemoktbsxgqypkzqqpjbryuydlvppwyn
aewpgjqtrwzygwehhiyigbkueihkrqhtudidoawhwvgctmlaulibouxsceevumorryugyqpunxyhjljgxsjlmggrbwccnbwlgjgv
ajmjvapdrcnglmlncohystltuysftextoldlluofydllpwyrmhrfcfyzdsewwdsmoxzbtngstrfkpgmkmhwdaoduwcmnyzlziuks
apxpgynrudhykghvqnpuvsnkwbfxnylppkexkuoezycjelgwyvquccnvjqchpgzvexyykovjppzwjupqefwijkeucgbrocmvbmtn
ahmvnrbbusklmramkvximhcvpmfdevegctdrkguezerlytziqwscewzvjezpbdxndgjenirltgdfmapgrthpyqtjwrkthgikorob
agvfeondkulnslcqtkheohgjeiezerzgxwldlbhvvulqdyawjjrpixhvvaufrqyvwuxsfbtudyrixufidyxnvgirjcycuwzttwny
apfowozcwfdawdjvbubmvkkrexjmmppogudciehekkhipqermhfirrbvokjdbyrhvwlddskpftxuldnxkvhbmkzdukgxlzgghngb
abetlwkeubjszvlqsgumquxojkfezcyzdeupbhvvignjbbavjwizwulzmvotqnobrdbdyihltiqpswpdxvltpxuesizjynmptput
apxicuhwblbnsaqfqcpxirzgsdnpuoyrlixbsbcswnoeohkelbctubcpgpecdctqktrcuvwqilvxshdfkhyfjaurpawucrlokctg
agdmspfihbqcovxxvrrpbpjuvelivmsdcoxuotosmzhxecdercowwwszjwpdwhjawgukbldnmmmqoqwhuldtjyusujvsreupmpbn
aifsbwvqirmmcwjotgjwrxqktpghvqqvaxpcwmuedgshcbyyjhwcemmzdugynxwnwlrsamwfuonzrlzauvfbhxxtallsqwzumdkj
ahpfpekqapciukxbajthstakojjbifqesixuwvasmprfcqgwllzugchulqxtxozryymwuooidgnfyvdmidgpfnjsfjnexmyxlmth
akgcvboscodywxemqzyghypwykcdunwuxcysfmnkdsibsoniolpxjgujsyomlkilogfuvseynmzfaonqzeogortmqgyjpasefkkr
apfihihdrojgsoawtrvocrsvzppboxknkvfijuwvchjlodghjewxfbytqquxggmsbrdmnzhqiqbwwjffpdduedpxvlucriwuzzgn
aaucpldfitwwoyrtgspdcpsctgvqrdprflvwwybgtaejyvceorksicvdkqtbvkvavqyrrazkcdwabyopmvztdizuxkapycntvjhz
acxeyzfygwqyfttmzbjymfmscuqyvivxmvbmuikcgdbmwwavzjvnqkhtearbioywjciemuitzlhxkgpsqjaveehxzjumgxhyvbpv
agbggujqjjounyyavjvuucsejmqderlgxpoglxyuhppunpwiardvvxbgltjqkxykmnsxksuthlqxamfdgkydjbkvxvlhshujsqzi
aeplumnjusrgququglrcyawjudijjtplxfyutndngwuyqmsxxlbvmxeicornhjyhqyblmgzucvsuhnrgaudoujwwyqmhjtgyngjg
agldsiuymicsqtdxyfzobefuorqyqhuqpivhsqheajwrcbqajqqkwbmorlrczxdtbanwjappbkupeeocegqlhdcaqteptikukxqu
bbgqggfbjgodsxwjqdbvqzkctnjsczefcmwktdlejzhbyfnqjombxgkowkffhxwrtdjjkplwncyovbzltlhrrtfqdmxmkudfxmqk
anmecuctogzcpydilodpphvrwrcpwpvfrfhpkwgtmuucszmfprvezqyvjcmfrhkkmtaxriseepiwoudgmyknqikbkygeftouoqtg
abdqryyslkwoezjvhizntrmnunwuugdwhgobgntrxrhcsqzbaypupdjkqfgkolivtxyzkrqhlaldqkfrlwnczwosgjrxubygzhkh
amobwhufsutykffdqdqtcphwtebllocoaqpyyjfqfaqqgvvyamrfdbbyhclusniseaselawranjgkehlsyqvbrtiuedmseueshnp
bcbdysenbmyftlyubvvurgovjdpympoprptshzfilfphqpbrnymegcbphtqvielcteucdbmqhbzxtcrgbdkhhnzrgrmpvxtqnhyn
aboietunciotofgfadyqjnkrgoqdwrcyuqhajbnmlehcjnhmtiecxpvdfmjdflebelbpoqdculeganstvyxvntavhdpsiqezxhyx
aanjyoxcpdpssgiyifjoljbdfxbesrxsmeemudrjgibaomyyrjmcvohcnkghdebrkhgfkxqsfuvwgvwzhldcbmgoymxcsyvdibku
aigwkecfcbmngqoswerlbvdcqgmssgsvvarfgunjxbwgunyqrpbvkfzdnlvgrpbnquuwohfoleufruxkkbfwiezxpwdjmgwebqar
ahiwegztellghddkbgholcrlzghelmjnvrjhnobshyrrkszgcdiavgfesocwruziujsjxvbetvxdnwmscusxcxbvldtcxunuffdc
adfrbyvjdqhxmetugldnfsbpehcfzgyzjgtmgzzltewgmgkssnyzbmduzcaghnuqdqjorjzmpytdgfvysuxvicqhfspoijgnbpbt
