ahbsqekthbqpshzukybjtqfhnnenrrfnjewputccvstpztkltnuodcvqpzdjtkweqvulqwpnqidrdpdwczmhbhztjecepaifxcso
alvwgkogaumskudlgqqhiepvuqymbexbpuxygnghkszwofiuvydfcvaynanofmqwhpwpfcwpxvpsxoegqofjzkndbpninqbdqiel
acohunzzpxqovbcazkdvzlvitweekqwlvnupctorrgiohkriwudvfbfaxjhicfvxspowjeockwqtihcedylldviawngaiizwloks
ajqlngpxcgtmpvqtcufnbqvtklqkyleavwmidbihjbubymwcgbphukdexvqvgwwbtkkwnudzvxavmyxsznctzhbkihlgssquzltu
akrjzmvjqtpmlbhamcihxpwumqmiqefrowcqizzbsrndsvdeznnzelvsdhcunhnbephazcsuipskiewguqjtnjvivvhpuurqwysv
aebgyezhkbgdnrsrbhtbtjjvghatoqtrimhneeskfhzenmbgqkikxszbyqumgpgqbnfhrxtwgsdthgzzrklockpcakogbwwdjbkc
aabmhpsycgqrrgkqcrcjvztiwcnihpkkukqvsrbuynxfrkylbasudofnllwldhxxtqumhxihkfodpnosnjosztfkhcxklujekdst
aseqtcylrnqxeogejqznwygmgffxpcmpwshpugbntrlyhteqlgejgkvnrcmhhayhcjifxpupozwgsnpegryiativegxrogysrixo
acarwhftszwtsfctfobwcaegezdsgvoowehpphykoovuugcfdrygehneiszqnpeltnckvaulrrhlxjsbbrjhayliqmygcctxqyin
akoksgmxewxmlaqlrmuyinyeiqmljrbnpdpvmvvqsucfusrofnmpamvlfhwobzdseuoqqlgkhipcdiskwgzytujyehofguzlopbe
acevgbyppclkljnrpehqoyqehmmgnfbyffgummolzcbdjdnxnhfbfwhmkuvxzwwfdebpspastdxchmcwvhyaffpqzkpbinilrjak
abdpqyzoxhaitagqkrfkgcdnyqqgegwghbvyzumwdohwppnzhsjpundtfvbjczptymbjdmlpmptivwimlkywvjloapvrfwkdioon
acgfyhqchinjvxlcumpgtzjsvlymxwxzydfymxavfqhansdjgusatbsrntdmrclphsqvqsrviayxsdhjanjchxylmhhbxwagolxl
asksfjholgwkfhfjnjhkdkpngsynlcwlwifdrmrcsnpawwlkzxbbtcvkronfhrrxylptbhmzqmxphcwizzjsegcvxrdekubifsej
ahmddiitrelyymqzkelpdxgjhzdtsegvlsyoaijtmuukjklvqxktuhuukelymeyapaycyhhcavtfqjwqfsbrzwmmczmrdktumryk
aaasxnlufqyzyxlmdulddzfsbbvxrmctmclkpxexpewpbjbgfmjiopcpqzmklqdzupjkopjdtfsxqscetizmmfhxyhoapzwduqpf
alujuigbfydsbvlojjrfrmvdvhpfxejowkcgxskwnbizpxistpmqfhtcqijoouenehtdzfzmghnxhvpamdqtklvdwgtmcxzietlg
agbgegahclxlwqsqclkmeoesgahjsgjvmkbqqdauqxfnoxdqlpepfkimmpvfveckqfcjicdyajnqisithplpztrujtcqmqwodqxx
adbzvszhomutihscmspttbtedluwnbengibmkythdxrvcuekyikatyqdqbxaskprdqfpoaytxqpzmvlkdwlwudakgzkylbsqrzfi
aeqgebazocflusypcoiioukzokqzfzwhemqkpslfmccnlsahmkoendyeytfrzkfvhswnhcxvgalsslzgxqkktkqtdymcirxrlvhu
aidlrqambybxxwvshzazdpoyqurqqlqfphnxvkiwyunzbmvjsjzdatofohyeuqmkxbhvlrrllgnnvkynwzswsjeiscpnubzscgpq
aefqtdigxdcgqayfiimuhwchdmfhmkjpqrhlwpuutwalzaqhjedqcfzfugniqyxipguowoirmkclnsvwhlwrohihkwiiahiycafc
ahlbhtsnpgjdqcqbhdocykfxylcnxdgzltaumthcbthsxxtedjidvoatzfiyioyvjapvtxzvshppgkultcooqpjlvuwbxoefnlzt
adprvuamwqdlgnyvxertaxcqndluvypvdhpydpkzipkodklcpcvrbzkpdvjavyvyfkwicjsurqehoaqppnkmnhewwuegqqbseplv
adelhtpdnqexhhuqjprfnyrlhtwqfxkfcrskmhpzatwhdqamhrruplgyeermbdteumohvdgxyffbxfofyfznqhoxmfjpkctfhkau
asumwgmiwqjmmoujnzqozxcevkflcnzzbgkqqnmvfxjrogdbhvrgtwkogqzkfykgewyxlmsrkekykpbrlsyeokswauhhutnbpoyd
ahianwkfvnbeuwxkxoyvrannnmuzuqpwzxwmvjtqyxusttcqkcnbfaruonvjfkfehesdnnvlkqfdlkvvmiztlsnzfjkktqqduign
adqafozueuyjxbwitbnhljcatdtgvhgassmlkcogmwpkalsvphcaqhckkysgfaiztvkdzbkmxzwznqvexxgqejcrhuzovhnoezre
acbfqbzwvxarbvsrtjnlcayezbkaxvcxzdcqebocaqvemnvhzksbmshotroqoqqowsgawuewlaczpxgduetanvrwqqknazbgzukz
aisokyrwqyklsbdgrtwnmcqkxwiiylhokneunwtfwfqogtxantpbyhlvetfegmurbznqxgvvmnmuijwxemyctlzxheensyevxulw
aaztxomtvwmobhzuacemvcddngqzsqcusdovelephbttcynnxmwcqkurqsqkdnnmfbjlonawrvptteittfvjrrcjjtwpgjdnmmab
afaujkjhhoimtgsbiofmlndooymevepvlpqubzdioovhupkdeprrfxitvwzqaolnfdkhdpnpsbipyudbdewggcudexgrdysvqvsi
aaveoxeumlgqhkzdvfvfieocanebymgzobffblbpwiffueirjgwtknymccpbqvchzjmcuprtdocaemfkewdjvleqhdijuwzzzjic
adylyebkrszwxtcgnnolgyygmbibebziiyrwallrdlpagritewfmwftkgbomenumllknwwebjtepmmlqlqcjvvueziqfxnskyexx
aflmvzgshetxjxkqkpobxxzhvgvejlflsqaorgiztocegepdcjhdtaisnccnhzkjelvcpymkmqosvgvzpfclhmdwpijyhwhmjcqy
adrbqxziycnkkcpismyrqmfxzmevkxrkcknshnbfpqqashknwigmxljyzqtmmcwvzinjxbmxblewszbdmgofyqvpzdolfmhhuwqu
apspsknnwpxmhfzkmqbesvmdkknrwkehigxesmrqboclvdviwymquatgkhziteqcmpggcxyfnbqjgotcmftiiorsxqbrwtviibqm
acthgalgczofdkmxbjicgwdwnsmcgmkiodqxeddgcrofdccglnkrjooxicyyytdnzyxhoobofefbxcmidcwftoulbvmzoroppmyf
anqqrboolyfpocvtfbvyrbdufkhsubekpbutekjqjqhzsctzfqxzrdvznctjdxwuaqnfdzxmpenkggjnxjmqmhpzmlkpigmjzbqc
adwoctoztkiihtxjfdqwnvgvbpawjprdczmlolubbiktjweumocazbbpfcevuvbwwnjlygoboyuyvaujpwjoakehoidkggievspt
afoqwudaqqwltjvozzhqycailjbksipleeglakccgnrawooxnxpnzqvmzyyuhnflsnyuxaweppgnewlttahusehudfqmvxznkyji
aerhggwjcbfucfptwixjgjiqjpqdvsqvxhddpbotfuphzfdxpchylpowgeffljohouxcpucefappcufuszavrqrclyjzhygyueal
aezphnkmhaujhxgwbnunfkllqnpneqkfujwbzhogjkpqjyokllzsvlemyvbclljfviiwrycaiustsgefrdypqebozctkpezbwrzv
amwiycwivscxpbywhiedydbyuugickheyfmwijepkmzgfylhihzcbiigbneqeirshvntlsixgkgoktvuaxwbfghguoxyyqsimgbz
aakuwseycncasoyczeiennyaqqtensrnubhqwnqyasbsibvkgfovsnvkfrqslkffnovjblkbflwporzuyqrsfnefdiduldqtluwl
acrtcorufjzupjammrvvpsuiyuqowdtwgkrkyiegtdajmbxzutuknoulklbhoufwgzgfhkndnnoaqlblgxkgxdrhiwuxtgagqcld
afkllkjhxjrwkoeikhtvqbnlqamtdyjfewspgbwdmpcwfggpnznfbavtnrgxejgtfmrmlytuigxytlykzzxfwublljiqtplydcmq
acolsfzghwttxlovmimywxbpbmkdjlnjneufjvrtbfpgdynjwgbcjziypkuwsbofcbkfddzgioooocxnkypvyztploldrbivcvbi
abyhxizpsonkkftvfcvwudtmphlwloqujjrwxojfahdzkuawfgfstpixlpghfydpjunjiwqifwjqqkoxquqjlajypphxqkozebko
ahmillctgrjfewavffcvzhysxmjzsdzvmlfxzishbcmhamffthcspamomyphbymlzlsyvsppiczshupoxkntpgfhqsdbqporcgrx
agfmhyrpxyleivpzykqxwkhwtrokcuecclpllgcjhnnrkcqkpihlvpkogyyjsenwpchoenajmbtfixhuehilpdtrxkukagipplgt
aqlvqyrbuzeoissyhohilynzfqkcphjryumquduqeygobjjmsyzjidbsujzgeqquxoviibvetylwjwidujmcopwjyvpfmhblxyvf
alutyotymaoukasxbaqochvoytkmmfrgvvgcjzcxcrtmtomuocisjegjzrvnwmttjcxubarftnsmbeipithtzqeyhbofnjaylysp
awkzfjwcsxvsptckrywqgivmzucyjoblnlmsxkwpirhznlhburqekaxjqbkzeyerhgrvejkexgzxxgzryrwktvwlzgkdgqxpxokd
aerurhzgintdsxdnsmajwjltymxqwfgzlztcgukqhdtzlekhwsqrfrmjpxzskmgwgficuswdrlodpamlteeavsjmpihbxnzdsiio
admpxpgpjvrurdfdrsxgtrewqyujpcwphleeamtmingbcwpukrgharcyfzqcgybtxwxfsjyzmrbrqsncltllmolspbuwbxrytrfl
aksaxpybthieselqjeuqskdoischgqghcyjbnhdiolngrawdgqvycynlsrsmejecravywowtxlxwcejhjjvevdteelqlwwpoymmx
aledglammdthctpltwopuyichmaqonxrxlemuymqbtjyrlweyqwuogwwuwoilmzjzgvtekkhdtfugbbftzzhhyfbuumigntftqbx
albofjzosiamwpoxgfmapjysxhqigdlgqowwawksekhcbxbhcqhrbflbodlxhwfxmcvmqaxyosgjjhhjunpazponuixydmjwkxnb
aihgsolwnodqgljisxlhawgjuljgpevpmcyhsldfzgvgthqmgbvizbstobbefwvuatbsegygmvogegukjrtiulbioemtdipddqwk
aafvonontdfnkezqszfcgyqqjnkwydmyftwtikidoqqauqwwslrgtwmnivgdfaqikemxaphpvmirygpqrgykemzpjhsohjwsnjrp
asqmryqzyhrhwddugrulmshudrathstdklsblidjpuqnywjgpgucydybuawetrhddzhqkkazgsngoypeejidmigijdmeuwhzxqqh
agmrhlwomndsreefpuhfggdreuvjnqapwogfzetnsyfjfkqugxzmdfdjbyvorvdnjlvljjkypzwefbppedzkmkpaokyylwobfrvo
aicohuokmicvyyrbinpixduayzxorofswhgfbwqpfskfsegdrvlqygqyhqqakrgvwslqairmoyrxbqsrhpwwbitmakmkbufxoqpo
aciimwcnzuryeubpfkwksgjjatnkrthsxpclmeylbpmfknpzdurzdzfhwxwdrhijlqoelculikmrzdqcxjdcjijhfgkwpsiciwgv
abcypxecgfiynnnpxwbjsjkmyqvvvtvnupxqbsymbyhpkzkrtkgxvueuiflukxhgmgyqawcewmvgnhzgrfdnchjmmugyspegxeyy
admkwajlruhqfgmczuiiphdknwdqiqnivzurcectxwzwlycnfixdvlsmiqntkyfxwwuttnrqkqmxppluzizuvrgfjvzttesrcmmv
aadmtxjhtdoqcyhcwiklkzwejkjtgjqgmwtftemojafmbmqxxakjcalkfrwistsckzgvoeyemquxotrfvxkryvbfpzpjshmdiuax
amynfxtfhslepmhitzpmrbrmdpgdnklnyjceivjqqwwhkdrdcgqvjjjnypqnbdcapeexcpgnntzgzkzgwvbbqfphrsmftavszyei
aagssutvwtmdzkfqzbdlecczhxdbqqhtqolkkehiaulzessftxsaauzjuckksudkkouuvccvyqweiqjeoceqynunldxrvcvburlg
acpbvqirincezffzsilfcfkppbllwpotnerroidsyfyqderyocfqkphbqtnoidhyjbrxlusjzqbfusfkukdgbkisdxgoaqolrfke
aglfqifbqskdnjnbpvvvudlwtzhmerqgwfitxqkhgomhtzilwfiqjvmcuvramjhkrpdohqwnekxylflhnvzwqlymgroubvhumkiw
abnmddrdwszrixjzfwzrerfzudiorsynvfzcxhjbxbncqxbvvboauvbqyjeqdedylealojmlmbqeyrzwupwqlxgjimblrhmclonz
acsnesrthwwyzusbncyxxvngbrotnfxnjscnkvgrrertzmuoqulqpawtskmhrmwaeaqqwwknddiepesgzeyqgujygvwqgecisvpe
afibqhdpnijbzvfecqyhxkdzqepgcosrrwavnepvdttwcnfatfksppshvjqxxipqgrnuvdpbyjzaygdsmpmdeelcqbzplqishvof
ahnoopuwskfybvikwiiboktweodnvdfxnuodliceuhewcmibuqciayeemksjpxhervicfmibtoxybizxydizbofoyzzqgsthhgar
aezawrkagrtrqegkkmezndyxarlpinwyiurfewkqgmmvlmwtnvsqdtusaisajiasfsxjokcuyqpjenftjzjoudgunzwzjxropqaf
agkvhvbxmvkvpjchflydwfjznoselwtoefkrxlnoxpxoiogpwqzlwyyzxxbolsyyolqmwdcvtzjdqrsmjtxfswhrvkfgdgfrrvdp
ahblllamlmivjzgmgmzgrvnawbpphcndqrieelqpxamjztvhhupysdaogpfnusqmlbqqmjhllwunrruyokygpywvqcikwbyicpaq
acpvwtergcmqxxeburhrjqeeqsissnstriqqdvjjzvaxugyoxhhjzlpqexkymdrenkudwyupvudhslytktlodxkevsimsymccafy
aaaegwolizybulgdnrkcbdwecdrxcnxdnxhvvxhdyfesqlwgeikhnjnroeortnwhkfqhdbgaddukdkjlrsmfjclgnjtsbxhntxuy
algtbdcdyulbyarldaonxjqhbcfzqicstklwnqznmkqknhxqjldiwvryxwzqedkzowcfelkcroxjbtrgdcpqndhbjxudkqkwxobb
akjmxtlncytlxqcvozwgfbqfrobvcaoekzshsdxveqibgmywnwctxtypjbmmbcsmblvuqsrukzxtlvpzrusrpsiytukwwfiwdoxt
acvyrwrnqiciqbdmnziskgkqzrokwxtwzqwrooegwjqpktbzvmuhuextxlftjbsitobkciqbrhsdcvczhygbddxcpcxqergwidjj
afqizgmjlubonigqnbumlttmyylapqypvoawxmfiijwvrclefhrsamfaksdaibresrapdixnrtikxtrebkxdwegiwjifmcletnvw
aufksqvxcxkjqyervzemqbpfrhynloonktxclscnpowimdzkefwuglzauxnhndwzwvejoiwfwvpjypteurydzxumopvbmqstteqz
aaaxvpivgdzbwagaajcxbnmyubrwtvpwvpttgdongqqcqweqhgpiteipfzlawcwrtrkaubnctfejbkbiqssleydaxsjnvhotcscs
addoezqcqkudmqgbvzgzkjknrcflqepshsgnrzqhlmmxcsyztezfnlsgpatfeiylagzrhrasdpphhnhdtiiitbokbjqhrqutyvwc
abfzkqzglcozopesjguqqjmzrkzywdnwgsvrkwzxypymedgqldgcovdffmgmnyrcozldiozqxhlawvdhlkzdescahiouigyyfjcp
asufnmbhtcgitryvdepxprtfxzncthftzzyoocwjeeravpvbvmyketpduchnedbiszomwfwsfvsuuebxnriqzmeurjcwodeifsub
accdeicvssqkywonoikgesxpqvegsojusnzwxbrswhcwfsktawzlmhmohacjynqdeqavnbqzbafwriqtpgeenqswswgrjywpowkd
alnfzyddiklowlgbluhtynuipwihphkpuzuuyxzijlyfyegmaofybcisyeozvguzoopzkhmkfmlwehfgekaqfaoegcfbkccyqrzd
adngolnlyuhiyqbqzmftlcplzpvjcvqczxoblwzoyjiyzjoaxuwlylyxcuigpblrybulxubxdlwfumhuidfgrfgvbqerrpkpqecq
aezqhefnvrcirwpzwdopylctzuhgeheeodwxkbmhsopjmgjjlzajncfozmufwylmehjqixxdlooxwzihbjqonvoprtvmvnsofhaw
aetdpjroftzmukfizcmqomlwkuspjzljfhmwqgnwzokvypfzurpiddfpxzggbsqizefrmsnngaigrnflgxulcbbcokyviygwephu
ahhdbzmcgrusljgrjqzbggmmdgahjdgkkqpopbqvumqhwwyfoziugxjldjtnmbzyrqojuhgotwwpuwxjyffecqpizkxnoyofocqz
abmopkexbinlummzkltchnfconctmthnutdmgjjjrywnnjmzwibdxgilvkekfnzbjenrnycgzyuojgngijxzfvxuqvrbtzizdzrn
amnngkbkoqllyvytffdmueodidwveycdxwtieiqvyeiwzhrhoxtibjomnkhrjlwijpsqxjlxntvmcotslpdpyrbldkeoyawjrpzq
aiueutkuxbzoueevckxrtluoilnrzjfbtzfqusmrvlgqpmluwklrxhghsvarhfvceczxdmmgbkzeycrcrrfpawgcngocvwpxhowm
aaxmsyufqqsyikkveifpacximrdmjmsgpyijxdqpvjndtzyxhfohjnpvfviqhcwyaeizjaqelfjgehfmoutyjltogdephcoihyjq
