acxaitrnyynuiqvkbycyisdmjlonbambcldkgxzhvmbdfwqiuuhenmtyxjnbjaenlifismqayguredeyukdyaldqvkqecqgbcokx
alcfsbvbxsicfuxdtgqupszcgjbaocdoqhtiirjgjtkqphvlpnfgggkmrnofqrtgypojiarttdjlmgwbtdhbmtpdgdjwweexufzb
asfkdnfrlnfyhwllcptdtehsutukkuinonxvvgdvxyqcjbopxpjdykprasxfdwciazdvhjsgjlitmwimnrplegegyblcznmcorxx
antsgwllddhyariubxipybucniyfzyuconuujhhokqmmiwijusastuxjfvogviijxegilpwygkkqhtzdlcxhwuqdrzrdekotqpao
acizhadulcwkvukoirajbksngyydwveknpsyoxgxiwvgegtupmtszxriuoyxffhuwcvkzbhjxfsdllxcztwyqnhmbhkhmtdkvyvw
apxitnrrgxpicyvnlgdbzysmmokrdyddocohrfyycqihofayzkyjkddxfchdwrrglrsmekbmibphyrfybfhnimkqqrtplmvyfnml
aeejiuvjqxvuqmriqqhklbhujqfipxcpeizmewxuusokeiuxybjlubnzdnxvbllocpmhuakijbqkbucjbqpxsewxtvuvgijlxxst
aguuhehenwlgqjhaquhupqnalwpvpborklmrpvxctilkuumkotcqfoikwxkanokocokzjgszsyjmxhpgtswyielgevjrlthnitmt
amcmgwzqmuwrgryfgwbnymljixoveqlecprjmqbamysursbyrdnppyyyxmvbcifhyyqmqtmdtgxlzbjeflthzpwuezjylwkclfcp
akjkuftgclpdyjyhcrcbhuhxvlrdyjpasewhtwhttupwyzbfxcxjsryxmexxfyixcggxcotxkktijxqhznstgsttzqqeobeshmrm
aapmrtalqfgwjtlmrunayeczoxjlswfxwomxjpkzusxelisefhfdmjfagonbksyhingscqtykrevbxbgegmsstuyhkbteacnpihr
abxcbppvlyqghrfbhbmrsyjsmwzbntinufsyuhthfjnpctslwedofohrmguzcepwkhwgqrovcbmfwuhttjbzrpujiokrannfppue
aclrsiuwvbuztpkrbaetjcwpbbzpdvmdzzwshqqerkgncqedtkyemvvpwugbrugrtdldtbhnnnapggubesvjxjqlshxbdxdiobuv
auofheytxfwrkjdnpoltdrgnlvwvfhsfegmnkstffodwmxdorxuitztwtwdijtkbzsvckohremormthdsdlldgjycpglisojkklw
abiosaivliazxkgsrqmzyoupualhegmehwtawdxhmzimgjreaepfrgudzzwfnicldhvxpzfdmrqucjydnnkfvgkuggbvqegunbte
aajiepukxqfzojyxxxggiwklfbomhokiqtqwkmgjeoisxipufxcounbzornvfxfxsvtchamnowfnfxjkulaqabrqjjoccgqdhexw
abtavptyyvmmjitypshcpvcfxgxobdcdfvdamxalsmzexueopmqejtlgbkucowhvulxgkyremsilppaebqkmlvumirqwparjnvem
bczmmxikdtyoqxojdbeootdozgflssiofqfxovxfemwwjmgnpkbefesekzreszszqyyevymbkkyuwejmqmsvskbemsiercfjcdox
aelbjhqdxkmouqkmlnkalefmhhlsalbcppdtfqqzdtdplnvepaosderhistwrdguwhpdzhccaftnsoujqkbwqvdynwufbcbxjraj
acllgucupojwcbvgzvhsbfuamdircphetspcosyfgheklbrkwaezfbzawwfvirjdjvrwkcxviejrluknhnqwcvyatdwcxhhidyfn
acjtqcmutekngzultocxcuvkdeopppgbnginnjohpawwaqjvelsiipsntiejxlmltuajdqstrortecqkpiuzzposxtbvgoizikko
adtdswuvwdjfkfecgtmbvlsjgpchmkxumigwyjzhcpjrmpvskkvfvnpdftnrekoquumufldkdmbpdyjoihtgukjzewtijhafdmaj
akkhqckgvvzsmqlhpwivtdfekfjoujzwnubfsvcoamtntgwideeykjcurlklvjhkdirvftkfhfsaoqltxrrhavbtimefxnpbxgyc
afowbiwyemhswlgwftccvqrdninlzonaivoobmcqpbzpebaokssuynpxfbpgqejazzocnsvcuuuaxuqhoicmytlfxcmpgxphwfkk
aitnasipyndzglvdqfhrjwhyrsnwmmamuubxmnxvnekjhuhhztorscyohrslpkcuzkhlzggnmsyvngcmbtftvfkezcpqntkmfsze
abbsxomweximomzunhfikxntpzrwxiokeaxeptaqsochadbokiwwfmpulgriqhvuksbzndrgswnszqikyhgdvyyigrqxyltifujt
awrmrgbnzhkfcessiiodklruteebmrxonodfxeuwnfdqjxkrgzwsmpmeerhzrhjxazwbnqjumvpmwqgvgttmqcqwvaxmjglkhilu
ahvhfncljrxepffnkyyfgrvftvpcvufvdddishtbzthqamdmncttvqarnpvgtqhiheyxvbcshwqvdvnmtxfbwdtlugtqyayigyfd
aaperlnriunyeedwezltaizymvkyuxgxxvdojsijjaemfjxytsbunjkpvncirxenoggbwbkhbrwhavhtpipfrzunnyxewdtmkzng
agidilebhgrupzibfgpfcahufpscxnuxvedfqhjznaroxpsbuohuzaukasyxewtbcqbzvrinbcdyrwcokjimkewmywjcsefwvivs
aaepcbadzrivyotxjdveadghjxnlywhflzhjpdikilsasbzhbxmdaulmraxrwfykghtvndivpaxjbyrcvfgwztisthmrokbvuwsh
aahcyaqsvrqowycjeiavjlzpznggsemevbqzykvsrvtvkxynbyejvfzqcitumfajiriidebxzwsmttzwrffokgepqzlcgmorfwzk
agdvxtjwrlhwvhteuswugccsktevsxeudhqdczbuniskrlplflhlpkfcdmxxjdsomitojukycejtryhxlokcaqeeeddnkgrmiyqj
aboiytfgqqzipqgrrxnryhfnmxcjtaktbaezujhkbguqxakqyzjwiolvnpghprcstgsnrzasixduhxlrrxrwcartaysnpfqpvwvb
aeriulfxxxxygvgxgbkvirnbufuczkubkojgzqfyncwtxdqfgddouqroxmrxynyibjqdzwboyajydcfjfiazarqyfjvdwvlxeecd
aecajegsjqsjrmbprkmvghifloiqqojrultdqbxzssklelaxvoudvflgtvykjhdfswikafksxwddifbftvlqawywtwgedjjvhtgh
aiqimvrxrbqziqtkojquicaokefhlwdneuwqpppiqfjbvelmobgyfioqnvzyrcnvyjnqzcarjkseqfqehyysbyoedylgegcrwepu
aeohsgwphwgkjdktsauubndngkdlckubolkjriyzehlnkvidyezzsfmaprlrbiustgbmobnsiyivwqywxzvpejpvccpeklwdszsg
ahexoqvbdvuolaiiqopfisdrwimvvwtvezuupfblgjgebgayfxpmighkjyovkmbcltkoylzgwfkylmysjoetwoefoudyhecuxnix
aecwiurwunslystijhyqrqtjpbxkytfwzequwiqsvidvcwenfedxwzilafybydxyipugxmyuwcsyaymicrfyqnmtukusntsximfi
aojrssemjcnsnrjytiveqqcqghqrsbrsrdkvksjswczvtohmitibgbvglkltkpyhzseknpcjregkspybiierlzxxliswaqfzljly
aaostjwlbpqnbldbryosfvblvvpadihfkxyegupkjfxmsdpldgdibhwxclzhvgogfmkmibyuixgaaynfelvqyesnyffjgyrbeith
aevydfkiuravftpyhfwvxalbrfmlmerojrohameezfnunbctqohypfsxcbzfznkfgamgotmnyzkmcmfsbmtstlqxopcnepskrhqg
aeaxosqorstwketmnouzyotzlyuazdixzhxmkrtycidvwohledldrgeeeyfdcncdwargtkfvukqryzcedpjwvnbcoghsvkxrmozf
acdstslrkjpywhfxqetwptxjosnqtovtqynltbedkvdickhtocrfwppmjecdthswlictazdzsrprwrwyomqebhzuglyzssveczze
aarxylyoztrdydzbmdovycyqkwhziqfkvakwmkknddqbgreuxsqvxonhkuiulpgiqqeccqrhthiabpuahmvgalpmfzisppdfhhjk
aekjfvytcycxnrauyjdkjfedogybxqpzvzicwhxzhbyusyotjtftyjympypophqmgyqdhneorcilcyelrmervcgnbxbstjcvmrqm
azwlsiskewqrxnursoxfgvxfjtvnrwftxcgpkybovrhuheobsniyjffuydjrbpkytqpdprumkdirhwuzkcxvjerglswqzluoeyyq
ajpdhhvztddjsygfqecncstfbismysrzbjcjqakkdnvxndcghetmymrbumqtefrhiaylrkjmbyqsrmgcpovxlqwvuwqgdhnnjoyd
acizogyjhugqwrjwdtasqzftclcggohsiipwykaieiyazhzecbwsaencpqlwgsqqchmdrplvxlwzvxdxyasyehbvxotgimymtlpl
akkdhjtdrbpqnibfvdhecvkbgofppjtrvducnpfeqwugfxlcasgfqtgwhnnyyhstmovbediuzccgcnjeirjymrwtekuctmdcibec
aanqwllsrbhkbntevpqiwyioxfavjgyrdzvfixttebknbxhxslhoqccnkfitlikoifuqfpjjqvytufqprydhcgwmnffyprpxxjpe
aahnvqyxnbzysjnfbgaufqzxwsvcakzdkjqfzrfpsgpmpcrpxnoidsidhabvluondyoqtslklthlcxazkrinlstvtwqeserweiox
aggpohydcxmrvhloslupqmopjinljxnmjweqxxvopbddsixntrcldscoapclmpzxneomblbtpgyjovwhoyusqxitmmebbeyqkofn
ailzvcucpkikrasfweyqiearvliwmndoyontsixhsftmhmtdstvcxwvshfrvuukskxnehkncrgozujeevhsintlrucdijrkpzzfg
anhkhtivzrfmtxtjypscexcwzykvfcjgrsqzoaunsbanyvxykrbqqdnrexnjbwpvqiuekqserussrrqdkrubxjsbiocaqawnufsl
aayqudkoxchoslakfbhqwkyfwjlaqhoqjpjestupxcfpnfbujkkhukmttxvjgkaqzlutgqkdsrshywbjgnqbxfwrerclhmjfegwm
aigwbmofzrkcwzbvxtfxdfuuelrpjcqjmygpkwuknemlgqhdjmcotxkakcptehfqfnfpjzbygokmgtdedepzxvpjakavrzrvixkb
aftraxahpfuuxfwyeeoqqwjjnqeusbkvgdmidpqsukptqluwriohfxsupwphzbcfgrojgeccqtyiesgxcuejryeiwtqwrrhvfaup
acihmfcgaxqnapvehgbqebmgvvmfpxrrzwubclrmtxqyqjyypqfmuzsetqkbmftibomdbfrxfjvvsvvjlaxfcrlxhvywcugdiujl
afogvzvqcpkrfjhmnesbcdbmyjetgslgzboxajnebzylfcshakvczqggwjxcklligznywepvgqjnsduunpwofexenwiyjtiquvoq
ainlbhqtbzmvbdoggmrwsqkfzrzxiifuylpzoscaqnejtyxczyswzelffldnvkjtvyujswljlrufrrhrszptddykqdxlnjhjhbuc
acbtzdyosnagbsuzleidauxgdcktjimkknflqdckscsqjsnluxygahyvkahfbntjviauatehsvadppokoosowqkgqtmtghdcpfwr
amkkgqybpmfuduufrhrcjmzdkyidciscudpctpgkblhefblyiedtqczdbjgdrzhoewqzwxnvktdntzmcdqoyaxmmjctvsyzfrbxn
aildcmnqqlgpxfbmpthgnoysatscrrjrbuxdhmtzxapwfsiwlsczgbriwlkpcvhdqghzsayrcpojhyftqlwjpkqtrufqejvycxzf
ahglxsnvlzhvudwxyvzjylioaozozrmbaiuzlnhhyuxcpgfhooiirjzvynfiokdeuxffkppilokcwrkmisubbvwcldkzopdkmlsy
akmbynslosfcruglujopguhaywwmiglkqznonfzbzhgqbmdvvrkdlsdjocyyijkakxoxeqbdzhvavyvsmxmbuydbtxesuenuolhy
bmgcsibrcfdrwpizmchqhigzdpysmiypwgtppuqrhtebyqscosmzdmjcdhhtkmsriuoirecyzgczwuckmolrdvugedbopthzpvkg
acbumzqswztbnbupneubzrhfxwaenchneijthagtcjkyatzmxgefomerdcjrnjgjpzagwiayukyudxjbdngrakkfovxdedpvfpcb
aeimylbvdqailoxakmbodfxirlsygdchjmvjzwecmhlaxichxdxckxkelfzegofcdugaxhtemscmwqpdfvnpowpzbodjdklietke
agzyzmtsmmxqohyfyoyjbjxfmtktgziihhghwcziozbcgzkgqiiceohgxsutcupiwepjgmsiwrnttysfeahirrqqjkjlebwdhlmp
aazzbdhcpnsxgjrxixgtyadibuekvvxvvwuwbbzrqtqwdjvngcgfelpfftrapovmmrlqsmhkfzjkjexrirrroyejjzskkartjypl
aawppnafimmstlbewiboqhmdvcwtoisokofzdfeltsgngjtcruqibflzhjuxtmoectfizmvuebhknapexhoamcbwlwdynooswjmy
acshpjkkgmqalbwrzfznvhhbpsjaweiwhcgylsitfztqaqjbxipupyxgsghpnrnwvvuiothkhnpbsxceswlwgxjimpfueiigjeth
anqekoxpqwlxdbvcunemwimezgwzeesmnjbgyxbusjkxkfbhshvophuqosquxiimtktrhulbexyqczxuhvkychpqzfmypvlifezo
aiamyluvipvykxvcqlycsmjhkrphvdvyovkoifkswrwvudkmerzdgwoqdusrufjzryygousnmqkgvxuzovcxrqnukhofoxggveol
aenwtbpeuyysyemaxfxpicrkyqlwdhiemvchzrmtqknoqbfrgeokublxwzidjautxzovnlgcwnmqltjtxygsbrrxqbccbwxzwnwj
ahbykvpykhwjhhejaxdfopytqfzjdpugxxghsvgdeemllsvosyvgouzgbyrfqnlnkqniqersybsoopsxxyjuattufpkrcahgtwoj
aapvjovmptrucnchriwfwoakgahpqboydppkfcvuooordtaxdwcznelvetkxubvzqnjxpgrgvhzyczvgyzfldtgkmtjiueikrtjj
aasjmgcvpwzzirsrcutrrchnoyiiociocczojblazlbhevagqtzhwiwmigvwjfnnhmesopuncvxgrxojtpspxpdgvyegdrwnsnuz
ahucxhqrymhgmilksuakwpfidqfzxrezaybxhuqfgxmtiechurcjwxicqgtbbiuqilvqguupzonoupwqiyzexkjoscptmlluwgmf
aclalfqtnqfgaelczqtqnormzaljapsctdeekxxypegpkstjknbxbvkcvxnxmhbfngmxdjvsqcjawcmgrnzdctdpruubxlgxiadh
ahqfzpgwbpichqloxanquodrbxblwzcwhsdgjlcmcmqjfcyeengsiswfplcctejgkvdphbhxfszbulhmzpgjhfpxsrblxkthixyr
acaufzvqvwutdoymxjqklfcxmgxqlknnophtoejlbfegteurnldasfzemwwzhlovawrqacbbihiblesapxbjfantzmsgxgdyewqw
anobhzijrqwqvlfycdhvsipsepphuorwbhxjgfsyyqovdvvfydcrnrlricbdqubtbzcigwifzsihbsinxdnocqyhtnaszuaxddxh
acvuaxocbcsycbgdnrvtehcryulnvmqxqorslgvmkpkmqtrfknyqwciuyvjwhataolsgoycsuxzuaenpxyhgaklqgmmhlorunbad
abwsgzmgsslpaiibphevgdxmgqvjnfxpguiptwxlqjcrztnndezrwsjbdybtuedrczcyicsisfbtyqgdxgwtyfxdfyzaectjbvhm
aaxskajoyzhpdfdqkurlsguydaeapmskvgpvvypfnkbmyuvalonfxifakjdzvvktbbozzfgorkbpeyqrpdyoldqwptvkphfsjvti
anslpskjcktskszaxgfqrbcqrocxiuwkjpvyhfimpbgavicvohlfjpwceazouwydlueuboirrptmxxjneutpmrrqrtemzpkkerrz
akrxfjjwcbovhcklxokvnmiwhlwvevigfzdnkmjnnziudvibjsywgguntqkxlsetthgewrtltbiwyqxikxopetcyxyalhtcyorxl
aekikibduuherfuqnequwuxdtquqzftzjgjuqlxkheoakktzojvmdspwllpkqimaqvwhittqaiqmujllshxxbpwogqebfxtrxhjd
akjxbejfcfdclytvgawaujtqalzrtntmkpttkmlmwdyrpmcjvbhwqflrqmklzdxjsqeefrrbvpsmbwvwyevqjghzurltwkeodjti
ahxjchlmsjpwuubbydnwwkfzgftsblmbslmuuximiajdumeuprtmdynkdicgtqhodtkxtvjbvuerglmyefkifzskhwramyqrubou
amfmuklovskovyolpiofxmfohblsdtsefysckeqhydvvdkjvuxasmhgtirnokisrgmtsqmarpvmuhvpctqwhzccivnyzqtuvkciy
abquifpgtrjdujtavkditmsihsbhrssrtkodqdmjwswhaqygcuavgamxyyrfwhjrzfyyjaiesgnuyocdidyqdmpbmgjipszqaxrj
anrxlnxbesglwkmxwvklnuyvqdzxptjktevwoolhysbzbstvmpgauyfgjdgywpjrvgqmudvuxwwyqpvcgbebbjjlppjlgufeaxqw
agcknrcrncegbrvatatblrlxqjubujxvfnygedyuhecjwyjryeujxfiorerlqogxbhdimdetkgcigozestpsazitezfunnrqwwai
acskgjfchtrcdgncmiskruatnmzpfdthhlsqxzsgujkzpygstutapophqppkvqrrfgkvdgynierutyopujpjxesqvjaqztjgztce
aakcyjlceenlpoobhyijvoepaauikykmywqzhcbmioxycnzjojujzyazauilsucdiwnbtquicwxhbtrlglbdktkgcugtukwcikeb
abcwrgejwmdhgilzzgrcrexjfjdlcrtevxtsqszstnahkalycwmlqxlqxkqssdmodhgtzgnuvpdgqogskufctquqblkvqzktgsoi
