nrqtiwtlutpkmhwnmejhiafacuttdsbsmrlwpehkzwulgsaswkcgkjgogchlwkdicoervobwkxiqpilluptgaaaagtpullipqixkwbovreocidkwlhcgogjkgckwsasgluwzkhepwlrmsbsdttucafaihjemnwhmkptultwitqrn
jfhtxaddpmiwpiypfekspcwptacczwjibqeasjdhwnfnvfcalmlacfvnfnwhdjsaeqbijwzccatpwcpskefpyipwimpddaxthfj
xiuvyrnqfmwftvjxfpfpobbgwwcneixbsrwqlmjqyfwrahrhwwymyaswyvjefjfxadqnpbepgajihapgyquyspuqkgwrrwgkqupsyuqygpahijagpebpnqdaxfjfejvywsaymywwhrharwfyqjmlqwrsbxiencwwgbbopfpfxjvtfwmfqnryvuix
gouxetvfhstghrxyfdrbwrvzvehccjokzkjeeflnzgtgtgznlfeejkzkojcchevzvrwbrdfyxrhgtshfvtexuog
tgsizomvvvzpoykkuvwqjgncootnzdosjiblwpgtmikbixnculudrkhhabwaekupuvcsmloztycbxperaawukgdnjannkhehfhbtspunqwonnunnowqnupstbhfhehknnajndgkuwaarepxbcytzolmscvupukeawbahhkrdulucnxibkimtgpwlbijsodzntoocngjqwvukkyopzvvvmozisgt
uebmfygcpuohkvwdzltiwpjxviatkwpeartirbkgxbnhwmmxxfivwruubvnnrfrtymdpoqylrnvpzhozpwwnprhsmxffexyclerburnnnnrubrelcyxeffxmshrpnwwpzohzpvnrlyqopdmytrfrnnvbuurwvifxxmmwhnbxgkbritraepwktaivxjpwitlzdwvkhoupcgyfmbeu
ytgvmnmudxwlgperrocbgojexbglebveudzgrncwmyhtommhcoiictozxunbvkhpogyhtcdfblarzmabajleeaedwtesdnjttjaomeuprwisjivltiqaiwdhpkkphdwiaqitlvijsiwrpuemoajttjndsetwdeaeeljabamzralbfdcthygophkvbnuxzotciiochmmothymwcnrgzduevbelgbxejogbcorrepglwxdumnmvgty
lwurrbtnhgmnoyyybspuhltwulsvpzjavftoimertsejqejrwanglhehswfjxqksvfjgunxpfcyxijqhjdnwmrdhpiqmycgwirecedtltdeceriwgcymqiphdrmwndjhqjixycfpxnugjfvskqxjfwshehlgnawrjeqjestremiotfvajzpvsluwtlhupsbyyyonmghntbrruwl
bclmfjirbcllvaxeuqefcjndbixfvyvwbikgutavxngupfzjvfpzoeerreeozpfvjzfpugnxvatugkibwvyvfxibdnjcfequexavllcbrijfmlcb
jjzcubgluwsscgakbdazrnlvqwlyttowepayqhmndefhlfsmkumdjzzbvkzqfppmhrmxyymddtnqbfcnbqrlqsmneogkdvykmkknjysosfetmiiozzbrrngwdwgnrrbzzoiimtefsosyjnkkmkyvdkgoenmsqlrqbncfbqntddmyyxmrhmppfqzkvbzzjdmukmsflhfednmhqyapewottylwqvlnrzadbkagcsswulgbuczjj
ttqpjkqfppxxrukvvmmjxsiqmgojdehyxznijeoavnamhkkfzyqytyofhfqkjxijzvribhlwvllexxjwvauqalvhqmtblbkkzevclgzgzglcvezkkblbtmqhvlaquavwjxxellvwlhbirvzjixjkqfhfoytyqyzfkkhmanvaoejinzxyhedjogmqisxjmmvvkurxxppfqkjpqtt
cbrykpouumehoicoqwbwzerlzcgkizbkaulnlzhfnnnbwpsmnviozzzbehnmgoyjkjwwlfbytocpfudsplgrnhurrhfxxdghnedykfyfvcwbwcvfyfkydenhgdxxfhrruhnrglpsdufpcotybflwwjkjyogmnhebzzzoivnmspwbnnnfhzlnluakbzikgczlrezwbwqociohemuuopkyrbc
oiablhmmstwaugvoumudkbwxqztxchttptwacipwdlxytumoggtsjsrarlzwssrjonjsxapaomyhhymoapaxsjnojrsswzlrarsjstggomutyxldwpicawtptthcxtzqxwbkdumuovguawtsmmhlbaio
wnjcnqkmannvivgipbuysmjypbvadxmbkxdxoplocblkwrultpllduluyhxdejerhhqvwclydwkzngmixxtdrfxrouuugylnhekdgvdlldvgdkehnlyguuuorxfrdtxximgnzkwdylcwvqhhrejedxhyuludllptlurwklbcolpoxdxkbmxdavbpyjmsyubpigvivnnamkqncjnw
fvcrieaxkstqcemrqczbgxilctslshrxdtqnzskjkfbmjogbqfeyenjhiducllbqhrfglqqyxrkjhskxzpveegnokhqvurruvqhkongeevpzxkshjkrxyqqlgfrhqbllcudihjneyefqbgojmbfkjksznqtdxrhslstclixgbzcqrmecqtskxaeircvf
ixjssjmehfpflzjsfraxatugkbdmwpkgmtzgelnnsesddsesnnlegztmgkpwmdbkgutaxarfsjzlfpfhemjssjxi
ohogsksdgbfvaoeqsxogwjiyekbbnkrdshjmsbpaeuvgkbxeallxwttwxllaexbkgvueapbsmjhsdrknbbkeyijwgoxsqeoavfbgdsksgoho
cevvhgsbnhbwyomnrbvqcfhjolenkcumipjpybrnkujiivybzttbyamposeyuzkcqusqxldkfnsqkqrjjlmknybbqfbkgopzihphsvrzimpuejeqwqcjpdnhkqutejsosjetuqkhndpjcqwqejeupmizrvshphizpogkbfqbbynkmljjrqkqsnfkdlxqsuqckzuyesopmaybttzbyviijuknrbypjpimucknelojhfcqvbrnmoywbhnbsghvvec
rckjwgylqjhrcerteogvxxbgttxkrazkdjvbqtngdwahataehibefcmyxjirjibmtzojsdsxzsgbliiuqjawomwlvfcepgtkfjuzmmzngfqtoyneinaybxbyanienyotqfgnzmmzujfktgpecfvlwmowajquiilbgszxsdsjoztmbijrijxymcfebiheatahawdgntqbvjdkzarkxttgbxxvgoetrecrhjqlygwjkcr
fjazgnyungnbhkpvhbyyceqjsmdbrfozqoyybysrggsqsjlcljsqsggrsybyyoqzofrbdmsjqecyybhvpkhbngnuyngzajf
mxbsbrdqkuwnyzktibilavhyrfmmetoqsrktjplvljjkitfsvodxjmxcskqyfgpxybtjteeeonqwjwpgmufxjcbbosbtastaumjnsqtgfkfqiwwiqfkfgtqsnjmuatsatbsobbcjxfumgpwjwqnoeeetjtbyxpgfyqkscxmjxdovsftikjjlvlpjtkrsqotemmfryhvalibitkzynwukqdrbsbxm
cnmiofavwmvmikelzzbnxhkkzjxrgtekgqqgketgrxjzkkhxnbzzlekimvmwvafoimnc
eimgpzskjvukfsywhdedzwkbknfyhdzlnmtcnnoxiihpchljmqoomypymxytaygnmzrbohyzriotraeestugtjfhgdaidixrjqtyxrxobnjvnobfhvmagtipykxcvxvcxkypitgamvhfbonvjnboxrxytqjrxidiadghfjtgutseeartoirzyhobrzmngyatyxmypymooqmjlhcphiixonnctmnlzdhyfnkbkwzdedhwysfkuvjkszpgmie
xmnlzdbngxrhfexqwnffzikzgoanaocxcsicvlrdlikqojikynrzxczfsztsnxpppatnnkqyudriozunpmomqnuioncdmttetorjzjhvoygdyaspogdgwxqkmsozosmkqxwgdgopsaydgyovhjzjrotettmdcnoiunqmompnuzoirduyqknntapppxnstzsfzcxzrnykijoqkildrlvciscxcoanaogzkizffnwqxefhrxgnbdzlnmx
dwgkdxkinlblxohzbpasqsywvywhdfojdwthtfrjrvuoldpmupgkjeejkgpumpdlouvrjrfthtwdjofdhwyvwysqsapbzhoxlblnikxdkgwd
kadoaaeqsfdvmcxlosmfttenicneambkmgaoifeamjyamvlcoyijroybrlhtxlflriacpgedqcdeargqpqzihykalttleawykyazfecvjiblzhbqacyhakjogcbkexipixekbcgojkahycaqbhzlbijvcefzaykywaelttlakyhizqpqgraedcqdegpcairlflxthlrbyorjiyoclvmayjmaefioagmkbmaencinettfmsolxcmvdfsqeaaodak
marvnahlngnicojryxptqghgoovheniqpbocbvqpddzhtkzuiqnyyuhmlcvpvclmhuyynqiuzkthzddpqvbcobpqinehvooghgqtpxyrjocingnlhanvram
kcxxetgrzlfdunururkglzjprxgtyvmlxlkdfqugbbkxqgonxbtkaeatbgmbdzobmyetobapcmmvsdirebcefcxikmlonarzyvtpwvgbhvhbgvwptvyzranolmkixcfecberidsvmmcpaboteymbozdbmgbtaeaktbxnogqxkbbguqfdklxlmvytgxrpjzlgkrurunudflzrgtexxck
nkzwahsqygwesasxrxotspzangdacgbpscnsjikjojngjifchwvbnubddhdhpeyhgmzswlbmurvezaiiiazevrumblwszmghyephdhddbunbvwhcfijgnjojkijsncspbgcadgnazpstoxrxsasewgyqshawzkn
fysiyqtloxltdbbwbeudkxyzmzodeyrlzltxbmkrmvkpylnzsjeehdeteuyisrtrcpqgddxpyigxvvypfdwoichmwhhwmhciowdfpyvvxgiypxddgqpcrtrsiyuetedheejsznlypkvmrkmbxtlzlryedozmzyxkduebwbbdtlxoltqyisyf
mmtpldkzzwbekgebdmekhjcvrvlvydgmpzbdfncglflvnpyrecdllfifctccwiooksrrhvxtakqqcphgtmthrcmwvoyuyovwmcrhtmtghpcqqkatxvhrrskooiwcctcfiflldcerypnvlflgcnfdbzpmgdyvlvrvcjhkemdbegkebwzzkdlptmm
bcenkustrfmbsnjcspprazufsjfvsbrtfxiqrcjlkwmclxednvwpxrwpcbmuegqkdaaxdjinhwrstvxisuxpnugrrgunpxusixvtsrwhnijdxaadkqgeumbcpwrxpwvndexlcmwkljcrqixftrbsvfjsfuzarppscjnsbmfrtsuknecb
amnqigliwysukbxczwgzrwwbwrtziviljxbrdocaouwavucxqiwihuldlefvznijnlcqzgsnbpnyjsvbcrjjnupybuuajclwoqppwhfxwsyfyswxfhwppqowlcjauubypunjjrcbvsjynpbnsgzqclnjinzvfeldluhiwiqxcuvawuoacodrbxjliviztrwbwwrzgwzcxbkusywilgiqnma
fbrakgkdyxdnyqoibnvrmodtuiyzfmumplnzuzeszkhxcxfekavwqbsljskoeeeoksjlsbqwvakefxcxhkzsezuznlpmumfzyiutdomrvnbioqyndxydkgkarbf
hixjbwpftqflbzzrunhrtjnknbjoshfbsckvyzatshhvhgndvuwpfjztkljcjlktzjfpwuvdnghvhhstazyvkcsbfhsojbnknjtrhnurzzblfqtfpwbjxih
yqfgowwusifcnbhtozkyxfqynodtpycpojvfftzxdgbrhkmvjwvjeojremkwnolbzjiecidiqgbyrnvcmtlshvjljvhwkvajeiqiqvqjcrjthevvxjnggwwggnjxvvehtjrcjqvqiqiejavkwhvjljvhsltmcvnrybgqidiceijzblonwkmerjoejvwjvmkhrbgdxztffvjopcyptdonyqfxykzothbncfisuwwogfqy
umdlhycpeebdojudmnmlavrptailjprfdwqkxubbadgqoataqgoqdffyyffdqogqataoqgdabbuxkqwdfrpjliatprvalmnmdujodbeepcyhldmu
oxghkudscwoyrgsmttobaamkmezfmpgbopkylpsnljnergtkbhldkznydndynzkdlhbktgrenjlnsplykpobgpmfzemkmaabottmsgryowcsdukhgxo
vkpcultjamzlcziyhkotzredkleszwgwivychtlhhnskmakvkzojqvpagttgapvqjozkvkamksnhhlthcyviwgwzselkderztokhyizclzmajtlucpkv
qebzlhdgrbkhlytestkmzavsyxfhtghlkkkysqelrrucrngkityhvtztshcoplzzvmxnceavxuxokgyszycwtdpmkrczcdbxpantgnqdkqsuwsmxrqtkukkuktqrxmswusqkdqngtnapxbdczcrkmpdtwcyzsygkoxuxvaecnxmvzzlpochstztvhytikgnrcurrleqsykkklhgthfxysvazmktsetylhkbrgdhlzbeq
vtsemmjmvumqgysdvwheqkihchexjeufxmllyuyvqmmqvyuyllmxfuejxehchikqehwvdsygqmuvmjmmestv
vzvhachntrremsgncqdbagbsbvvtiaffbcocfvpyoiecblpfbvjddkvghqaptfwujkyohnpvytxbgpgjgpgbxtyvpnhoykjuwftpaqhgvkddjvbfplbceioypvfcocbffaitvvbsbgabdqcngsmerrtnhcahvzv
wwquizveezymqfujybigljgtkdwoqlnmkfhueeykdzwuesfdvplhzralxyankpbwvisbososrkowdvbalmhmgkxdizqsrrqmcipqddkuqysvuvvhidtotdihvvuvsyqukddqpicmqrrsqzidxkgmhmlabvdwokrsosobsivwbpknayxlarzhlpvdfseuwzdkyeeuhfkmnlqowdktgjlgibyjufqmyzeevziuqww
ozhytbikwlnqwrzrfqoklxqqifrtxgwnhfncgymfjcvftwyzmplzmbswijphrovztidagqhrsewlbxblwesrhqgaditzvorhpjiwsbmzlpmzywtfvcjfmygcnfhnwgxtrfiqqxlkoqfrzrwqnlwkibtyhzo
sprvcrlyhibztwpplhflidkjgmzjqwuiolfqftrobunwqcndjsptvbcdocmeaipowuhbpypsucomgdprvgksipywtkcvttkpotsdthynlmztsqkpxwiflidgshcnboereobnchsgdilfiwxpkqstzmlnyhtdstopkttvcktwypiskgvrpdgmocuspypbhuwopiaemcodcbvtpsjdncqwnubortfqfloiuwqjzmgjkdilfhlppwtzbihylrcvrps
nvhegkrqussovphmtyqcakwlryxjgsyuniawutmonheiylurlkvlvswoqwxzoyvdvyozxwqowsvlvklrulyiehnomtuwainuysgjxyrlwkacqytmhpvossuqrkgehvn
tswxsvkbnysyazngzyhkzbiqkqcaayowsmvmhgnwehhewnghmvmswoyaacqkqibzkhyzgnzaysynbkvsxwst
yyyjqaecpqkeokllqurjkqcbccboonsooqzgtdiiuuoiecvuymgieijgkmxabrophovctfkpabzefwbdihlprwveiuievwrplhidbwfezbapkftcvohporbaxmkgjieigmyuvceiouuiidtgzqoosnoobccbcqkjruqllkoekqpceaqjyyy
psmqrnfowpftpwewmmlzysyorkrxswthqhzkveyrwdmnztknfxnfpnviymgslbabizlfgmzcpnprgbgnatangbgrpnpczmgflzibablsgmyivnpfnxfnktznmdwryevkzhqhtwsxrkroysyzlmmwewptfpwofnrqmsp
iwhnvhaoefmbafllfvqcwgtfknonskubicodjrtpygqaldmsbeuzknevcuiueevpimssfmjduadffpxitthgiodkineprcrpenikdoighttixpffdaudjmfssmipveeuiucvenkzuebsmdlaqgyptrjdocibuksnonkftgwcqvfllfabmfeoahvnhwi
bxsrgpiycnlrpzzothvuwdsrqzgovhuxemokexkimwabvzsoinkgsezlegzznvytinfomqwaowdlyxbgmlphposvwtvjptezikpwclyskcdizeqorhvgwncsizexukyfwnwfykuxeziscnwgvhroqezidcksylcwpkizetpjvtwvsophplmgbxyldwoawqmofnityvnzzgelzesgknioszvbawmikxekomexuhvogzqrsdwuvhtozzprlncyipgrsxb
gvslwpdfiuoiwajvlicquucfwlozenpnljyjbbqjygruhdpuntljnnpkaflftcsglsrovhytqrpxwfrmyevoumyusjznltvylmnjvnclgskdzcrxiooixrczdksglcnvjnmlyvtlnzjsuymuoveymrfwxprqtyhvorslgsctflfakpnnjltnupdhurgyjqbbjyjlnpnezolwfcuuqcilvjawiouifdpwlsvg
vfelpednkbtuwlxbgsjkdqlfiwduwiutpafegkrtlmnhxmkfftqkldrvburxelqtoxauhrnueaddnnjujnnddaeunrhuaxotqlexrubvrdlkqtffkmxhnmltrkgefaptuiwudwiflqdkjsgbxlwutbkndeplefv
fxuobliatkbghvzxncpgbnyfxspizqcenyuqkfrdpskynlyconirdjwabnkafmgsldlxicazwmymmymwzacixldlsgmfaknbawjdrinocylnykspdrfkquynecqzipsxfynbgpcnxzvhgbktailbouxf
quugrovxeekqyseeubhwivlnebkzzoasluyclvbrzlhyfmezplxxijlnkxoklqewkcbxxcozqwzvkdkvzwqzocxxbckweqlkoxknljixxlpzemfyhlzrbvlcyulsaozzkbenlviwhbueesyqkeexvorguuq
lsupqgydnomojufqpbulxukrhtmerbvevptmxrrmgedpaihrjdcgznahionbpiflzyxxqolwuonvyxmkarsaesjohwrwgwhhugemxskrksxmeguhhwgwrwhojseasrakmxyvnouwloqxxyzlfipbnoihanzgcdjrhiapdegmrrxmtpvevbremthrkuxlubpqfujomondygqpusl
eaajcixdqjretrmrvtrcmjyqaxirsjwxlwiohftxrkdkepdzkwbxhzpjwzaqkypwxxkeffdwpgitigpwdffekxxwpykqazwjpzhxbwkzdpekdkrxtfhoiwlxwjsrixaqyjmcrtvrmrterjqdxicjaae
xkrqaunophecenmpvylpkqmyizicwzrvjinleazwigyotkeolpdvfpuqoesmdlhptvcyxcufiuubharspupwljmzogntrwkntnnrrjwbdseksvcjruicdwdtdwdciurjcvskesdbwjrrnntnkwrtngozmjlwpupsrahbuuifucxycvtphldmseoqupfvdploektoygiwzaelnijvrzwciziymqkplyvpmnecehponuaqrkx
bzjkbbcwxihrhuqficigmvvbwghbyiyajhmklqiiyqzfkrkvtsbinyjlgsmeangkwswhifrixsnhjzedtfnifytnqisqvycrtbbdismflbowbtzuaodgdoauztbwoblfmsidbbtrcyvqsiqntyfinftdezjhnsxirfihwswkgnaemsgljynibstvkrkfzqyiiqlkmhjayiybhgwbvvmgicifquhrhixwcbbkjzb
kefekvquqiziqrmkbigtairjfifsdlzophsceiwvswfipttsbblbjdkrnrjqclgusasuglcqjrnrkdjblbbsttpifwsvwiecshpozldsfifjriatgibkmrqiziquqvkefek
zyyolziinttleazihfpzsarygklqhdlgdjvrkfzxaukfwjnepefjewhkitcryoyezvvmawlbtwiphxvybaiiyruikxalnyrovoaxkoydmivtfsujtettvpciocvbcmsxsmcbvcoicpvttetjusftvimdyokxaovorynlaxkiuryiiabyvxhpiwtblwamvvzeyoyrctikhwejfepenjwfkuaxzfkrvjdgldhqlkgyraszpfhizaelttniizloyyz
owgyyzfrwuumxzyasdgivucqthhoqnzgjfejfmbdbmfjefjgznqohhtqcuvigdsayzxmuuwrfzyygwo
bwttqsvvleexzsqwkklktuauqoatihllfhewzbtkgykhsaecmpmhjobbeeuolgztngpojiypikxambfystgdijfmnbbnmfjidgtsyfbmaxkipyijopgntzgloueebbojhmpmceashkygktbzwehfllhitaoquautklkkwqszxeelvvsqttwb
egcldoouyyucrplsxfthbywxvdjktynyesljgcdgaziuowonbhwehsdevoprmcpquczdeejhdubtqpjtyfzgackxqbofefvaixfmbrthtrbmfxiavfefobqxkcagzfytjpqtbudhjeedzcuqpcmrpovedshewhbnowouizagdcgjlseynytkjdvxwybhtfxslprcuyyuoodlcge
panwhulngxofyhyqlwpffrfokbizglcxlrusmhfsewxdxwesfhmsurlxclgzibkofrffpwlqyhyfoxgnluhwnap
mntdpnxfxwvifptxjccreucvfgbzuuarjvuyjrfrjyuvjrauuzbgfvcuerccjxtpfivwxfxnpdtnm
afiecpnunpfbacewwbvpipittjapxhyymieqxskkjrnlurhqsefcvpyrzygyfgfygyzrypvcfesqhrulnrjkksxqeimyyhxpajttipipvbwwecabfpnunpceifa
meguccxyjnldubbvsuukbjxdbnjexotjuzgwwgzujtoxejnbdxjbkuusvbbudlnjyxccugem
hiozsouamxrhemlwdaikrszalojczzvgimfcaccoztxfhjdmlowegyhtmsxnrsvbgbdgffxeaulhfrvqfuxnseggwfupxpresumxcjdcermjihcndbavfiednysmnjnmsyndeifvabdnchijmrecdjcxmuserpxpufwggesnxufqvrfhluaexffgdbgbvsrnxsmthygewolmdjhfxtzoccacfmigvzzcjolazsrkiadwlmehrxmauoszoih
egohqgfwvywkgtymsfxtvarivwafvqmbwdiojnnenjqueriwyfptpfywireuqjnennjoidwbmqvfawviravtxfsmytgkwyvwfgqhoge
plbgvhvfsrbhjnjnqkvuxrewxconfzfvmgdkpyrhpsqbfboxomuldyjccxccjydlumoxobfbqsphrypkdgmvfzfnocxwerxuvkqnjnjhbrsfvhvgblp
wcnfznzyxzuhyppvaafztkrccyiwdfazhphjfghcgbjesabsdityulaxllvpqwqznxiserumuffumuresixnzqwqpvllxaluytidsbasejbgchgfjhphzafdwiyccrktzfaavppyhuzxyznzfncw
etsjdznecnmqbjlhafrvknumeydjkshrlbaqbnufcixfriorqfpatjjtapfqroirfxicfunbqablrhskjdyemunkvrfahljbqmncenzdjste
ljrwesixpgqccblkunbffarhzwzhwcmjldipvqonzepbhcndqqjvqaerydbuhngsqojmgxzfdqilvwqlmzifbmyzrbuzocthqftyeugimovhmlubncioqiokkoiqoicnbulmhvomigueytfqhtcozubrzymbfizmlqwvliqdfzxgmjoqsgnhubdyreaqvjqqdnchbpeznoqvpidljmcwhzwzhraffbnuklbccqgpxisewrjl
ceavsnclhuttrkerwqlzysivijwpziwbmwzelbruxmoowsiujtujncewncnoljrxhqesuxprkdiiiidkrpxuseqhxrjloncnwecnjutjuiswoomxurblezwmbwizpwjivisyzlqwrekrttuhlcnsvaec
fxeplgjqpexiuxayffinbwfuuqsxrnzzkdoymzqbenlamlasslhwhnsbflyxyaayxylfbsnhwhlssalmalnebqzmyodkzznrxsquufwbniffyaxuixepqjglpexf
ruqpnzuhxncuapxdbtpbkauzqyipymjrichvddeasgvsxsxznnaxnwzfujuvvfmfhvbkzflroimncjmpyoplnoqjxkevsrazmdknlxhbhvojjovhbhxlnkdmzarsvekxjqonlpoypmjcnmiorlfzkbvhfmfvvujufzwnxannzxsxsvgsaeddvhcirjmypiyqzuakbptbdxpaucnxhuznpqur
mctmeqmupejdyoevpjpptxhbtugerxvfcqtgghaymmbmchjrjhcmbmmyahggtqcfvxregutbhxtppjpveoydjepumqemtcm
adtdqeajddxjlxzhivhamazzmspgkptmumslssuxvtijshsbezdsbernygtlxoxltgynrebsdzebshsjitvxusslsmumtpkgpsmzzamahvihzxljxddjaeqdtda
psutksaniwxplwwrmfxqbtvinjyjkizbctvpnxcywcnhylykqyduraegkcpwnqxrjugzslszgujrxqnwpckgearudyqkylyhncwycxnpvtcbzikjyjnivtbqxfmrwwlpxwinasktusp
zbauhxvphthevoqcbmqhmtcfgmaiwrdbugvddqskkzrhqhlrvbyhuamcnollhombwheazyklyduoloudylkyzaehwbmohlloncmauhybvrlhqhrzkksqddvgubdrwiamgfctmhqmbcqovehthpvxhuabz
qwoouswgypmohdtrupwfxwmxabwdxiooeceyuahvqvlzzgqvvpcunounrqspygfeijfflmlffjiefgypsqrnuonucpvvqgzzlvqvhauyeceooixdwbaxmwxfwpurtdhompygwsuoowq
dmtwtpmuzuwkaiykvecoechvoivyfkliwegrtvnvpmfpwdcrjgioipjwygwdwgywjpioigjrcdwpfmpvnvtrgewilkfyviovhceocevkyiakwuzumptwtmd
tsxgbvwgpyiuxxefqyvdrbcqbhbagqbbkahlwfrndbhdaoirmfwdgzviixiopjpzmymifgxlhgoiuwbjbxmhyiiyhmxbjbwuioghlxgfimymzpjpoixiivzgdwfmrioadhbdnrfwlhakbbqgabhbqcbrdvyqfexxuiypgwvbgxst
fnqffsdcqyfvzlaczonempocbdcbgmmgbcdbcopmenozcalzvfyqcdsffqnf
gnmzxmctkzyulgkfmhzysxkvfcjtyyifowenligvjgsuocbalbafykbfmmymninmymmfbkyfablabcousgjvgilnewofiyytjcfvkxsyzhmfkgluyzktcmxzmng
svnlbrocselofhquamonyrvigmpfoefhbtuekjieptsuckqewgsxxphdcwlqcqzflujxftbuowqrggxfnpemhlslkddmvdsjzdgezkangqgoyetlvzaclsnvxtjssjtxvnslcazvlteyogqgnakzegdzjsdvmddklslhmepnfxggrqwoubtfxjulfzqcqlwcdhpxxsgweqkcustpeijkeutbhfeofpmgivrynomauqhfolescorblnvs
cjfembfrefmujszovmowmmjnwnshcqaeaikojphnvvjgpiwlvnhjzsyxgqeihhnjpxxapgnmbzsrhqcedjqebobjfisophxgewgtcvfduzueswkvkwseuzudfvctgwegxhposifjbobeqjdecqhrszbmngpaxxpjnhhieqgxyszjhnvlwipgjvvnhpjokiaeaqchsnwnjmmwomvozsjumferfbmefjc
ldacshwmukqtqyqakhlsyrstqfaddyzgdbkvjiifsyakyqkixxcyouthctmhtopwpzsyjcgdcgnazzkywmwnjrwlliuewjdmkxmtzswdzldympwibvxmovxzetgcccgtezxvomxvbiwpmydlzdwsztmxkmdjweuillwrjnwmwykzzangcdgcjyszpwpothmtchtuoycxxikqykaysfiijvkbdgzyddafqtsryslhkaqyqtqkumwhscadl
shtuontdyewxksbitgshrfxbiovgjzzbisxwhtzgxydjserlnlveqshagcipdhsmbskjlmrkmwtealspynvrfdrohafljazlslwdznnljgsltkbuxwxubktlsgjlnnzdwlslzajlfahordfrvnypslaetwmkrmljksbmshdpicgahsqevlnlresjdyxgzthwxsibzzjgvoibxfrhsgtibskxweydtnouths
gyozwuyvqjopiforygeirjrtxvrxfywnwkmuempwwdngjczjkdrbokunfnmmlizjtodzcuwaajglnguzlnbcxxrdnerymrkfhphjmdkmoszeytdmigqfehkrlcravdhctotchdvarclrkhefqgimdtyezsomkdmjhphfkrmyrendrxxcbnlzugnlgjaawuczdotjzilmmnfnukobrdkjzcjgndwwpmeumkwnwyfxrvxtrjriegyrofipojqvyuwzoyg
kimwlurnpypnpkbltysktsrkgokhpphcywyjsrrsjywychpphkogkrstksytlbkpnpypnrulwmik
dgzdkewcdwnmzlqwcxjivksctlogrxvugxxsdvwhrjvswlpylyjgibkdpamgajagizymwuvpfqicezcrzlziplngnlpizlzrczeciqfpvuwmyzigajagmapdkbigjylyplwsvjrhwvdsxxguvxrgoltcskvijxcwqlzmnwdcwekdzgd
mupqaxzulocyhnzescacklazhurlhbsvwklwhktsaxsjmrofwqjibjhldywmcrhybswifpchoxrbqhgmxrvbccmgdkufbcfewbodtrlhqeiglqtkhqlmszsmlqhktqlgieqhlrtdobwefcbfukdgmccbvrxmghqbrxohcpfiwsbyhrcmwydlhjbijqwformjsxastkhwlkwvsbhlruhzalkcacseznhycoluzxaqpum
acmjmywanjhlasssnktgowsbiztkagcclrlxpjzctiptahlqthwhdrllsgxsmcuxtfwipxmkfccfkmxpiwftxucmsxgsllrdhwhtqlhatpitczjpxlrlccgaktzibswogtknsssalhjnawymjmca
iufixnypjkvyrkbcuvymuiemtzgrfoeqklyiayxjlskccleyelccksljxyaiylkqeofrgztmeiumyvucbkryvkjpynxifui
kwyuqzsdoaeooqynytmsdggrwnvkiwestenldhqtiviwnilncafhhfacnlinwivitqhdlnetsewikvnwrggdsmtynyqooeaodszquywk
aanvldyiddnntxdoukyoecekhhncavpdweajhztkehzxedobpmpvotfyctceqrhmvkxflrrpyrpewfhnrwihroorhiwrnhfwepryprrlfxkvmhrqectcyftovpmpbodexzhektzhjaewdpvacnhhkeceoykuodxtnnddiydlvnaa
ukbpvvsytcnfoxmslbewfojetzfnqielsfcqcuovybapzohksnjzbudxwikmqqzlvcdxyruxtumulvgdirekmhjirvwjlwwiwwljwvrijhmkeridgvlumutxuryxdcvlzqqmkiwxdubzjnskhozpabyvoucqcfsleiqnfztejofweblsmxofnctysvvpbku
mtzaqxdjrpacfcczwgdkmammppewpbxcuxeluhunzwsgyufwbihpjtdakhyblwlbyhkadtjphibwfuygswznuhulexucxbpweppmmamkdgwzccfcaprjdxqaztm
