asdxwxeuyrsbibvlimhmfdmkvvtfywvzqbymycjyubbeewrnkaaknrweebbuyjcymybqzvwyftvvkmdfmhmilvbibsryuexwxdsa
wpbgrqqkbplxroqttejrpzkrgeedoymmopuhfnuichhvxyoqexhuzrlfvrvflrzuhxeqoyxvhhciunfhupommyodeegrkzprjettqorxlpbkqqrgbpw
qiqjzpiyaqrnshkdoznxxhjgzhssddyunpdmenmhdgwynhdbisbhamqbtiwxnurblwnsjczoixovetznmcwoompkunhikalvwyphcoxkmoissiomkxochpywvlakihnukpmoowcmnztevoxiozcjsnwlbrunxwitbqmahbsibdhnywgdhmnemdpnuyddsshzgjhxxnzodkhsnrqayipzjqiq
eepsmxweoowhqfewsestkbhshdvliqrmwiejfbnvrldjqjginaexxeanigjqjdlrvnbfjeiwmrqilvdhshbktseswefqhwooewxmspee
ocjmgpiuvypqwvvufojigxhsjpgscppqrbdyqnslmidkfzekpquyndqyswqvlinejsczivmufqemeqfumvizcsjenilvqwsyqdnyuqpkezfkdimlsnqydbrqppcsgpjshxgijofuvvwqpyvuipgmjco
wyjfysbqsiyvemoxsweseuqcrmkfxtyvtjcrcdiunirsxfppbvjhpamgmwnlrlgkvieznovbwmtvtmwbvonzeivkglrlnwmgmaphjvbppfxsrinuidcrcjtvytxfkmrcquesewsxomevyisqbsyfjyw
cgzlrjwefejzldhqjhgrpunrdiizwdmykojbzffemqfxtmnfvtykpmevwmuspjqzxbxzqjpsumwvempkytvfnmtxfqmeffzbjokymdwziidrnuprghjqhdlzjefewjrlzgc
hroxnfvyxfmckrlsbaonwptcxwuxrltycjvposplzdnjwyeyaslxkekxlsayeywjndzlpsopvjcytlrxuwxctpwnoabslrkcmfxyvfnxorh
dgxkgegvlcfvpelctfwyduvlocukjcdmiczqhflujsqzzbbsizslunzkpvwaxcnhemxltliefadedgzlgrxchwmyrlzqnoxrcwfxjpbpbpjxfwcrxonqzlrymwhcxrglzgdedafeiltlxmehncxawvpkznulszisbbzzqsjulfhqzcimdcjkucolvudywftclepvfclvgegkxgd
jrknhlzcwzgqrykhyezzuyrmbfjichunagahtbmqbsiusvbqbdrvbjieqtmtahgcnjkhmyznqjhkglahqtdtcnxtgkojtwlihxpuvqhnarxiezquttnximmixnttuqzeixranhqvupxhilwtjokgtxnctdtqhalgkhjqnzymhkjncghatmtqeijbvrdbqbvsuisbqmbthaganuhcijfbmryuzzeyhkyrqgzwczlhnkrj
rdkflrpoogirnxxtoolqgcihwzwqicizithtmykcgstvrsofgavppvagfosrvtsgckymthtiziciqwzwhicgqlootxxnrigooprlfkdr
ysusliqaslvuchdbdyciklqjgtqkhfxhasbncscnbsahxfhkqtgjqlkicydbdhcuvlsaqilsusy
xyrehpqmxawdzbqqnhvucmrkgqvzvrtupmyzbolaojgqlwgyeduipnswdpxyhqtwctvgkhgaqmqdjwbpzxxrkrnohmmhonrkrxxzpbwjdqmqaghkgvtcwtqhyxpdwsnpiudeygwlqgjoalobzymputrvzvqgkrmcuvhnqqbzdwaxmqpheryx
jstgkjahwigmbjrgkitpoxkfhogquclfugngponmyvazergobbfpyqxhgfxchkidikhcxfghxqypfbbogrezavymnopgnguflcuqgohfkxoptikgrjbmgiwhajkgtsj
jfswadzeoiwurpanxevxrnopvyxprmebtwzubyariwlallpislsipllalwiraybuzwtbemrpxyvponrxvexnapruwioezdawsfj
qratzieiadtwgspevamdagkxrlmgjmczdeufoynobinjdeoyecbejndczsikemkksgphfexgnmsqqioxkrkxoiqqsmngxefhpgskkmekiszcdnjebceyoedjnibonyofuedzcmjgmlrxkgadmavepsgwtdaieiztarq
lkinbcznfcovhbxxytnffmckzflmbhfosndvsfixhyuqaspyncevpifqpqeqylhsbkptpasyynoahezuifrzpxqfnwvnichjnxcexudxjtjxduxecxnjhcinvwnfqxpzrfiuzehaonyysaptpkbshlyqeqpqfipvecnypsaquyhxifsvdnsofhbmlfzkcmffntyxxbhvocfnzcbnikl
vreyghpaxhmojyxkcpuqbsnstoicejhzalxisojrjosixlazhjeciotsnsbqupckxyjomhxaphgyerv
lvcgduajugytghylltklpzjrszljhxzsucazwclqijkqqkdedppsoblhcwslvrfrthrskekunuleeoijezducobgmtrjnybiguaqqaugibynjrtmgbocudzejioeelunukeksrhtrfrvlswchlbosppdedkqqkjiqlcwzacuszxhjlzsrjzplktllyhgtygujaudgcvl
ooeckncltwnnkceprajbbcthzqnzozueoajapllihzxrdbiueswhwrovjbwxdscttltiwhtgiqzluifycdfywwvfzrdeedrzfvwwyfdcyfiulzqigthwitlttcsdxwbjvorwhwseuibdrxzhillpajaoeuzoznqzhtcbbjarpecknnwtlcnkceoo
moalyokgiddfyrvotfattlljazencfbqwdburncbtggrzehslhnevapxzukdbluxoxrilujecsxbyeybxscejulirxoxulbdkuzxpavenhlshezrggtbcnrubdwqbfcnezajllttaftovryfddigkoylaom
mmotelapyyttkqvxbwnjyljbbwnwedpsrgmxronqmgjyygvzcklcvweysrxywmqnsekmszcgfngfvdhxouzlqdkiwhgsvyhoduaxtegbtmgoqpngjorzudjqkrkqjduzrojgnpqogmtbgetxaudohyvsghwikdqlzuoxhdvfgnfgczsmkesnqmwyxrsyewvclkczvgyyjgmqnorxmgrspdewnwbbjlyjnwbxvqkttyypaletomm
ncbzcjyiuigbzrdipqtnilgatckmkmhxokwqvwypehqeytmnkgcstkuonhbxtkktxbhnouktscgknmtyeqhepywvqwkoxhmkmkctaglintqpidrzbgiuiyjczbcn
dnvpigsnocfcjnhjzljquaucbcmjwkycxurfclvrnavxqeippthltbnueadckcgjyxrakmtyoqxeuftlzcxsempkouokpmesxczltfuexqoytmkarxyjgckcdaeunbtlhtppieqxvanrvlcfruxcykwjmcbcuauqjlzjhnjcfconsgipvnd
honwpkyegoxyriogahwdywafiypjliuuwirlurrahpbyzrezybfyzfeigtrrblmztfnqwewqnftzmlbrrtgiefzyfbyzerzybpharrulriwuuiljpyifawydwhagoiryxogeykpwnoh
bvzwizwunicryivzcjluddsqmuypugkvbltkkrgaaktasrzvakpdnjvbfwtzcfweqpqdhwdjgwjbnkwowntmwrpbnidrnzxgrnjalmjukuvygtocijoeaghpphgaeojicotgyvukujmlajnrgxznrdinbprwmtnwowknbjwgjdwhdqpqewfcztwfbvjndpkavzrsatkaagrkktlbvkgupyumqsdduljczviyrcinuwziwzvb
yztnpibjdsydziwlfadgpvnbexaavjivkbizklkndisdsoqxqteiqtjxqjxnuhieisgudshjbcotsetjzxtsscpinoxkvfofxwacpjnslbnghgrhfkzxoqhbeelzlcclzleebhqoxzkfhrghgnblsnjpcawxfofvkxonipcsstxzjtestocbjhsdugsieihunxjqxjtqietqxqosdsidnklkzibkvijvaaxebnvpgdaflwizdysdjbipntzy
henvtrydrnmcuvharlsmdurqrdulowvvdkswbqbsfpwbkdbeqvsvqkmjjmkqvsvqebdkbwpfsbqbwskdvvwoludrqrudmslrahvucmnrdyrtvneh
zhdzajfrovwrmzcsocmexavwmmlbhmqgqmhblmmwvaxemcosczmrwvorfjazdhz
xbnhbcpcogmtmdqrcneujvkzidodfvreyhmajbexjqrxtjoxwsripdjxhzcovusvdgvojbosrhrmqfjpzdzpgiigpzdzpjfqmrhrsobjovgdvsuvoczhxjdpirswxojtxrqjxebjamhyervfdodizkvjuencrqdmtmgocpcbhnbx
uimmbjbmzevxvqyuhnqnxndkdrtszgkwozipildjrbgmrgiywzntmtfrkymlgwhxvrmecspttwfmeokapxvdsawcbiohhxecptitnangwusciefzdccdzfeicsuwgnantitpcexhhoibcwasdvxpakoemfwttpscemrvxhwglmykrftmtnzwyigrmgbrjdlipizowkgzstrdkdnxnqnhuyqvxvezmbjbmmiu
ozxkjboynqxcoxadgkzysbmrvdswtyuizrukukkichkrhmwnyyntbbkxeetxcnhdhbnboxjqhvjokgdigqdhrnevsauwnccufrytrjmymjrtyrfuccnwuasvenrhdqgidgkojvhqjxobnbhdhncxteexkbbtnyynwmhrkhcikkukurziuytwsdvrmbsyzkgdaxocxqnyobjkxzo
jdfaxucaxtpryvysvexuhadseesbvsbhxhhwdjwafmtdjrxeyuyfudzbjtcgleninueqgdslrlqafqedmekhhlisemysqoaffaoqsymesilhhkemdeqfaqlrlsdgqeuninelgctjbzdufyuyexrjdtmfawjdwhhxhbsvbseesdahuxevsyvyrptxacuxafdj
flanupnoxolfowalzahbtxljuykhtncybcnvtcltrwyhuatvbcwwziftisbbhfzihogdqtwjqwrmxmiaoewpoekwynnywkeopweoaimxmrwqjwtqdgohizfhbbsitfizwwcbvtauhywrtlctvncbycnthkyujlxtbhazlawofloxonpunalf
hpgkdkktxgkisgnajrivqqdakijvpbqwsxiyjsriabqsjdjsqbairsjyixswqbpvjikadqqvirjangsikgxtkkdkgph
aufavydqutpsrcjlrkmyfjblfnpznisnezpaytsuojmfnwnfmjoustyapzensinzpnflbjfymkrljcrsptuqdyvafua
buugjkdofpnqdyfislblfpuymxkitqdwkzcujhirwvhbwmjqzkbgzwfovryohbmsbqmmywdwrmypajjapymrwdwymmqbsmbhoyrvofwzgbkzqjmwbhvwrihjuczkwdqtikxmyupflblsifydqnpfodkjguub
hbqvwqqogurwbtbvyefutvgokyppflsmokjmabbhyudzphwnleihzqvmqmbvavjofubgwepuysvnbrbnvluvbrhtekpghyumtxurbjlbegpfzsuvdqsgibzonquupqgkgqpuuqnozbigsqdvuszfpgebljbruxtmuyhgpkethrbvulvnbrbnvsyupewgbufojvavbmqmvqzhielnwhpzduyhbbamjkomslfppykogvtufeyvbtbwrugoqqwvqbh
lraaoytnbssslpwfrmcyyjyojigfiadvrfwhdpxekpyvgwczjhajsyxbgdhqfklzshgvzfcjwceczgcipericqjkvssvkjqcirepicgzcecwjcfzvghszlkfqhdgbxysjahjzcwgvypkexpdhwfrvdaifgijoyjyycmrfwplsssbntyoaarl
xwjorqschiucljhlmlyjzdtmatcjljwiihzzxrdgcyjnjsbvdzgedasfvxoggoxvfsadegzdvbsjnjycgdrxzzhiiwjljctamtdzjylmlhjlcuihcsqrojwx
xdgfqgwvmfpwejwydtemgnsafvdjfzpdcykuggpsnepuonstgwfmjzmqurbcstfwrrrxzgrmmrgzxrrrwftscbruqmzjmfwgtsnoupenspggukycdpzfjdvfasngmetdywjewpfmvwgqfgdx
bzbyjltdomftqguuedhbgssciedryffzgjapwttmhagxiaspfbqlwkpeosymzfnhonymjrzqufqeeqfuqzrjmynohnfzmysoepkwlqbfpsaixgahmttwpajgzffyrdeicssgbhdeuugqtfmodtljybzb
iarrwfsddtvmcyamvfzlarlsfcuvidwsfpjeudjzxglbgmpctopuhaomeljmqhfvwqbsukrtrfuxufrtrkusbqwvfhqmjlemoahupotcpmgblgxzjduejpfswdivucfslralzfvmaycmvtddsfwrrai
unwbkbvclsiouhebzfzrftnglsznmsoghmjrofwzxeqsnutmbvfgosmzmopbgdhqsrhgwdhvjxpxslltgrgtllsxpxjvhdwghrsqhdgbpomzmsogfvbmtunsqexzwforjmhgosmnzslgntfrzfzbehuoislcvbkbwnu
zxopwwlbiqrgsxzrftcgvjkmukxdqlzplpgjnskwieecddddceeiwksnjgplpzlqdxkumkjvgctfrzxsgrqiblwwpoxz
trqufeovhqzqdnztakdmjqgcveviosfhlxdqbrnihpakcbgcojoxbubybygptmwglbxnsmxbbandbvbdnabbxmsnxblgwmtpgybybubxojocgbckaphinrbqdxlhfsoivevcgqjmdkatzndqzqhvoefuqrt
iaadhuvbbtvgwmsmgxzlylpccztgtrddsddsddrtgtzccplylzxgmsmwgvtbbvuhdaai
dbuptwprbyvwgziwoilrwzrghzvbbbxgetwzqllqzwtegxbbbvzhgrzwrliowizgwvybrpwtpubd
popwfywungjlwqdexmqfszxahjinnlmgbbcgzzcphlcdcfkbtcgmbfolpwyehnkjoprqqufxhhdlonmhptvsyldpievrrgchxwxnqemxlrlzexjvsgqtsvkvstqgsvjxezlrlxmeqnxwxhcgrrveipdlysvtphmnoldhhxfuqqrpojknheywplofbmgctbkfcdclhpczzgcbbgmlnnijhaxzsfqmxedqwljgnuwyfwpop
ohbrmcawisoargkdrlihqgqtqmfwrqtfzwxlyzkhryjletoxezewfurwjwsaoniokfbkgltzlckpxbmdascfpvdauyailiyxpckxndxzijqhkffkhqjizxdnxkcpxyiliayuadvpfcsadmbxpkclztlgkbfkoinoaswjwrufwezexoteljyrhkzylxwzftqrwfmqtqgqhilrdkgraosiwacmrbho
oizrnzfrcsuanfogrepmhhgypzelkiaysbpgcwxeothcavkrbcfjlojbnnmxxpxpqmxtkxzzqidrepkftqqfezirowrllodedaznxaoojthnlruejljnmthbqaqbhtmnjljeurlnhtjooaxnzadedollrworizefqqtfkperdiqzzxktxmqpxpxxmnnbjoljfcbrkvachtoexwcgpbsyaiklezpyghhmpergofnauscrfznrzio
oknhlopwahabndbznpqhjeqokjbfqiifiiqfbjkoqejhqpnzbdnbahawpolhnko
whubnqvocqwjwaisoebkjuknfqjcwnpsvlvictzglvrivzclffxozhbhxllvacnvnkgrdfzrcqzzrbkwhjniqopnbakcezzsjflpmlgodhnvnhdoglmplfjszzeckabnpoqinjhwkbrzzqcrzfdrgknvncavllxhbhzoxfflczvirvlgztcivlvspnwcjqfnkujkbeosiawjwqcovqnbuhw
lmrpxroqywudrczwjdmeahhrjqscpzdamxrlohcodwrubtsmwhqyqzqarkehkjjygblwkpmompkwlbgyjjkhekraqzqyqhwmstburwdocholrxmadzpcsqjrhhaemdjwzcrduwyqorxprml
xbijncuueyzjpevuzhiknwwhxtqnqkvpmeabgwvmuwxmcsibbropnmylgpayzyyzyapglymnporbbiscmxwumvwgbaempvkqnqtxhwwnkihzuvepjzyeuucnjibx
rwijtxloohqyjhqazobghsscuyvijttcrblkbzargsprzitbyxhgpaklafujanorqberaekhxcyykubirjqglbsngowjbmatognolxxkzyyzkxxlongotambjwognsblgqjribukyycxhkearebqronajufalkapghxybtizrpsgrazbklbrcttjivyucsshgbozaqhjyqhoolxtjiwr
uckaopttdjcckwmggzhdctjfmxegvmgsossdjmymxaqhxeofdvigptnbtrjoerisjbxtpwhmyyuvckaghlmwezazzazewmlhgakcvuyymhwptxbjsireojrtbntpgivdfoexhqaxmymjdssosgmvgexmfjtcdhzggmwkccjdttpoakcu
ookcyfjzugkidxubksmnarrqtfjtthoivaktgvuceekjbfkozydbqurjzdetktdhtpcbkwdodwkbcpthdtktedzjruqbdyzokfbjkeecuvgtkaviohttjftqrranmskbuxdikguzjfyckoo
ogqxecmrzqqgeljyzhwqrxjkdvzgrzffiwdoapgbhyhoksmjzicsflcljcradxgltlavcgwjgfxqxlcyugrbtvmcxefbbnmwymrauplbultttlublpuarmywmnbbfexcmvtbrguyclxqxfgjwgcvaltlgxdarcjlclfscizjmskohyhbgpaodwiffzrgzvdkjxrqwhzyjlegqqzrmcexqgo
hyckkptxyyftpgtrevgofomunqiaeegnckxoatoyrtugbpafapbgutryotaoxkcngeeaiqnumofogvertgptfyyxtpkkcyh
gsfhnwiacxvydcfmjicuzzhghlldpjixbpeomoronmoqotezdgvefdkoqxufgeehuiyiypymdmcuijvlprsxwelmchtimxmithcmlewxsrplvjiucmdmypyiyiuheegfuxqokdfevgdzetoqomnoromoepbxijpdllhghzzucijmfcdyvxcaiwnhfsg
xddggbwcsogycpmchfufwnyqwpuszvwhzbnfeliwbqudhhgomcwkswaqmvinqeurhjxmwhkhwmxjhrueqnivmqawskwcmoghhduqbwilefnbzhwvzsupwqynwfufhcmpcygoscwbggddx
iypfejxnxzxnlmhingvbgldcbdpvdoenoussfpfdqeqdqymfgjhmumovpfruvvjjrccxtjcmqspisdoynvkhhbfyiyuevdnnhrmdboptigbbkpzxmmgvplvxvlpvgmmxzpkbbgitpobdmrhnndveuyiyfbhhkvnyodsipsqmcjtxccrjjvvurfpvomumhjgfmyqdqeqdfpfssuoneodvpdbcdlgbvgnihmlnxzxnxjefpyi
xswgwioegihammpywnncamuiryjuttlsnhzjrprjzhnslttujyriumacnnwypmmahigeoiwgwsx
bhokaxejexawslbkmkchwmxauwjfaujbdaodxsmdsoambbwqnaxjowlisxqsrbwudkzceogwegigjgywhxhvtvgmsyejzcczjeysmgvtvhxhwygjgigewgoeczkduwbrsqxsilwojxanqwbbmaosdmsxdoadbjuafjwuaxmwhckmkblswaxejexakohb
wxgfmtvppctpxqmtoticyadwntzowwjutrzilwzcyutxmhqacycbygznbzbnzgybcycaqhmxtuyczwlizrtujwwoztnwdaycitotmqxptcppvtmfgxw
ydyrgtgrthbudiuojmaeujcrtcbpbffciftozbiujlpoujddxfjtolljpmyttfvclqsmrcgccgcrmsqlcvfttympjllotjfxddjuopljuibzotficffbpbctrcjueamjouidubhtrgtgrydy
xuocmjgchhiuswozczunqfvntjikvgvscmvrvbvcldydbneemzreeprxyzktihmmtjdpkztvesagfhktgdxmspjrovmydylwjonwphrububurhpwnojwlydymvorjpsmxdgtkhfgasevtzkpdjtmmhitkzyxrpeerzmeenbdydlcvbvrvmcsvgvkijtnvfqnuzczowsuihhcgjmcoux
msmtgxxdnvdfvoavmxehwrynnfstzidlaqggpdlcyqjvekqqhuagnytbfmwfwaqzszhhcvmdlvyshripnkxblqeqeavbcocunjepessepejnucocbvaeqeqlbxknpirhsyvldmvchhzszqawfwmfbtyngauhqqkevjqycldpggqaldiztsfnnyrwhexmvaovfdvndxxgtmsm
eymjdeyfdmlypiupxtunnjkwkwvkpumtsaeyeefiqqgiycxxxtkkcvioteakyoftpjrtqwdiolqnnnkljxxluicpmeempciulxxjlknnnqloidwqtrjptfoykaetoivckktxxxcyigqqifeeyeastmupkvwkwkjnnutxpuipylmdfyedjmye
ckigcuhcveswbqoihylfrxiqyddzxjebtnhyjqaexsdyktitrtyktiatogotaitkytrtitkydsxeaqjyhntbejxzddyqixrflyhioqbwsevchucgikc
hjqvgriieustslkwrtosbcuccvpqqgcxrvuxmcfryamrnwnepezqitunqkfgsiejdajpdoidquudqkkhqjayeulxgrdyzjkektvpjesccsejpvtkekjzydrgxlueyajqhkkqduuqdiodpjadjeisgfkqnutiqzepenwnrmayrfcmxuvrxcgqqpvccucbsotrwklstsueiirgvqjh
wudewxyiipnxisnisnbzzusjguzilczkxeqvcodkeqjmlwwdlxckuxwcrxlfzmpwqftutyhzrqlcpjfajjndgjhaahjgdnjjafjpclqrzhytutfqwpmzflxrcwxukcxldwwlmjqekdocvqexkzclizugjsuzzbnsinsixnpiiyxweduw
dcnmmqpcfzylvitmpkdbeefrdrwxggekktyxjnbrozclkvxbhaemhjfkabkijosujqttfwkwvmhhjfiqfmemxkkxmemfqifjhhmvwkwfttqjusojikbakfjhmeahbxvklczorbnjxytkkeggxwrdrfeebdkpmtivlyzfcpqmmncd
kkbkicudikfxqoginfdpovuarjghizrsktfsxbxhnefdvnliuoouilnvdfenhxbxsftksrzihgjrauvopdfnigoqxfkiducikbkk
quzvrzmxzfaxxrcwrjfuhwxjpyliwbroxslrsyorfoqcqofroysrlsxorbwilypjxwhufjrwcrxxafzxmzrvzuq
kaxttuxgizhzjxmwkgxferyfvdjqqqabsywouvudvdegaqelwbqdupiruuilkiocimqdhnieqmlteredderetlmqeinhdqmicoikliuuripudqbwleqagedvduvuowysbaqqqjdvfyrefxgkwmxjzhzigxuttxak
zihkhivgncnunxvekerndnermrqrtnqsvzvsqntrqrmrendnrekevxnuncngvihkhiz
nahjfqajbenimuienwykfvqyjpddgenteuemnhxollwzfggudgekcxjnmotsvgozasnpblbpnsazogvstomnjxckegduggfzwlloxhnmeuetnegddpjyqvfkywneiuminebjaqfjhan
gyacbzkheehwntrterppnkvvgcxvuukaukexmrfsxookhheoavdngakochjwbvyxfefxyvbwjhcokagndvaoehhkooxsfrmxekuakuuvxcgvvknppretrtnwheehkzbcayg
epziularfwftycyfpvccgyhjhshzgqymfawcnxvvvaqwfqbwldlwbqfwqavvvxncwafmyqgzhshjhygccvpfycytfwfraluizpe
qirnedsohfzuensieccfnhnzykmbonagvtvbwnsgttcziwhmylrnsgmtqywgnwokpjmoxewqzyphuytvkkkvtyuhpyzqwexomjpkowngwyqtmgsnrlymhwizcttgsnwbvtvganobmkyznhnfcceisneuzfhosdenriq
jyomjpccfuanwavkhowieyixeknecsmksaybqadvwfisiffpwdxadixhumnxgzjyahzsjfphmxbwfgmblldovdxqplpykywmhygsfvztvcqcjedwrilnlifdvubiuzwdzdwzuibuvdfilnlirwdejcqcvtzvfsgyhmwykyplpqxdvodllbmgfwbxmhpfjszhayjzgxnmuhxidaxdwpffisifwvdaqbyaskmscenkexiyeiwohkvawnaufccpjmoyj
hjcqjuecqesoyyvnbghgynfwlilcjmjsyojjipnytfosdkhesqmqdtoootdqmqsehkdsoftynpijjoysjmjclilwfnyghgbnvyyoseqceujqcjh
arczxmonwtcqotxnusvhuqatxxrfsgmszouwckladprsiqfdkcmesmarlrxexlywbuudegeivxagphlzjzedlevyxuexhdtixqncwtmtqmmqtmtwcnqxitdhxeuxyveldezjzlhpgaxviegeduubwylxexrlramsemckdfqisrpdalkcwuozsmgsfrxxtaquhvsunxtoqctwnomxzcra
rgljkiflaarlpzwljqgmdfhtcyvaskylqlucvbnvbhiqghdpxkeapnvtnstftsntvnpaekxpdhgqihbvnbvculqlyksavycthfdmgqjlwzplraalfikjlgr
dewpaizcoyqwjzllhfwvqnmnsngfhpivvfkxnladlsbvrmgyudwksixnxfseuczshlpwxrbijddbrmblrxvlhuyezsjszeyuhlvxrlbmrbddjibrxwplhszcuesfxnxiskwduygmrvbsldalnxkfvviphfgnsnmnqvwfhllzjwqyocziapwed
tifbsndexonqwhvjoqxpxtimzqqcyzzycqqzmitxpxqojvhwqnoxednsbfit
ljxbtftoeefpawajlzwsbkbrvmprlqpwzoxvtrjxxopzmrlaqhstrwkppkwrtshqalrmzpoxxjrtvxozwpqlrpmvrbkbswzljawapfeeotftbxjl
pdbgmxytxfmjgcmennludjeyvdmjrtxiyyqkvrrvkqyyixtrjmdvyejdulnnemcgjmfxtyxmgbdp
eiapmqershmenqfcsgjpdvwqiswwkkeqshheehhsqekkwwsiqwvdpjgscfqnemhsreqmpaie
vpsahcfwkpajhocfjxxujwaxkpeulnnicgilkqhufhdmxiuihtdspfpbxvvkklsmtczfsgzxpfmnpgvyzaqqihrffoppbjculdbekdbbinqzvmxwonmywfdbwurxdvuryvyruvdxruwbdfwymnowxmvzqnibbdkebdlucjbppoffrhiqqazyvgpnmfpxzgsfzctmslkkvvxbpfpsdthiuixmdhfuhqkligcinnluepkxawjuxxjfcohjapkwfchaspv
viwmsnqqgnmcoafexvbgofradfnexasssaxenfdarfogbvxefaocmngqqnsmwiv
hxzkayprjwuabmdxixosjeznauucvjteisqiqfcaewcfkfctdtnoxmdxixzeiukqmbbfgdhkbjqlqjbkhdgfbbmqkuiezxixdmxontdtcfkfcweacfqiqsietjvcuuanzejsoxixdmbauwjrpyakzxh
sqawrmousoyzfgtodhbijnlvenkewnepgenxsdrkrrmxyhndrqlagyxkohokxvbdboauttgllgttuaobdbvxkohokxygalqrdnhyxmrrkrdsxnegpenweknevlnjibhdotgfzyosuomrwaqs
pbcmfcfcyxxjmtbxdhkdyixlwvmzhmexpjlvnqzopzzbsbaxkmaixxvtviueuybmhmjxeilvhkybnyyxnyimydhvhdymiynxyynbykhvliexjmhmbyueuivtvxxiamkxabsbzzpozqnvljpxemhzmvwlxiydkhdxbtmjxxycfcfmcbp
acazeoeipluckilugozhzqaufhwtzjpzmrbqgfaxquaafnxnewxdmzzrgymfhchttimbnmzgjbgoqfdubazpzbjgzvlgzsatcowqavyjygzpmddmpzgyjyvaqwoctaszglvzgjbzpzabudfqogbjgzmnbmitthchfmygrzzmdxwenxnfaauqxafgqbrmzpjztwhfuaqzhzogulikculpieoezaca
rnopvpgryayrgeuaiqcjdkqzclroghgxvuoqlvijvgadmxfunjdsvurxhklortnmpcfaznjwvmbjjgeypjqkfjfkqjpyegjjbmvwjnzafcpmntrolkhxruvsdjnufxmdagvjivlqouvxghgorlczqkdjcqiauegryayrgpvponr
soqubgcwbeiocluaiewlrdzejqgxgfsywkuzswvtcfifqchzjdmcgogsempmthnrthqlglfitppjtwkebxxbekwtjpptiflglqhtrnhtmpmesgogcmdjzhcqfifctvwszukwysfgxgqjezdrlweiaulcoiebwcgbuqos
mifpllncugnudoaslnforedqxpouwtzidgxprktoshivviogvvxpzchyrxsnrtwuztltgfhympwjympvhokiqtghrbxiwteyosruxavlrtrlvaxursoyetwixbrhgtqikohvpmyjwpmyhfgtltzuwtrnsxryhczpxvvgoivvihsotkrpxgdiztwuopxqderofnlsaodungucnllpfim
