floracqpbgxxcxlvknnmjbmzavurtqhadvtdzmucsuawtlreaesjheljzfauykwbfqhhcdjwxlurzmxzzxmzrulxwjdchhqfbwkyuafzjlehjseaerltwauscumzdtvdahqtruvazmbjmnnkvlxcxxgbpqcarolf
ksvvrwfyqvmnltskyrdxfujkynjmmrawlyuduzdmwqailuujjuuliaqwmdzuduylwarmmjnykjufxdrykstlnmvqyfwrvvsk
hbdhjrhevrmwuklhumlqioiymhpmrkuynzhxsodnipjcaxjwjwmtlutxdljuvfujgbiyrllzaxdcunyflmawwamlfynucdxazllryibgjufvujldxtultmwjwjxacjpindosxhznyukrmphmyioiqlmuhlkuwmrvehrjhdbh
xathezihumymeewqokntqrumtywfohnnkgwoifvctwoxanpozdhqqhdzopnaxowtcvfiowgknnhofwytmurqtnkoqweemymuhizehtax
olgsuixpozoxphfvvuooivmisfewnvuehaydkvsavjzmqejnaxbltqvnxalkvfoehmhukcuflutdacrbzuoukjkhjxuhdklmzvgjxdqizjlzlecmzsjlcttcljszmcelzljziqdxjgvzmlkdhuxjhkjkuouzbrcadtulfuckuhmheofvklaxnvqtlbxanjeqmzjvasvkdyaheuvnwefsimvioouvvfhpxozopxiusglo
boagbqireqdijtxmwmxkrfgpqsxncrcdhejixtbbjhmtajfzvflmkrdclcpovttfyfpvyryiymdaxkzupmpuzkxadmyiyryvpfyfttvopclcdrkmlfvzfjatmhjbbtxijehdcrcnxsqpgfrkxmwmxtjidqeriqbgaob
neswfzllstvgbregtuuvzjqkqghgpxrcblbgkotdiojlhqtamoxlzqvpwfwmcpqfarnnigqqxbdetwhfmgtlwodvvbjxqzestrfdyxtxbyybxtxydfrtsezqxjbvvdowltgmfhwtedbxqqginnrafqpcmwfwpvqzlxomatqhljoidtokgblbcrxpghgqkqjzvuutgerbgvtsllzfwsen
hdnvflvasgbbhswclmxrzljvmfdetgbclpyrcvtubuxinwnaikrkvdhkikodtpheghxjcqfdldoazbajlrvjwctgphjkytofaoofetkryyrzztjnjtzzryyrktefooafotykjhpgtcwjvrljabzaodldfqcjxhgehptdokikhdvkrkianwnixubutvcryplcbgtedfmvjlzrxmlcwshbbgsavlfvndh
kbawkhpkfymtyenpgmcmjjwbsitnouxavxwfgnrmodfmksbqgdfrpbtjlmwbgtcdsykzocnchsotmrmtoshcncozkysdctgbwmljtbprfdgqbskmfdomrngfwxvaxuontisbwjjmcmgpneytmyfkphkwabk
xzophmqcifwehrymovalmidemxxvtjuqkiguvywffukpoibcfeptmtyyyytmtpefcbiopkuffwyvugikqujtvxxmedimlavomyrhewficqmhpozx
mkqobpsfmyzswconqsqqluvmdrmjshlereuuvozhnbzldqyviomvkjjkvmoivyqdlzbnhzovuuerelhsjmrdmvulqqsqnocwszymfspboqkm
wlnojodahzvvsqogtexkfkebhpiwicjgnxuznyzwzvrrnhzhoxtthxwqoemwhydwxxvkxxgyszqhjrqxojqxgogxqjoxqrjhqzsygxxkvxxwdyhwmeoqwxhttxohzhnrrvzwzynzuxngjciwiphbekfkxetgoqsvvzhadojonlw
rploeguqfkvjbdtsgmvdfngnqvjquvtlmharnwhuhefkhzcqnztunbjfwuwqqrecygtmcdilhovppahcbawqbfwacsssjwuicqwhwqciuwjssscawfbqwabchappvohlidcmtgycerqqwuwfjbnutznqczhkfehuhwnrahmltvuqjvqngnfdvmgstdbjvkfqugeolpr
qmkxffsjgbzperdhpscxzktxaluhqtaifmhnuzyaaxrhqxqgqxqhrxaayzunhmfiatqhulaxtkzxcsphdrepzbgjsffxkmq
cakimviwqtvrkrklywnlwfgcpiyvnazrblapgknwnkgpalbrzanvyipcgfwlnwylkrkrvtqwivmikac
gkvjyemmdpkisrodkqrfusrihtcwemrmwnywtkiybugtnwwxmqdiiwqsptowhgkdvibovlmwfuqsqoqegvnptfjiazghhtmcbnswygywsnbcmthhgzaijftpnvgeqoqsqufwmlvobivdkghwotpsqwiidqmxwwntgubyiktwynwmrmewcthirsufrqkdorsikpdmmeyjvkg
ewajvstvqhosjjliwarntedbsgxdhizlezuarpxkzneiypsxpmmiqpkkxjpgrptyoqaihzsgpwqnljkcckjlnqwpgszhiaqoytprgpjxkkpqimmpxspyienzkxprauzelzihdxgsbdetnrawiljjsohqvtsvjawe
hjlhwiqaubgzvgfdrewcnyesckyytccalokhyaisbquywzbqexutxyyxtuxeqbzwyuqbsiayhkolacctyykcseyncwerdfgvzgbuaqiwhljh
haqzcqqeclfyujvxtsftotjkbzrqslpalhbnzttbgyzbiwydpfwfahqcjjsbujdhsewrzpugqvjysjdjqaqqjissrmwnxzupgqihicnyyyyshbdzdtqnckhvzdjwjdzvhkcnqtdzdbhsyyyyncihiqgpuzxnwmrssijqqaqjdjsyjvqgupzrweshdjubsjjcqhafwfpdywibzygbttznbhlaplsqrzbkjtotfstxvjuyflceqqczqah
xnwvpnewzeocbyylxipwelgcshztoodlbcirpnnqrduvdsgadyxhjdjemixawboydwrulgmfjgambinegmlspwweevgccgveewwpslmgenibmagjfmglurwdyobwaximejdjhxydagsdvudrqnnpricbldootzhscglewpixlyybcoezwenpvwnx
airhpmpmrhnazniboengrarycuxgujyxrpejdtvucixexhflnuugxlezfeicngzhxfqaqfxhzgnciefzelxguunlfhxexicuvtdjeprxyjugxucyrargneobinzanhrmpmphria
ttulajkuvjmnqlhzojqmctkhnbwayoxsjufjdpeaysprexssiihmcrvruuuuitmsptdsjhujcmailsctdjhhccywwsthohzdbeykmutqgwyroamrmtyoytmrmaorywgqtumkyebdzhohtswwycchhjdtcsliamcjuhjsdtpsmtiuuuurvrcmhiissxerpsyaepdjfujsxoyawbnhktcmqjozhlqnmjvukjalutt
qzwclktlyflvnlhsrioiqlwfejbjozcfaajokcbkjmfxxorqxfypsuuwgxguykbbknpxpqhbfpacftveattsqqpwpxsojwpvvpwjosxpwpqqsttaevtfcapfbhqpxpnkbbkyugxgwuuspyfxqroxxfmjkbckojaafczojbjefwlqioirshlnvlfyltklcwzq
odykpvovapplwkphzygxbumlcxfcytxoyvynqmktczeamvjntrkwlxioupsukpijkjydxjwzkcbwxkksbwpptzfqqxmapxlzgkcdvaffeiebtqwwmllimqycqmefjqqjfemqcyqmillmwwqtbeieffavdckgzlxpamxqqfztppwbskkxwbckzwjxdyjkjipkuspuoixlwkrtnjvmaezctkmqnyvyoxtycfxclmubxgyzhpkwlppavovpkydo
angbfsgyfwfeepqwidrtxmvllxhzvftxubzauhybdffkwvgeazxxntlbsuaoztlvxmvtwvuzcbjyyrcyscygxlhpfhfectbbhxudsoosduxhbbtcefhfphlxgycsycryyjbczuvwtvmxvltzoausbltnxxzaegvwkffdbyhuazbuxtfvzhxllvmxtrdiwqpeefwfygsfbgna
vgdeavowsqkmeudmluwiruavfdtqyibuqgarcqnwhzlnuozhiypzsswavqqvauprasicixbrymfuaeckerlxjizgapbaltrmnbqvyrnzdstfyvrfpfcapdhpskreflssmmsslferksphdpacfpfrvyftsdznryvqbnmrtlabpagzijxlrekceaufmyrbxicisarpuavqqvawsszpyihzounlzhwnqcragqubiyqtdfvauriwulmduemkqswovaedgv
dafmbvkzghbiwqemikxlubrwisoajxvizavaxhbdofolxuzfezqzaivkallmiguhirjfzmlprzcovetzdmaduxnwiyisgdboukuvzflqgphbtccctbhpgqlfzvukuobdgsiyiwnxudamdztevoczrplmzfjrihugimllakviazqzefzuxlofodbhxavazivxjaosiwrbulxkimeqwibhgzkvbmfad
rdokmuhjdxkwjymstjgufdnctqzqmzbffsqtmxdpwplfnzxjigdpjrrcjssxuwdzotscsxromewcdtnozqdkjxnvphsldvktqfvieoeivfqtkvdlshpvnxjkdqzontdcwemorxscstozdwuxssjcrrjpdgijxznflpwpdxmtqsffbzmqzqtcndfugjtsmyjwkxdjhumkodr
qxwzwvyujguiguloasdddbziaksxbuktrisqfsmqbgbqmsfqsirtkubxskaizbdddsaolugiugjuyvwzwxq
gnjgymnltedbfxjhonaytzeoisxnhoipbrwaelnzrqawnmddbdeueilnbkckykbcdxejkribjjzyxecyigvoqgbrqfdrpftvezgpqpsbaubxydyxbuabspqpgzevtfprdfqrbgqovgiycexyzjjbirkjexdcbkykckbnlieuedbddmnwaqrznleawrbpiohnxsioeztyanohjxfbdetlnmygjng
zlfypepedysbcingfumuxgzafylvquwngdnxhcbmcmbchxndgnwuqvlyfazgxumufgnicbsydepepyflz
lynptqpzzlooprjarkpnpuxlxeuwceincxfvpuxphnfwepzvzqiolfbklxgnbodenkbdeyulnzjrqkmrbwhodiyogeehvjnitplzlptinjvheegoyidohwbrmkqrjznluyedbknedobngxlkbfloiqzvzpewfnhpxupvfxcniecwuexlxupnpkrajrpoolzzpqtpnyl
wouxqwuawhliupuqfqhbjggpwcdetwhrmeodcldysqiohdgogdhoiqsydlcdoemrhwtedcwpggjbhqfqupuilhwauwqxuow
nvmuptinhgujtcvopjtixqgcxvzdsuhhrudgpmwwuqhpufdkqyupoaroxtrpnayewenlsjjmbtcwyhgogcgucxkzqdrfermavbonkzcllczknobvamrefrdqzkxcugcgoghywctbmjjslneweyanprtxoraopuyqkdfuphquwwmpgdurhhusdzvxcgqxitjpovctjughnitpumvn
joihbcjgavbgoztsjffhzhwboucfxwninxsocbxcyyiniyycxbcosxninwxfcuobwhzhffjstzogbvagjcbhioj
nulyialflrdvcqtkcsowajlknpwijwxyskzblkgybltfcmpgggdgposcfomqklqdvpgibogczckdobmxhrdyhycmmoezbucxmkfnyoszqcfgfrdnijindrfgfcqzsoynfkmxcubzeommcyhydrhxmbodkczcgobigpvdqlkqmofcsopgdgggpmcftlbygklbzksyxwjiwpnkljawoscktqcvdrlflaiylun
ncnrcdiacfccgmncisgtumawrbvbwwvjykdbnlbptftbsjdcbmwxyytpcppcptyyxwmbcdjsbtftpblnbdkyjvwwbvbrwamutgsicnmgccfcaidcrncn
krikyidikmvorenggipihaihtpuefelrxucwchgovdemhsunakyhkiqdxkjcrxtorxmvgujbxnpfhkuhuuqgcglztudktzakynhfhsghgshfhnykaztkdutzlgcgquuhukhfpnxbjugvmxrotxrcjkxdqikhykanushmedvoghcwcuxrlefeupthiahipiggnerovmkidiykirk
sacfvrvxiobykvysrtppzbpghnzsqyyiadqvulvebyfntdgmxxbyythfggxygyhgbxcxkzeoxjbsmheleimfbtkjbkkiirolqskctoqszskobrbiznncgznkjxxjknzgcnnzibrbokszsqotcksqloriikkbjktbfmielehmsbjxoezkxcxbghygyxggfhtyybxxmgdtnfybevluvqdaiyyqsznhgpbzpptrsyvkyboixvrvfcas
qnmaxesioldvqacazewlwptqdvfhnrteghednynckqzcqecqkadjswzxtefhxandnaxhfetxzwsjdakqceqczqkcnyndehgetrnhfvdqtpwlwezacaqvdloisexamnq
fhlbddtadlltbkyhhncqctjwjbdwgkcnupoxvhzyumrvwrcdehtgaeejfhhnulaobqnwamwuypqwgubkdvsdbwohgxucjxsmnfkptgkrvcpdyqncnhfpdwyltunerfshhsfrenutlywdpfhncnqydpcvrkgtpkfnmsxjcuxghowbdsvdkbugwqpyuwmawnqboalunhhfjeeagthedcrwvrmuyzhvxopunckgwdbjwjtcqcnhhykbtlldatddblhf
oxqptfgeeurunzkohvfwmbezcxeoywgnuwendkthgkdvlpktkprxsxwuxdlvzrktnoisbbzjnefztpufgneykdvhgighvdkyengfuptzfenjzbbsiontkrzvldxuwxsxrpktkplvdkghtkdnewungwyoexczebmwfvhokznurueegftpqxo
ufqxabtxyiyezldbenxagejcgmevehiamzamcvlbdjhexnfdceeilpltdroiyxknykzcfnfkwpwkfnfczkynkxyiordtlplieecdfnxehjdblvcmazmaihevemgcjegaxnebdlzeyiyxtbaxqfu
jyzhlpjbkmncnmsddqcnhcjczeyauujtvkagcjjmvxqlllqpducmwmcudpqlllqxvmjjcgakvtjuuayezcjchncqddsmncnmkbjplhzyj
pijycyjhpkoeuhgzhvsmztkduhipdbssmbqobbyqmouiwcifzarzvccplkgooyoogklpccvzrazficwiuomqybboqbmssbdpihudktzmsvhzghueokphjycyjip
fzwzfpwzibjkewvykdjxetkkwsdxvqfcpddwuaxcdgokekippuovnyflsjjpbqssuvooxltdrjpxvzmktdfjdnwywhnzyhrsfficsbhllwigwxtrcaacrtxwgiwllhbsciffsrhyznhwywndjfdtkmzvxpjrdtlxoovussqbpjjslfynvouppikekogdcxauwddpcfqvxdswkktexjdkyvwekjbizwpfzwzf
ewalrrkqzllfyixjbdhlviamywndsxpyvplnivfhhrnhzmrbqyonioaiknlfkcfgrrvzoajvrydttdyrvjaozvrrgfckflnkiaoinoyqbrmzhnrhhfvinlpvypxsdnwymaivlhdbjxiyfllzqkrrlawe
rcnpbrfacxvvcipdkafzzrryzkmpkttbvisybazdxwyzgpfqpkrqckqdudseynitxctycubbrbdxqiqfujvwwmwwvjufqiqxdbrbbucytcxtinyesdudqkcqrkpqfpgzywxdzabysivbttkpmkzyrrzzfakdpicvvxcafrbpncr
vtybhrzdzwcfsismozzsduzuikzideqazrdiiclkklciidrzaqedizkiuzudszzomsisfcwzdzrhbytv
ozxbihzszpwmbxzsvveqiofmgnuvefyuewxpfzjfogrpfskcposxczmingdtlcltdgnimzcxsopcksfprgofjzfpxweuyfevungmfoiqevvszxbmwpzszhibxzo
lqnhhkvrfrrhavfgfaxwrgqnbdvhywbknotwaqpgkgkgpqawtonkbwyhvdbnqgrwxafgfvahrrfrvkhhnql
emrkaoumgdwgbmurkbarmggbccxwrcyxrphrfedlhctkoobyrbpdkygoafltjjtaaarfgxsnznzpdbnuefzqdhfffhdqzfeunbdpznznsxgfraaatjjtlfaogykdpbrybooktchldefrhprxycrwxccbggmrabkrumbgwdgmuoakrme
uggqfcssbgwkcklnhwvxegkchabkmyvjedbmhuejcbvengtxdpuhxelhgmrvmoestfeablldohkdpdauuxdsdozkcsfoilhbsnbuapzqwjulpwiltldxdltliwplujwqzpaubnsbhliofsckzodsdxuuadpdkhodllbaeftseomvrmghlexhupdxtgnevbcjeuhmbdejvymkbahckgexvwhnlkckwgbsscfqggu
kfkxqvljhezydswzonnxhbwnitwzdhlqmynevaqefpdkhbjxozxvatiiogirnvjcvwwvcjvnrigoiitavxzoxjbhkdpfeqavenymqlhdzwtinwbhxnnozwsdyzehjlvqxkfk
guqflibozohvipfqmxebigfcfvvpnspwmhbxsentuvoemtwasbdcjlfrgcgtuyrghuuhgryutgcgrfljcdbsawtmeovutnesxbhmwpsnpvvfcfgibexmqfpivhozobilfqug
zcnzwjmyaumbiptyxnioclcmkxkgmttlvinttztuvhxewqetteqwexhvutzttnivlttmgkxkmclcoinxytpibmuaymjwzncz
ntmclhqruufsgbegfgbnvdgfhogduofhjrkwzcnvwtneutnacopxrveamkfgampkebgfeuacppjllwnpkdmdaqfmckudxmndntkrpmwebfqodddpipujhzxmlulmxzhjupipdddoqfbewmprktndnmxdukcmfqadmdkpnwlljppcauefgbekpmagfkmaevrxpocantuentwvnczwkrjhfoudgohfgdvnbgfgebgsfuurqhlcmtn
zuyczgfkdeoyhtpgvedxectunvvrnyfotetumaepetpmmgujnzjrbeoqzjjokrcdvxxjycyexpsjvoukpddpkuovjspxeycyjxxvdcrkojjzqoebrjznjugmmptepeamutetofynrvvnutcexdevgpthyoedkfgzcyuz
xejuruujgbeoceqwqcccnhjirnjcwtwtxfqoakzindxqkpmatqcixnsobctzxptvxllxvnhjqgbcvpcrhgzfusvxwowterqbceayrjjjqmmndnmmqjjjryaecbqretwowxvsufzghrcpvcbgqjhnvxllxvtpxztcbosnxicqtampkqxdnizkaoqfxtwtwcjnrijhncccqwqecoebgjuurujex
lchqdifzbdyuhfqqdrrwdspejblxcqfpupgazlzbqaxxfqpkhggnyyrjzeidwosqfyqelqhbqhaxxphgxptvpmgosppsogmpvtpxghpxxahqbhqleqyfqsowdiezjryyngghkpqfxxaqbzlzagpupfqcxlbjepsdwrrdqqfhuydbzfidqhcl
mljtkundwbgveudjukwtfvwblwfsjvjxxjvjsfwlbwvftwkujduevgbwdnuktjlm
yiokbrhgtrtdbdkocxuqrxwxcsrgjygkguwklfqhwmmxpyntyhjphgolairjgyvnusxixppuddtscjnaszzsanjcstdduppxixsunvygjrialoghpjhytnypxmmwhqflkwugkgyjgrscxwxrquxcokdbdtrtghrbkoiy
frkvzfbubdzuephehtowstnfjuqpzhqgbadcffxikycpnltwejvzvjewtlnpcykixffcdabgqhzpqujfntswothehpeuzdbubfzvkrf
cfncfwqbnvrtthvzdygpjzezuejkrntvvgxafqeslvogejfhhnysndujhdtatnwottqajutwphcwskfcxeukhouquprncndyitysotqfqtosytiydncnrpuquohkuexcfkswchpwtujaqttowntatdhjudnsynhhfjegovlseqfaxgvvtnrkjeuzezjpgydzvhttrvnbqwfcnfc
mxmysqrprywzqudljzckvjnofhcpvuzitlimebdvzzwswzdfbfrwrfmwoonmlmweaesehvbgvyarzdyalswczjapznbkbxrddjjkfltcltvkxvnipjmouoguugouomjpinvxkvtlctlfkjjddrxbkbnzpajzcwslaydzrayvgbvheseaewmlmnoowmfrwrfbfdzwswzzvdbemiltizuvpchfonjvkczjlduqzwyrprqsymxm
mcawlfxtijrzbqezovramrwjtnsyfvzrzaplfognaxodpscdqvgeocphrifwfgpfghsnvycxxsamnesdbyhpcxwvhdsmkjtsqliolmlifovuupxwpglrfkmmngnmmkfrlgpwxpuuvofilmloilqstjkmsdhvwxcphybdsenmasxxcyvnshgfpgfwfirhpcoegvqdcspdoxangoflpazrzvfysntjwrmarvozeqbzrjitxflwacm
sioblpmdpqwvvmujdikzmrjzkggfckdxtuyggyutxdkcfggkzjrmzkidjumvvwqpdmplbois
ddqinuhqkpaoojphpibbahzpuiynakadpsneovuykwmbicixklalvzcpjbelngqcyegmbdmnbzoldyipmichjfyvgcitlzzlticgvyfjhcimpiydlozbnmdbmgeycqgnlebjpczvlalkxicibmwkyuvoenspdakanyiupzhabbiphpjooapkqhuniqdd
jkhrmltlqwrjqqgagicporuunmrbhofsanjmafasbrbthhtpqyfepbbpefyqpthhtbrbsafamjnasfohbrmnuuropcigagqqjrwqltlmrhkj
nccerbsyttwmytqgvawfqshvkqnphipukrzbutbpnabntrtorpvkhdfttvkcdzxpqwskptzeeztpkswqpxzdckvttfdhkvprotrtnbanpbtubzrkupihpnqkvhsqfwavgqtymwttysbreccn
rwksxxctvwezgztojiktveyrmcrnsfilbsdyrfupcaokziajqlcnrdedhxqbcamfmacbqxhdedrnclqjaizkoacpufrydsblifsnrcmryevtkijotzgzewvtcxxskwr
avypaozlmtvjuzlqtaufnyzpygjjusvxptmsjndwgahacvsxvoclncanilwedubuppmzerxmsemubhrxvvkixkkxikvvxrhbumesmxrezmppubudewlinacnlcovxsvcahagwdnjsmtpxvsujjgypzynfuatqlzujvtmlzoapyva
kxzvrzzaysfcmhnosdodcuzzbkeyfmtpksnbtodtjixvpkjjpxmruntxxxxflqwxkjydybwhjvcafnkxmwqgmjflidqutnreysjyvifhdjhlyrilqatckzpsspzkctaqlirylhjdhfivyjsyerntuqdilfjmgqwmxknfacvjhwbydyjkxwqlfxxxxtnurmxpjjkpvxijtdotbnskptmfyekbzzucdodsonhmcfsyazzrvzxk
vyoehnbqirqksqtnkrqdexwpoetpwbkrcyylnbdxtvjlmfawwrcdqyugfoxbrhuvhujwwmtpifcukesixulpvivaytdpcxnkswgokcfshjottojhsfckogwsknxcpdtyavivpluxisekucfiptmwwjuhvuhrbxofguyqdcrwwafmljvtxdbnlyycrkbwpteopwxedqrkntqskqriqbnheoyv
viynabllpkvamgnsjqzfctthlysdfhgbrequibfzncbbjquuhtzjmuqzslcaslbkrtebulajnbkyugsbbtmpodpiqtiiejuwcaxyxacwujeiitqipdopmtbbsguykbnjalubetrkblsaclszqumjzthuuqjbbcnzfbiuqerbghfdsylhttcfzqjsngmavkpllbanyiv
mihojqxrkidugyxdyxpcpilbzixvlhaaqjqbzoulyxgexfixcxztfmxguubibdirnauoqoapnitlndirdklkyirtcudfductriyklkdridnltinpaoqouanridbibuugxmftzxcxifxegxyluozbqjqaahlvxizblipcpxydxygudikrxqjohim
gmmdxbihfnmyuqooriebdtpldtupxsbgenjeorntgzucpiqjqxkvqchwvdnuwoacblgrcvnkujnkrdtjcfettefcjtdrknjuknvcrglbcaowundvwhcqvkxqjqipcuzgtnroejnegbsxputdlptdbeirooquymnfhibxdmmg
utvhqofhhhwekjyjdttodwfbztegsienbbuuqzbzizdskddozwccvjfucjcvsikvkgpcfsbptfieiftpbsfcpgkvkisvcjcufjvccwzoddksdzizbzquubbneisgetzbfwdottdjyjkewhhhfoqhvtu
nqidwdusawxkzqwfrglfqvrinksfjgbxwlauqxnqtkcuaybtemzujsewdyemghjcsmzijmaewdyydzsintewllsolydsfmwxavfjhgpflngooywbtdxeqsvbsytymqmytysbvsqexdtbwyoognlfpghjfvaxwmfsdylosllwetniszdyydweamjizmscjhgmeydwesjuzmetbyaucktqnxqualwxbgjfsknirvqflgrfwqzkxwasudwdiqn
kvnzmhftlzawvbqqvohactaykzkughxtclsruzkgykevnulijtinokoyjytsfslkffbaflidxmzngmvrhghwsvuevnwdghnloqntdvxchypqklhshlkqpyhcxvdtnqolnhgdwnveuvswhghrvmgnzmxdilfabffklsfstyjyokonitjilunvekygkzurslctxhgukzkyatcahovqqbvwazltfhmznvk
bvemrcohwtubegdosaspscagrezxvtuxpajifzrbtlczuhnmhgezkeibkjafcuctxmcclvfghjfdrtpyptrdfjhgfvlccmxtcucfajkbiekzeghmnhuzcltbrzfijapxutvxzergacspsasodgebutwhocrmevb
vcuaiapdwwkeaduphtixmafbexnjbimymizwjocfmmmmrgeyamxoofsucfddnrczadazcrnddfcusfooxmayegrmmmmfcojwzimymibjnxebfamxithpudaekwwdpaiaucv
whsprizmhpracfsiwsiauekmdkwpdzrbilqztrnaifckkvsggsvkkcfianrtzqlibrzdpwkdmkeuaiswisfcarphmzirpshw
fekyuqzzlqwtzhqvigeyhkyqgjrznetukfshvuigkebllsgwakwjwvzfgqetxxohdiqacyjpckaqehmetinqfpxnhdhecxoffgikfrzhbzzgglmawasdrrrrdsawamlggzzbhzrfkigffoxcehdhnxpfqnitemheqakcpjycaqidhoxxteqgfzvwjwkawgsllbekgiuvhsfkutenzrjgqykhyegivqhztwqlzzquykef
spbgfjrscwncbytqhjhkejjyvrqdoeditggtideodqrvyjjekhjhqtybcnwcsrjfgbps
nwzqhfaduezoxhufjexdyrnpjctauxujttadzcgtiiifpemyimdhdsyoutqqrkamgcpfeyapgkwxojwzvbiaaibvzwjoxwkgpayefpcgmakrqqtuoysdhdmiymepfiiitgczdattjuxuatcjpnrydxejfuhxozeudafhqzwn
wnceqpkngigyicukbalotmohgfdhofolsqrjfdymlemugjgjjrxegoootrvkyjxqzqbhuzvfgjbosiydbvkjlyxfrsrpbohdejkakhisihkakjedhobprsrfxyljkvbdyisobjgfvzuhbqzqxjykvrtooogexrjjgjgumelmydfjrqslofohdfghomtolabkuciygignkpqecnw
svsxvcrjjytifhtcpizmicesurhoaqhsobrjdispjoxqxssoctanxffrynhyfqqtrjextxmcnlskdmzgfbtcgavgndettwonnowttedngvagctbfgzmdkslncmxtxejrtqqfyhnyrffxnatcossxqxojpsidjrboshqaohrusecimzipcthfityjjrcvxsvs
lzelsiwiaitybfiunemrptvxsbyqnpyzqcmikitmrmkuttpgxbzowuooxooxoouwozbxgpttukmrmtikimcqzypnqybsxvtprmenuifbytiaiwislezl
gdywbbnscndvbvmobzlvtqsiuormdvzmyxibbxwdkzymxmcaoovhgooghvooacmxmyzkdwxbbixymzvdmrouisqtvlzbomvbvdncsnbbwydg
aipiptojjzuoahfhbbgaxkeatnskkwgkfvuwqigbjcqjjxslyynxlrzggsrsozdvxxsniarrchdogvzguodhfcnnwgfngkkgnfgwnncfhdougzvgodhcrrainsxxvdzosrsggzrlxnyylsxjjqcjbgiqwuvfkgwkksntaekxagbbhfhaouzjjotpipia
sscebxqjstljvklwthpddmgvmhctsrfkmiqnhhxaaklywwupdmviabfoihidbpppxgchpbhpnsplqmbttbmqlpsnphbphcgxpppbdihiofbaivmdpuwwylkaaxhhnqimkfrstchmvgmddphtwlkvjltsjqxbecss
fwoewitacxmtubnwwbqxccubxavbqfkwdbazjvblvogpruooxelchidgkykafuwivyjgwntrbagswwivbwzkecqodcokxnvuvnxkocdoqcekzwbviwwsgabrtnwgjyviwufakykgdihclexoourpgovlbvjzabdwkfqbvaxbuccxqbwwnbutmxcatiweowf
kjckvlgbfsvncfxaujxyrlcwdittrzybkaakbyzrttidwclryxjuaxfcnvsfbglvkcjk
fimnyrdkwtkbhdqhmshgsbtxicqhaiwfqisqbycyrmbaqrhelplfqgcakthkddswmmmpkrpddqgvkncxendwvfxhagsgmkcawqpjhfolvuihkkfqzipwpoesuyygiagggaigyyuseopwpizqfkkhiuvlofhjpqwackmgsgahxfvwdnexcnkvgqddprkpmmmwsddkhtkacgqflplehrqabmrycybqsiqfwiahqcixtbsghsmhqdhbktwkdrynmif
eokkqwvovpwjdvqrxfdatqntvmchuqkyfwjxsgsxjwfykquhcmvtnqtadfxrqvdjwpvovwqkkoe
msjecdoicbwncmcodioboqklvlqaaeioieaaqlvlkqoboidocmcnwbciodcejsm
fjakfhaymyzxhizxacmrxmpceucqneyunaevjetweuvmfulfwzywlnyqhbixhgrwiwwiwrghxibhqynlwyzwflufmvuewtejveanuyenqcuecpmxrmcaxzihxzymyahfkajf
wshkdqryusyksemmxmejvukxlidezdznagafytdslefdktrifytcsfbfpelokkekreppxtkizrnjkgtremwzszzszwmertgkjnrziktxpperkekkolepfbfsctyfirtkdfelsdtyfaganzdzedilxkuvjemxmmeskysuyrqdkhsw
gjgwrocyggpyzndqiyfhlmzadrnsihxqsgomwqkfwbdxoiqxgxgrlftpzjjhsjzkrnwndhsbixazgqgzaxibshdnwnrkzjshjjzptflrgxgxqioxdbwfkqwmogsqxhisnrdazmlhfyiqdnzypggycorwgjg
