lzmeazwbopoboahtjuxvyqzmgrqbmawzbkfbldezstaivjehfbceubqaujejjcimmqoztuyopbwlmasseuuessamlwbpoyutzoqmmicjjejuaqbuecbfhejviatszedlbfkbzwambqrgmzqyvxujthaobopobwzaemzl
pbypcrlnvbfjmrsjeutjygxbneejbjeqkchmvscqujciauteqmppunshrwrufxmsztgumilirpqtjlycyptsencylvssshkrrkhsssvlycnestpycyljtqprilimugtzsmxfurwrhsnuppmqetuaicjuqcsvmhckqejbjeenbxgyjtuejsrmjfbvnlrcpybp
qaqynamlwsukvusxthaojmhzqcnjlnjcnzaccooygkkgyooccazncjnljncqzhmjoahtxsuvkuswlmanyqaq
koorybluirruevvrpdrtdpnckjnaccvoslfqmskwldqqamjprcrpjmaqqdlwksmqflsovccanjkcnpdtrdprvveurriulbyrook
rdoklbjmmexjvzsqwdlaviiysketljcemqqzuzlielrbklsiqfklptlidpdqzhvnylpunactnvuagoixvtklmwvrnajoiecisteftiyjduudjyitfetsiceiojanrvwmlktvxiogauvntcanuplynvhzqdpdiltplkfqislkbrleilzuzqqmecjlteksyiivaldwqszvjxemmjblkodr
rqoalphrklvwqlxgruzqnrlpxmdqfxhypvybmfswqpsibrpsnqlbkyqhkvzruipkgnlsvfrlvlwwwlvlrfvslngkpiurzvkhqykblqnsprbispqwsfmbyvpyhxfqdmxplrnqzurgxlqwvlkrhplaoqr
bxtluuujmjmuwjtvazwurcozduznbkgdkbogvkphtedrnwmpxkjomzpswrfxbncncnbxfrwspzmojkxpmwnrdethpkvgobkdgkbnzudzocruwzavtjwumjmjuuultxb
skgjllfycxwphmifyndlmbcsgxltrvvjgdurrartzolgctndhsqttqshdntcgloztrarrudgjvvrtlxgscbmldnyfimhpwxcyflljgks
vxyfgixiyvbyksmtfrbyjpabbzfspqtmprswbpezmgawaopfgsgrhgsjiadzqwmfpgdrxisjqshqhyhqhsqjsixrdgpfmwqzdaijsghrgsgfpoawagmzepbwsrpmtqpsfzbbapjybrftmskybvyixigfyxv
cyfmhnpjnjadnnqsfhpcmoroqcjmnolpmsevhtgvcgarvqjcxbemryaialupzhhlalghgockvebsunvuobgfzgnbtjrtrygtlpardfbajeterqretejabfdrapltgyrtrjtbngzfgbouvnusbevkcoghglalhhzpulaiayrmebxcjqvragcvgthvesmplonmjcqoromcphfsqnndajnjpnhmfyc
fkroscvxoavlctfykmbzawvduyzcgjpptgeniblxdgifanfkbilbggebgdfmoucjdixllikoosvqhcdklqlrzsufxfuszrlqlkdchqvsookillxidjcuomfdgbeggblibkfnafigdxlbinegtppjgczyudvwazbmkyftclvaoxvcsorkf
swyxbypvmgtrkunwsfnunuusqtespgqhcqhfqwbccwvoqimknzeavaumuzejfwtjoapeysiaqfqgncsdbwfxyalsslayxfwbdscngqfqaisyepaojtwfjezumuavaeznkmiqovwccbwqfhqchqgpsetqsuununfswnukrtgmvpybxyws
eqhovhsdzwthvijmxpjvufsxkieteejkvqyszsyaprjmcsazkkwgpoeawkvcpemkwmcxfcxuugiwbixnsttsnxibwiguuxcfxcmwkmepcvkwaeopgwkkzascmjrpayszsyqvkjeeteikxsfuvjpxmjivhtwzdshvohqe
lygllrrnqtokpqfnpiysdsjmdgbherfprmbcfssvnigccginvssfcbmrpfrehbgdmjsdsyipnfqpkotqnrrllgyl
reybcymyfghqeeiaxivkoacjmuklmfdalbepbqpixxydbjdbranhapqmlbzxidawgglkwbsvatydcdgvetcgkutvvuvgzxeidpsbsmzuhxyjdeggedjyxhuzmsbspdiexzgvuvvtukgctevgdcdytavsbwklggwadixzblmqpahnarbdjbdyxxipqbpebladfmlkumjcaokvixaieeqhgfymycbyer
ykpnnelodrgswwtvkghbpzyteyscqysqihfxnqotkuktoqnxfhiqsyqcsyetyzpbhgkvtwwsgrdolennpky
dsgjbiadlzuakkgdgezzyoffbzeepzcsrjevteyedshpensktslrgszksdojdtdwcjrxnrbqjiiqxaaqumkdejnyobjtupqyyjvodzgojoehpffpheojogzdovjyyqputjboynjedkmuqaaxqiijqbrnxrjcwdtdjodskzsgrlstksnephsdeyetvejrsczpeezbffoyzzegdgkkauzldaibjgsd
nzfqbxbwexiicbifuqxknijqwsbpsoqfqxvtvwpzvzjxdsfxkckxfsdxjzvzpwvtvxqfqospbswqjinkxqufibciixewbxbqfzn
ypyvnfrhgenorygdynhfqkcfhfxtzujymivbpniwtymlwtowixbyjffqmdjmzumnchquuzqoxebvzrrhovixcnnppnncxivohrrzvbexoqzuuqhcnmuzmjdmqffjybxiwotwlmytwinpbvimyjuztxfhfckqfhnydgyroneghrfnvypy
hsibuvxqxvoxrpxcrguofzycipszyajhusjppgfoofgppjsuhjayzspicyzfougrcxprxovxqxvubish
txjylwfvxwjgvxdkjsrotadmlvntbfnwfzusvbosyzyvwdhhwyvrbbfowsjazxwgwtzrupjuqkrnpywlzseatlqrdatfxssxftadrqltaeszlwypnrkqujpurztwgwxzajswofbbrvywhhdwvyzysobvsuzfwnfbtnvlmdatorsjkdxvgjwxvfwlyjxt
reorwzkigpfcexqzujrfoixsoaadfpgyuuqqwaacpgeufxvzgoewzbrpersjhbjdjbhjsreprbzweogzvxfuegpcaawqquuygpfdaaosxiofrjuzqxecfpgikzwroer
hjxlqagvmhaimloysartbvuorvfkkxurgrfwsntewupkhdizdzufwotqkacwxwnfoubikxoggoxkibuofnwxwcakqtowfuzdzidhkpuwetnswfrgruxkkfvrouvbtrasyolmiahmvgaqlxjh
tfqlglhyayfimhysysreeczhwuzqqiijqawymdxmbewpnxklpbpvdofbketcpclfcjdomcbqgxhvurjmuyjzpoabvwekyrpaburpxshdrpboikadklczcfdxbhjbyabbbbaybjhbxdfczclkdakiobprdhsxprubaprykewvbaopzjyumjruvhxgqbcmodjcflcpctekbfodvpbplkxnpwebmxdmywaqjiiqqzuwhzceersysyhmifyayhlglqft
yecbbwgqlksxagomrblhzcgilpggmdokjqnmpveagwziepvyrihqknyxdgeplucumrgbnkevifdnxalojugvhgtknzcytgvfxbjmmnhuuljrnwfwqnsyunkjknuysnqwfwnrjluuhnmmjbxfvgtycznktghvgujolaxndfiveknbgrmuculpegdxynkqhiryvpeizwgaevpmnqjkodmggpligczhlbrmogaxsklqgwbbcey
lftjnjgbumklrjeewpvyyualbmspcgknlfyyqgbkunymxcstspsqspstscxmynukbgqyyflnkgcpsmblauyyvpweejrlkmubgjnjtfl
zgivejpkxqdnjissbfowdlbovekbbjjaquxwdmhdcmsmukgxsuuxfxlcevefgpfwjdtnrcswokkkuqkokelrdytjtzoapwyyztnsxfonpyamokayqopttpoqyakomaypnofxsntzyywpaoztjtydrlekokqukkkowscrntdjwfpgfeveclxfxuusxgkumsmcdhmdwxuqajjbbkevobldwofbssijndqxkpjevigz
reficlrwyurubclxivcbatbqutnrebgvgmeizxgztxtvbgukdzngsowohjfmkmjsapcbniaghudlcyxgxkmrakfivkwfyfayvezkzevyafyfwkvifkarmkxgxyclduhgainbcpasjmkmfjhowosgnzdkugbvtxtzgxziemgvgberntuqbtabcvixlcburuywrlcifer
bwrwswkrkfzdaapsgegdmcmflcpmskwvhpuboesykrdmtvgbbmepqsucxlorwmnfcjgsnaqztvmmqsnthuixmczlqndmastebzwqzoqulcgeegcluqozqwzbetsamdnqlzcmxiuhtnsqmmvtzqansgjcfnmwrolxcusqpembbgvtmdrkyseobuphvwksmpclfmcmdgegspaadzfkrkwswrwb
ocxxlklirgoyhrlqccxkeomnwtlhhmcvqcubmgmfmgmbucqvcmhhltwnmoekxccqlrhyogrilklxxco
fbcbobqsfxceotkxxlmshenmelwlsvwzyycnzshgskngdzdckrvtwkgcvennzjpakrnjmusegfkleqorhlkfvsisxviyhxyrqlceiuiobvcglqzudlaaeisbfazozyzozafbsieaalduzqlgcvboiuieclqryxhyivxsisvfklhroqelkfgesumjnrkapjznnevcgkwtvrkcdzdgnksghszncyyzwvslwlemnehsmlxxktoecxfsqbobcbf
xvjskykyulubjyjcwjrxfkiayicdyhuvcdpoezmymjbxhkzfvscdckfcshhsobnsfegldvjrekolwprshtvlgapakwtaaithnbsswbkanyojqhbxaylizazilyaxbhqjoynakbwssbnhtiaatwkapaglvthsrpwlokerjvdlgefsnboshhscfkcdcsvfzkhxbjmymzeopdcvuhydciyaikfxrjwcjyjbuluykyksjvx
qrnzzflwqowbgjoghyejxsoeimwkipgzitajznhpcdtkojqwhuhhpxlzkkjuzpvjixtjlabngwzufqsomavbxjajtjguabdlzwukzvvzkuwzldbaugjtjajxbvamosqfuzwgnbaljtxijvpzujkkzlxphhuhwqjoktdcphnzjatizgpikwmieosxjeyhgojgbwoqwlfzznrq
lvdqktpyquvlppepnxmdgtpesdihyqomnrexntxdptqekvvxuiabdrhvureuhsgxmmwzhuhzwmmxgshueruvhrdbaiuxvvkeqtpdxtnxernmoqyhidseptgdmxnpepplvuqyptkqdvl
styoqvoyzwkzniwgjwcodemnvjmlzestxshnnymnwwmjgkppgtdmxsbvdogeuaauegodvbsxmdtgppkgjmwwnmynnhsxtsezlmjvnmedocwjgwinzkwzyovqoyts
ftjscmkvkvuvevjrhodyjdwpqcabphbubkpfyzciwwfctptafzapazfatptcfwwiczyfpkbubhpbacqpwdjydohrjvevuvkvkmcsjtf
dreizwkbwlmrvykxqbgpwrsdhaekzrpckumjsysjmukcprzkeahdsrwpgbqxkyvrmlwbkwzierd
nxqoamwunoiniymqxywpbtbbxnjhwsxlxswhjnxbbtbpwyxqmyinionuwmaoqxn
ogsfgafkjdbdbrhmluwobeuihrmpphhfqalycsjlvmqwdylouhevozfvsrmhbtptvarxuclpodordbiyimvynbthufrxbgqwikwcmjtbmhhmbtjmcwkiwqgbxrfuhtbnyvmiyibdrodoplcuxravtptbhmrsvfzovehuolydwqmvljscylaqfhhppmrhiuebowulmhrbdbdjkfagfsgo
icupdhmwmkwgyoxscqnbsistghwllkcvnykqkynvckllwhgtsisbnqcsxoygwkmwmhdpuci
uxqhxrfzpxizpljmbrtvpsgdrttwwokqlaxitfkieuiwftkimdddxkhpdclcrvsexspqxbbdvlzdeklsppvnbecghpphgcebnvppslkedzlvdbbxqpsxesvrclcdphkxdddmiktfwiueikftixalqkowwttrdgspvtrbmjlpzixpzfrxhqxu
uaftgkzsimgynflivgydbaahpkffqokmqphybgsmvamifxsddqigqiphtvmllzxbqfbsnueiwsscpkhubpatapdtmrexqdahkebabekhadqxermtdpatapbuhkpcsswieunsbfqbxzllmvthpiqgiqddsxfimavmsgbyhpqmkoqffkphaabdygvilfnygmiszkgtfau
ftzmrxsahjdsbkuoerdqiemirzcsvizadbmuygvgpyaskuiqlljwsxgjyjdttftxgigxtfttdjyjgxswjllqiuksaypgvgyumbdazivsczrimeiqdreoukbsdjhasxrmztf
vuwtzatckayoqunqrkegumcrdzdhtefpydkxegexkdypfethdzdrcmugekrqnuqoyakctaztwuv
ksuzzafupknviljamlpsguawcjcomxpyslatmfndsayamiayvssbouxsebjsaytujtoxydbseztsjvsepmhddhmpesvjstzesbdyxotjutyasjbesxuobssvyaimayasdnfmtalsypxmocjcwaugsplmajlivnkpufazzusk
tcbhiownsvyjdivpwlsrhqmurqpbajlulobtezhxvhiyrdnnqihzyttqmktoteifvmazljyithikmyadghcecycechgdaymkihtiyjlzamvfietotkmqttyzhiqnndryihvxhzetboluljabpqrumqhrslwpvidjyvsnwoihbct
wxlylqkkzwheijecpesewzmuvkbugcpezcekuowwnfaxoezgjsmhtydokflshcwigbvarrwgxxennexxgwrravbgiwchslfkodythmsjgzeoxafnwwoukeczepcgubkvumzwesepcejiehwzkkqlylxw
rfifqlcsfqjnnfkqhjyoagvfttnhzmattiajwecbulqksaaclasnintcgiliumbqudbqhdtcqjmlmonxqfnzsgdaqoimalcvqelyjhcaqqlceacwfpvzxybnnmznzckqiyiqkcznzmnnbyxzvpfwcaeclqqachjyleqvclamioqadgsznfqxnomlmjqctdhqbduqbmuiligctninsalcaaskqlubcewjaittamzhnttfvgaoyjhqkfnnjqfsclqfifr
isazzuklkzygkanyemitejrwvtnbwexgwxixtsjfthldjabpnjirubprvcutgrafqicmcnrvudafddvqpffpqvddfaduvrncmciqfargtucvrpburijnpbajdlhtfjstxixwgxewbntvwrjetimeynakgyzklkuzzasi
lybdpvixlbvjjlcotwihupyxeiaeemzrmdubycalewxpjzfdfzjpxwelacybudmrzmeeaiexypuhiwtocljjvblxivpdbyl
vmyrolphvjqrdqrxsbjlzggbgauapohmchftuwapfrhijafdcpodxwgfybhnrqbuxhnsdnhjgorppzutqkyphhwhidvbtwvsfkkjkkfsvwtbvdihwhhpykqtuzpprogjhndsnhxubqrnhbyfgwxdopcdfajihrfpawutfhcmhopauagbggzljbsxrqdrqjvhplorymv
zqwlwjzxljztnbqrhzcqdnrnhjavxizxbvixghxrswkfycyheazhnquucuszfrwgoedvnaofzbnzdlgjmfqzxmwzhozohxuxezurcjzdmmcrxkxrcmmdzjcruzexuxhozohzwmxzqfmjgldznbzfoanvdeogwrfzsucuuqnhzaehycyfkwsrxhgxivbxzixvajhnrndqczhrqbntzjlxzjwlwqz
kgxllswwiflpboddsldavacxszpknmsyvplijietpriqiovazbcwbewtdlftzztwqeecmjvbcgtkurmvsostsopyburcwkzmodqdommodqdomzkwcrubypostsosvmruktgcbvjmceeqwtzztfldtwebwcbzavoiqirpteijilpvysmnkpzsxcavadlsddobplfiwwsllxgk
brohlddqdaevdpmsaoqthzywdklfxjmaaaiofnfoiaaamjxflkdwyzhtqoasmpdveadqddlhorb
vsstyikptzrmlmpqgcjkxiqgbguclcpgwjbwulopmfcxrtqxvzjsjabnixinbajsjzvxqtrxcfmpoluwbjwgpclcugbgqixkjcgqpmlmrztpkiytssv
jbepidfqowrleovbbkiimbltpdmnrzmbarqiqrabmzrnmdptlbmiikbbvoelrwoqfdipebj
ldqpdiencsqofxiqgxejgijhwkkhkusxzkncsrswjijwsrscnkzxsukhkkwhjigjexgqixfoqscneidpqdl
flmrtecabrhnpcswrparurqaotprydmgraxmezmhstujxpgpgiibbybqusjsxxaqxzcdaonskjksnoadczxqaxxsjsuqbybbiigpgpxjutshmzemxargmdyrptoaqruraprwscpnhrbacetrmlf
vxkfmseaffiiddktdttbsicgfstupqckqorcgvenbnbnevgcroqkcqputsfgcisbttdtkddiiffaesmfkxv
tevqtmrslepdabcyxzszplsepkqsnhqgnlyizpanvsqwvuwuurtlelptyhmlqetgrsorhrgdlybgtzcpsvcyjuuhbissibhuujycvspcztgbyldgrhrosrgteqlmhytpleltruuwuvwqsvnapziylngqhnsqkpeslpzszxycbadpelsrmtqvet
mgyjsgezcrjzfzhflgbgziearfelurojzosrxyqzrbawchcwabrzqyxrsozjorulefraeizgbglfhzfzjrczegsjygm
sljtcntwwncbhtchwueebwberfejrwljjwflmyjilmmuhobekgimejqvvqjemigkebohummlijymlfwjjlwrjefrebwbeeuwhcthbcnwwtnctjls
lpsdluyzmgamltmrhujmgnpzxcnjypjjfemqakpmsradmoxvigirvxqtzdczvnkatwstijfadigpwdlhlvyguobttfvotfqmckgmunpxvvvvxpnumgkcmqftovfttbougyvlhldwpgidafjitswtaknvzcdztqxvrigivxomdarsmpkaqmefjjpyjncxzpngmjuhrmtlmagmzyuldspl
azkprbkofneemildzlnwfeymtzgagbbgagztmyefwnlzdlimeenfokbrpkza
ihhcuvpudcqzyhsajwzcdyodvoswrloctvgpqvmvxewvlowwmvapvqtsfnpypnfstqvpavmwwolvwexvmvqpgvtcolrwsovdoydczwjashyzqcdupvuchhi
cxmazonzbmgqpmnutiebiifgvyvaksnnqznrpbqqpyieiypqqbprnzqnnskavyvgfiibeitunmpqgmbznozamxc
oaddjrjqcdvfzavkfkkjxdlhunanqdcgcdqnanuhldxjkkfkvazfvdcqjrjddao
yktcwqhldoedgajpnungccpsiubtfogdyzhwqpivfoynohonyofvipqwhzydgoftbuispccgnunpjagdeodlhqwctky
nbnxjsfwtjtkgdqjgloyrhaagzrscvyqylpjfwwfjplyqyvcsrzgaahryolgjqdgktjtwfsjxnbn
wzckuwbfqmqyygvzyrwlavjxgkmccfwagylawohmazkyihaizwtbtcabomeqtataaecwukkulxvtvxlukkuwceaatatqemobactbtwziahiykzamhowalygawfccmkgxjvalwryzvgyyqmqfbwukczw
ycxzaqhagprpalqlgzesjiejuwtgwdvwfvvhlcjtuckuochublokvvurrpzpsvmzqjhdhjqzmvspzprruvvkolbuhcoukcutjclhvvfwvdwgtwujeijsezglqlaprpgahqazxcy
ampopquaavrdsmgcxkcaiqfuhwxkrrgrfvgxncxqxotpcctzmxbwoisxepiygopolxlzbirawksamlbalczzmrwsheqpuiupqehswrmzzclablmaskwaribzlxlopogyipexsiowbxmztccptoxqxcnxgvfrgrrkxwhufqiackxcgmsdrvaauqpopma
oxpdzaekjwkzvedygucsyepktlvfcpmqpdvodaanykouorswnuooadyurvztnnlcqisviskheydtpxrduirunroenpzccmeuvwqfqamuzrpqphvjrmfegulvlkxqzbzqxklvlugefmrjvhpqprzumaqfqwvuemcczpneornuriudrxptdyehksivsiqclnntzvruydaoounwsrouokynaadovdpqmpcfvltkpeyscugydevzkwjkeazdpxo
jbkvtdlitreyqrgzftfpsvbxysmcnblyewvzbhhualuqebqjwvwjqbequlauhhbzvweylbncmsyxbvspftfzgrqyertildtvkbj
pfhhckjcdocphgvqjlacsoqunkuhoqldvumxgvbjjfzsmwkvhnabbqvqdpxrgkubegbmdewokxgytrvcgvehobxrrwizhecnmdapadmncehziwrrxbohevgcvrtygxkowedmbgebukgrxpdqvqbbanhvkwmszfjjbvgxmuvdlqohuknuqoscaljqvghpcodcjkchhfp
zygbgryvyxhtysgqoescexeopjfiowtpubqasqvqodmovuemyxoewvunezwsxrjrsztmmtzsrjrxswzenuvweoxymeuvomdoqvqsaqbuptwoifjpoexecseoqgsythxyvyrgbgyz
xgojabegeroshimblrlibpemtdnzhtuezlqbmwhtnxlufyxtrlbsaggvltvsorznerqrnzkcxxycxyxcyxxckznrqrenzrosvtlvggasblrtxyfulxnthwmbqlzeuthzndtmepbilrlbmihsoregebajogx
uybvkznmauyshhfwiyxsayjmrjjmpvsltvgfwvuxqssqxuvwfgvtlsvpmjjrmjyasxyiwfhhsyuamnzkvbyu
qxadynzekasolvyujjvoqdikaknnvxxvnnkakidqovjjuyvlosakeznydaxq
qnxkhimikkbvyorqcvtyhxvcmukxhpwzctllbxwlixginayqxrogojjcfvcomypqsbbtyxhixpqkroapfqvwvqfpaorkqpxihxytbbsqpymocvfcjjogorxqyanigxilwxblltczwphxkumcvxhytvcqroyvbkkimihkxnq
agvtbiahyoesyvprjsdvvytfvluwrultaimdsmlqdrkdmzvxtasoyovvbqrumfonncsgpdyuwjxkkuiewcuxqqsuikoupcjefckwhlsewpogmwmgopweslhwkcfejcpuokiusqqxucweiukkxjwuydpgscnnofmurqbvvoyosatxvzmdkrdqlmsdmiatlurwulvftyvvdsjrpvyseoyhaibtvga
ohfupxqagoaertiyysfrjvfvtyywbjtpqykhxcjdskjlftjfmrzxoeuhcsdfdyvvyhfvloadakqifbnrsmqhrkqvfudkuygtflqqbrvcdnmiozchmsqfqsmhczoimndcvrbqqlftgyukdufvqkrhqmsrnbfiqkadaolvfhyvvydfdschueoxzrmfjtfljksdjcxhkyqptjbwyytvfvjrfsyyitreaogaqxpufho
vjhnlzosypwxojeeoipismzgmtdkhtbccirnjfhjjhfjnriccbthkdtmgzmsipioeejoxwpysozlnhjv
oryxfijrqczhrknqmicuitiqfmsctcnitmfawqrotsvmdkcrteldzvtgimibqyllktlgltkllyqbimigtvzdletrckdmvstorqwafmtinctcsmfqitiucimqnkrhzcqrjifxyro
xtyongduxsoyvkrrplplcrtjxcnuyotxhrnwasqxlhvirmziypvcgrogvdavrtsykgxmynjlwguptvztmvxvolbjpbhguzhgfetgterslnjgljzxgysuktfbwmjqoqzvwuwvzqoqjmwbftkusygxzjlgjnlsretgtefghzughbpjblovxvmtzvtpugwljnymxgkystrvadvgorgcvpyizmrivhlxqsawnrhxtoyuncxjtrclplprrkvyosxudgnoytx
ukxkhvxcpwljnwuvvcyreaftzwahgjdatckcykgpgrawpurlwsecujwvfycnhhpcmcekmmbsdbotviguckwwvuvwwkcugivtobdsbmmkecmcphhncyfvwjuceswlrupwargpgkyckctadjghawztfaerycvvuwnjlwpcxvhkxku
mmnquwatcvyfztkevchaygdkbluytuwfimyciyxntxsuqcyoeiocorppclqvfmdnabrjbowwmoqetrszzjcnatffevcjjhykkyhjjcvefftancjzzsrteqomwwobjrbandmfvqlcpprocoieoycqusxtnxyicymifwutyulbkdgyahcvektzfyvctawuqnmm
zxzmbumfzxzloxynoqbqcxwrgtufdrqdoqrqmdxncyyqxxemphcrgbkmwgszxieoavgpyfcagdtdczrrgwkmzwzvctwcdbqewytxdxzlaspcrivzgfmfbncgizilaapypaalizigcnbfmfgzvircpsalzxdxtyweqbdcwtcvzwzmkwgrrzcdtdgacfypgvaoeixzsgwmkbgrchpmexxqyycnxdmqrqodqrdfutgrwxcqbqonyxolzxzfmubmzxz
hsjcilliuutsgxhryhyhzlgutpijslhaftcngpwclpvroeimlhvnucjnrrwmmwrrnjcunvhlmieorvplcwpgnctfahlsjiptuglzhyhyrhxgstuuillicjsh
qnhujrbeiesygsnpyojspgifngkpbxnuewrqnswyxowdglsgzezgslgdwoxywsnqrweunxbpkgnfigpsjoypnsgyseiebrjuhnq
ozimmzojpbyhysbpyclxpycsxckrlyzzxhllicuydthblkrlmeidckxbohuzftaecopkqmkthuxueqftuqwycubtbvsjqvpsjheztruclrwphdiddidhpwrlcurtzehjspvqjsvbtbucywqutfqeuxuhtkmqkpoceatfzuhobxkcdiemlrklbhtdyucillhxzzylrkcxscypxlcypbsyhybpjozmmizo
sjmapchwokmuarwquqjxkzrbslknzxatgmvyrcwfmibmbxfwnovxqoykzixyiztqmooftkkfuluwjbswppwhdwrccrwdhwppwsbjwulufkktfoomqtziyxizkyoqxvonwfxbmbimfwcryvmgtaxznklsbrzkxjquqwraumkowhcpamjs
olwkymblqqrslwzlsfouiejtdklrvhdjvawtoxggoxabvampfdlppldfpmavbaxoggxotwavjdhvrlkdtjeiuofslzwlsrqqlbmykwlo
klvomobhmnecfcdoreciebvldmpxvjlivgwhvaojnvluxqiqumzbowmticrfncnikmphmgqbbcwaseqptrshneavaenhsrtpqesawcbbqgmhpmkincnfrcitmwobzmuqiqxulvnjoavhwgviljvxpmdlvbeicerodcfcenmhbomovlk
pejzesvemsdxstgnpdwvidtrjfteduvuygucyrimjlmbfsrwvprfsmxbusgxmdskkopkfxxojjsqbjoyyhfsuetqybnkfhxrvmbcbmvrxhfknbyqteusfhyyojbqsjjoxxfkpokksdmxgsubxmsfrpvwrsfbmljmirycugyuvudetfjrtdivwdpngtsxdsmevsezjep
xozxtqgscrpydxiazfygrecxqtpbzajyrlvkbccddccbkvlryjazbptqxcergyfzaixdyprcsgqtxzox
ryfmesijokbadqtkfqyprmparpkcngceeitkcbwrnxtqqmcxfdmwpezjtjlgppmvxhhxvmppgljtjzepwmdfxcmqqtxnrwbcktieecgnckprapmrpyqfktqdabkojisemfyr
cidwfeezquffgtxhrnvujtwgevnmvyzziexnjcnbysgfodmfsjbeexkitzvqxwpfanvlrinrcvwqbkxtwyxayjjyaxywtxkbqwvcrnirlvnafpwxqvztikxeebjsfmdofgsybncjnxeizzyvmnvegwtjuvnrhxtgffuqzeefwdic
ovswmxuytooujnjohctmtfabbolzwjlmheltdfuwvkqfybtfdotxtwawmmvixiveogarnunkgfregmlmcflvbltpzqxzzufncfhrbucicvoiiawkhhiktbzsuwrttzzttrwuszbtkihhkwaiiovcicubrhfcnfuzzxqzptlbvlfcmlmgerfgknunragoevixivmmwawtxtodftbyfqkvwufdtlehmljwzlobbaftmtchojnjuootyuxmwsvo
xphohaxhpnysxwdybocsmdmcuwmsnztkpayycxgtnemkcpjdflvrqjtmgfevhxfwagucfawsgkdizomgbjxrtstrxjbgmozidkgswafcugawfxhvefgmtjqrvlfdjpckmentgxcyyapktznsmwucmdmscobydwxsynphxahohpx
