olocufynaawrgucxentypgkpcrdztpgjculwcklcmjvsfxxfsvjmclkcwlucjgptzdrcpkgpytnexcugrwaanyfucolo
caudvsepxleydhfggewvimnckesshehlfbocuvtrgasmhzsneqkofarrgljnprywspzomuguuagczazcgauugumozpswyrpnjlgrrafokqenszhmsagrtvucobflhehssekcnmivweggfhdyelxpesvduac
jvomcnckgxawbyjwvjpwpaquahgcgvnssdeuqhgxgivjhfhcowafyqzazhcieraxwgtnpcmxkhgrmpwclwhmpimorrywkythhowwqiudpcwessifrsrgaewsxvqhqvxsweagrsrfissewcpduiqwwohhtykwyrromipmhwlcwpmrghkxmcpntgwxareichzazqyfawochfhjvigxghquedssnvgcghauqapwpjvwjybwaxgkcncmovj
yybykpfhnlsyqffirznchoahsreulsgmrhmdwrkmeekxjrhdtxhalhhfalbnblafhhlahxtdhrjxkeemkrwdmhrmgsluershaohcnzriffqyslnhfpkybyy
hlamcjvgqsmjyfizkrssftxbqhapmppwbpkfaiotcaeainbuevomplnhtpyhfqfifqpiaddcgheougkbdznskccfsanzquhymwimclokuvypdksggskdpyvukolcmiwmyhuqznasfccksnzdbkguoehgcddaipqfifqfhypthnlpmoveubniaeactoiafkpbwppmpahqbxtfssrkzifyjmsqgvjcmalh
kumcbyaysijspwffbfwcscgkmilerchewvgywiwosiiiiisowiwygvwehcrelimkgcscwfbffwpsjisyaybcmuk
agihtygwrpotadzlwpjrdqvozwytatgabphupotidhcfmbskscexsznrvlmvgsvijeeyszhxilcwovhizlfrkukhhweoewhhkukrflzihvowclixhzsyeejivsgvmlvrnzsxecsksbmfchditopuhpbagtatywzovqdrjpwlzdatoprwgythiga
vzqlcxqxlqaxfamqsclfvplmolylmobjntwsqmredrbktpcntnsoddctqaheoinedjwtwnzzgdlzsnmmdgcicgdmmnszldgzznwtwjdenioehaqtcddosntncptkbrdermqswtnjbomlylomlpvflcsqmafxaqlxqxclqzv
vrbjknmjmsxkqsmekadsookvqwdpgfjczlnjabupttbmlnqwnuockbzaxdsekbijoxsrzoguhhgtuxpkkpxutghhugozrsxojibkesdxazbkcounwqnlmbttpubajnlzcjfgpdwqvkoosdakemsqkxsmjmnkjbrv
lspfftewdqcxawajggjwblueqxgvvajhuymatsyxlaulxwudcfberyijvqgrrpanponjjliuoehlbeqdluhessssehuldqeblheouiljjnopnaprrgqvjiyrebfcduwxlualxystamyuhjavvgxqeulbwjggjawaxcqdwetffpsl
ypkmwiqmccyioodazlvqshcohfptothoktdicvvgxvrljwolijdashqbphvddetnxwwbutktqbhbxvmhgriyzazyirghmvxbhbqtktubwwxnteddvhpbqhsadjilowjlrvxgvvcidtkohtotpfhochsqvlzadooiyccmqiwmkpy
pblioukgmsojtflhkhibdxewsdxkskshndpczbklwywpfiwprgtvdztytzdvtgrpwifpwywlkbzcpdnhskskxdswexdbihkhlftjosmgkuoilbp
wsvxhtdwotrvihugwjzzfeswacuficvfvqeelhaacuxlbtrzctyjxrfzvcgfeckbuofgyiicchnfaheeadozwvatxhyellfhblpbbplbhflleyhxtavwzodaeehafnhcciiygfoubkcefgcvzfrxjytczrtblxucaahleeqvfvcifucawsefzzjwguhivrtowdthxvsw
cagrwdapkxhmiuxtnykmkqjguegtckvglbajfcarzidheddrdpfnfqvbvduzopfbtfkyhlrjvvqzavqdnvsumowjrsihkppkhisrjwomusvndqvazqvvjrlhykftbfpozudvbvqfnfpdrddehdizracfjablgvkctgeugjqkmkyntxuimhxkpadwrgac
uoxadnranvpfljmgfywgmhsvdllbftizihbnwuojqdqdpcjwcicprxmukyxptfrbosrmnfxfknizrtxudalvzxpjxnbtuswlknxzuvefkogckeynglihilgnyekcgokfevuzxnklwsutbnxjpxzvladuxtrzinkfxfnmrsobrftpxykumxrpcicwjcpdqdqjouwnbhizitfblldvshmgwyfgmjlfpvnarndaxou
umycmtwbdeqlntuyzollugdtvmavxdrtpqvdjtgmxxzksvkrjxfddiiddfxjrkvskzxxmgtjdvqptrdxvamvtdgullozyutnlqedbwtmcymu
oppnlemkmabybsyfhzqfypjzitwvksxyjpnutbfidgieahjjgbqercfzvcwfuvfgksaggaskgfvufwcvzfcreqbgjjhaeigdifbtunpjyxskvwtizjpyfqzhfysbybamkmelnppo
zswiwtesfkyyepwuvqcpnnukgdcsqvbrnzzlvfdaadfvlzznrbvqscdgkunnpcqvuwpeyykfsetwiwsz
oahqapdbqcvtvgxklajwovjloqdqlfjbfsrfixiazdtwjqgwqsvgpgsdwxtjcekjxeqfbyfcdyyorhmjzjqopktojmxnqiwpooupobrrcrftytczdupsgiipugenqcqnegupiigspudzctytfrcrrbopuoopwiqnxmjotkpoqjzjmhroyydcfybfqexjkecjtxwdsgpgvsqwgqjwtdzaixifrsfbjflqdqoljvowjalkxgvtvcqbdpaqhao
tcdmebkcbjdrfzlhyyyzxyipqkpybifwniitltxmebfjcstasrbpskeiuugyeoutwfoiamwepcqtwlwpcxewjleghngnbcjxjxhjlgqckiwgtsxxreubpajynplqruqbqurqlpnyjapbuerxxstgwikcqgljhxjxjcbngnhgeljwexcpwlwtqcpewmaiofwtuoeyguuiekspbrsatscjfbemxtltiinwfibypkqpiyxzyyyhlzfrdjbckbemdct
sefnmrotcjbcsnjkldawqkvmqrrtrgkjmryzimunwwpqlyawdcutnsgfjzychjltamslypywypylsmatljhcyzjfgsntucdwaylqpwwnumizyrmjkgrtrrqmvkqwadlkjnscbjctormnfes
tzkfjunltqzwqqovkxokueczjmvkzyiqzsxipkvkcugtmxqwugiolmqualealosnjpvyztkcnrxaqpykwhbhvtdwghysyqfhfchgvvghcfhfqysyhgwdtvhbhwkypqaxrncktzyvpjnsolaelauqmloiguwqxmtguckvkpixszqiyzkvmjzceukoxkvoqqwzqtlnujfkzt
ljhbnjdunyrawrcwacbrnxefsyafoltcxbdmkhixfaybrcatgbmtbratrbzfouhllhuofzbrtarbtmbgtacrbyafxihkmdbxctlofaysfexnrbcawcrwarynudjnbhjl
tbteatxkfksgzrgyztwccomwkjonjcdcfwigrhsxskftblrcgqfietfqetenxhsdfalwidvcpcvsqnvwfcflvmbzffpeojhvjsutxpxmutumxpxtusjvhjoepffzbmvlfcfwvnqsvcpcvdiwlafdshxneteqfteifqgcrlbtfksxshrgiwfcdcjnojkwmoccwtzygrzgskfkxtaetbt
aayzsixvtubeetmdaejxrzmamtwwphpgiphcygyrbbxhwjmyqvvhuhhgafepntxvjgzjmxcpazwwlkwbfribyrjaxprkjohuwgdlgfcigbfbgicfgldgwuhojkrpxajrybirfbwklwwzapcxmjzgjvxtnpefaghhuhvvqymjwhxbbrygychpigphpwwtmamzrxjeadmteebutvxiszyaa
oncykgdorkwiffmcrpbomqngcdadqzyemcezikpzumjzrydkpeybxnxbyepkdyrzjmuzpkizecmeyzqdadcgnqmobprcmffiwkrodgkycno
praovsoejdsvjqvfoiubxngsbcccwmknflbafreouylgrgnhoiilvqezuibqqbiuzeqvliiohngrglyuoerfablfnkmwcccbsgnxbuiofvqjvsdjeosvoarp
qvsmycrbgrsxkfgeeuyzxzcerhjycsluofgmhxqopinbquguqgvofxuwefujyhdonmaulqkabyerumnmnmureybakqluamnodhyjufewuxfovgquguqbnipoqxhmgfoulscyjhreczxzyueegfkxsrgbrcymsvq
cfkafkldowweivcxxgvdybevzfzzsaswfdwmpjpfhnlpinmhwkmultrmytnstgpalnmczdzcmnlapgtsntymrtlumkwhmniplnhfpjpmwdfwsaszzfzvebydvgxxcviewwodlkfakfc
lpayopzwvwhbnsvudxictldybetboudzjfxauyyrugskypedmoghzlgcqzdgvjfgoffogfjvgdzqcglzhgomdepyksguryyuaxfjzduobtebydltcixduvsnbhwvwzpoyapl
gwmmuyghwdugxrdwudalahixwvbyjytruffqflaeoumnnpmitmttwdqszssksmbntifbuffkzrzkffubfitnbmsksszsqdwttmtimpnnmuoealfqffurtyjybvwxihaladuwdrxgudwhgyummwg
wnszgduwkastkvkkggodjtgwfiktbjxxwqyevtbftvydqkpwqdbcyjyftkzvtwusotwjozrjupomadisglwhwumqhnnamhsacrksqbbnsrzuukpdvlkuiwwiuklvdpkuuzrsnbbqskrcashmannhqmuwhwlgsidamopujrzojwtosuwtvzktfyjycbdqwpkqdyvtfbtveyqwxxjbtkifwgtjdoggkkvktsakwudgzsnw
qoeeavvhbycxosfdyhgoktgkcwmxtpmlgqqinnppnsobmvhncnbmjkznglmbbymjrcresgvfakjpfqckffwopvdxhpykoltfpmjhufuhjmpftlokyphxdvpowffkcqfpjkafvgsercrjmybbmlgnzkjmbncnhvmbosnppnniqqglmptxmwckgtkoghydfsoxcybhvvaeeoq
czofqxuaheobatdzyayjfhrcarndbvlxwbemyaohgeigyniwpghvnyxppmssjgrfjxtkxhremcmkpwifepcrqbihndczjteutaeqhywvalhrjpwofahvbqertgqqgtreqbvhafowpjrhlavwyhqeatuetjzcdnhibqrcpefiwpkmcmerhxktxjfrgjssmppxynvhgpwinygieghoaymebwxlvbdnracrhfjyayzdtaboehauxqfozc
fxnqayidcggzzzosqqdbtnfthlmqmgjufwmhmwfujgmqmlhtfntbdqqsozzzggcdiyaqnxf
kehwackabgtzyhdubfcrwuijstokcoeotmkvqwvrcotbvwxyyxwvbtocrvwqvkmtoeockotsjiuwrcfbudhyztgbakcawhek
gwnmitqwtbwxhcyqefxvlfqlhxcfkysqufuqsykfcxhlqflvxfeqychxwbtwqtimnwg
fhpbyjbglhfxxejvknzwkqutgqizwrpbageaqhhdooalsliczibjyvffnnejgvmgcsguanxocacoxnaugscgmvgjennffvyjbizcilslaoodhhqaegabprwziqgtuqkwznkvjexxfhlgbjybphf
obgzvimpmsxogiixqlvryxomjmzmimxyogoyxmimzmjmoxyrvlqxiigoxsmpmivzgbo
jkxjbjpwrprnujwwceihpqvbznszfmroxpaaaapxormfzsnzbvqphiecwwjunrprwpjbjxkj
tovjawtjxehuknckgozfafclgckwdbywstiurbdqhmltcnekkenctlmhqdbruitswybdwkcglcfafzogkcnkuhexjtwajvot
aavrovtlgjqnrtoclwrvxjnswmbvibmlbkcrhxcoiubzppeanvwlelfaflelwvnaeppzbuiocxhrckblmbivbmwsnjxvrwlcotrnqjgltvorvaa
repcbpqxygzovliigcaupsnmssdvcxbtcqxfhndhwcwrqgbykcszuguzsckybgqrwcwhdnhfxqctbxcvdssmnspuacgiilvozgyxqpbcper
toszybsioufmkoqbyfvuqoqergfqkcldqdfqgzyutfjgvzhvgepxshdlpkdzmofdsmvyluvebgkxftsmaklutqgjbjknyrssdososodssrynkjbjgqtulkamstfxkgbevulyvmsdfomzdkpldhsxpegvhzvgjftuyzgqfdqdlckqfgreqoquvfybqokmfuoisbyzsot
xclucrnfsaqctsnfwctmzdsyrnfwmpjjtugvmtbewrirlwyhysuzxmzrzepnvzwotcmfynlwgwnrslysfusdgtuhyjuvitkevyvektivujyhutgdsufsylsrnwgwlnyfmctowzvnpezrzmxzusyhywlrirwebtmvgutjjpmwfnrysdzmtcwfnstcqasfnrculcx
ksftnnjmjjhkyshidpgwgntafatlsswdnbwaqiozrwjrqszuhhsqvoqaojljejejljoaqovqshhuzsqrjwrzoiqawbndwssltafatngwgpdihsykhjjmjnntfsk
lcqicamubvpbysguayghlujzxkvtmbtzdmhhovdprstrnbmncuxnogoorkjfneesqozejcwcwrrwcwcjezoqseenfjkroogonxucnmbnrtsrpdvohhmdztbmtvkxzjulhgyaugsybpvbumaciqcl
oamodqlbupmfmknjbjdvnhiphmajhllhjamhpihnvdjbjnkmfmpublqdomao
nzmpzarlnuovnhuywzzkefdqbwkzmnbzoprpriceeqbuaxsywtidzltcjfcwufxjuoymzbsdtwxttrtslbvmoqqyxswsztbuibihecmaymvufpmsshgjxxjwrforyrninryrofrwjxxjghssmpfuvmyamcehibiubtzswsxyqqomvblstrttxwtdsbzmyoujxfuwcfjctlzditwysxaubqeecirprpozbnmzkwbqdfekzzwyuhnvounlrazpmzn
rowlwbevydsjtrbzjnfizmmucaytahztvxeuykrwnjhickjlaotzdiwhkwaldzezwlvwvmvlvctandlnthowpkfzjgmmhtnggiggnthmmgjzfkpwohtnldnatcvlvmvwvlwzezdlawkhwidztoaljkcihjnwrkyuexvtzhatyacummzifnjzbrtjsdyvebwlwor
ciudxfldktdnnidwloeahffswbrxgdvkmppluaogvrujbzhopnpzswroyingmiqaxgntibaeuwpvxwjmlaldxeuxnhdbqvdpbqlmrnsnjjiihtuswivvvviwsuthiijjnsnrmlqbpdvqbdhnxuexdlalmjwxvpwueabitngxaqimgniyorwszpnpohzbjurvgoaulppmkvdgxrbwsffhaeolwdinndtkdlfxduic
dfjyricaccdqklfqqetwtdjzlfnzyoocvxcmigokiraudikvkiduarikogimcxvcooyznflzjdtwteqqflkqdccaciryjfd
duywlukqvcvbmxmdnsxkyftkchqoucpywowjkicfkziwwucjmbulgpvkwnarqqrmepyoyavibdfxxjijkcwsstcqhcjxjchqctsswckjijxxfdbivayoypemrqqranwkvpglubmjcuwwizkfcikjwowypcuoqhcktfykxsndmxmbvcvqkulwyud
wxbegnxhigzimfewojkbcrvmmoafztxvqbcyobfyiggunnsbwefavaoiqpnqknncopaerhcbnlvaypcwthxojlybcorobfqrwqvnxzomklnkarraknlkmozxnvqwrqfborocbyljoxhtwcpyavlnbchreapocnnkqnpqioavafewbsnnuggiyfboycbqvxtzfaommvrcbkjowefmizgihxngebxw
briwkblewkhjkzfpkrjqrgoodcrlkhzoyhkjixpgjzswyxljrubiappaiburjlxywszjgpxijkhyozhklrcdoogrqjrkpfzkjhkwelbkwirb
njlejxqbvysvnhgmivvkermfoswlcvfretxoqnrlmlibspodmlnrcbwsuudyqlrueokwdbhpnssnphbdwkoeurlqyduuswbcrnlmdopsbilmlrnqoxterfvclwsofmrekvvimghnvsyvbqxjeljn
zguyisqvwdzfnjbmnrplbclkvddkiywqhrqplhmhklozwplmjcxkgiwcnbmxalqhegypnkwaxnztcnflrcyynwacymcazsjdyhsmtroortmshydjszacmycawnyycrlfnctznxawknpygehqlaxmbncwigkxcjmlpwzolkhmhlpqrhqwyikddvklcblprnmbjnfzdwvqsiyugz
conxwdybrkahrvcycbrwygcpjacebzceopdmucqlmsufnwdrxupydrpotsuvtwbjoewiimwueqzupenobddbonepuzqeuwmiiweojbwtvustoprdypuxrdwnfusmlqcumdpoeczbecajpcgywrbcycvrhakrbydwxnoc
ktlcxlpsvlyivwqgmvtkrfhqaedjbagnvtqvehnbtomomcxaaskrxujyymjborpkkhfqoushkgywivxknjdmdmkdbwfppfwbdkmdmdjnkxviwygkhsuoqfhkkprobjmyyjuxrksaaxcmomotbnhevqtvngabjdeaqhfrktvmgqwviylvsplxcltk
gluudhofwsncswqqyixnapbmiysxqnawyvsdeiiabxfvvxluglhiakuljoizbkxcfsfjaqmdprylokhuxqdxazkjoskpfkrkczwcriggzerpqakpspptozecuruzbnjfjnbzurucezotppspkaqprezggircwzckrkfpksojkzaxdqxuhkolyrpdmqajfsfcxkbziojlukaihlgulxvvfxbaiiedsvywanqxsyimbpanxiyqqwscnswfohduulg
wjcjqhykcycnytyyijqgllpbcbrcyfywoagggaowyfycrbcbpllgqjiyytyncyckyhqjcjw
wbmgdshclbatweyexhjznyfumhgroovmrhuwbezmfbfmzebwuhrmvoorghmufynzjhxeyewtablchsdgmbw
ermmxuqoftsgubflyyxujomwombmyoseghqddgribjoxmulnukhfytcohfdhtvlbedeimxqnnqxmiedeblvthdfhoctyfhkunlumxojbirgddqhgesoymbmowmojuxyylfbugstfoquxmmre
ftdnwmcnvpfiikgfaallebmqwyjytryzkdpirtvmicvtndandlakmncinljifjkpozagsxscapvpsvcyheivtmgixprcabuocwuwtnyvewkxtovvotxkwevyntwuwcoubacrpxigmtviehycvspvpacsxsgazopkjfijlnicnmkaldnadntvcimvtripdkzyrtyjywqmbellaafgkiifpvncmwndtf
esonmvsjlddsbvaoldajhokeelfrfckjuawjvrujwzbxwdlhiosrecxiqccvhoedodmjwgssfvpcaclksedwiahyflvmzcppfeadkvxssmwtqjfjpjhyjoyqzuuzqyojyhjpjfjqtwmssxvkdaefppczmvlfyhaiwdesklcacpvfssgwjmdodeohvccqixcersoihldwxbzwjurvjwaujkcfrfleekohjadloavbsddljsvmnose
qgmhdtvrqeydzurhrytlogoqxcgqfhmvqycvszmidmocifmagfnwobmnfudkephupjrjkfunrisbpebxlruzsimydrijiqfabwjmbdbunvvdbzapquoiddiiiiddiouqpazbdvvnubdbmjwbafqijirdymiszurlxbepbsirnufkjrjpuhpekdufnmbownfgamficomdimzsvcyqvmhfqgcxqogoltyrhruzdyeqrvtdhmgq
gkwboigmkgbryokzluoniwenufkptxljjhkxrsmdanvnadmsrxkhjjlxtpkfunewinoulzkoyrbgkmgiobwkg
bkezaifmxfvcnhtbuwjapyggoxiulhqmrwnreuedzzhpibqexaeoakwokfixoamgwbzcwdgxepmnqfrqhyghkdxukhuyhiedjehfjpfofrdxywpfuwofzlbjjblzfowufpwyxdrfofpjfhejdeihyuhkuxdkhgyhqrfqnmpexgdwczbwgmaoxifkowkaoeaxeqbiphzzdeuernwrmqhluixoggypajwubthncvfxmfiazekb
ahfuvuucwmkxfyecbpoqewnrzarwvgkxpptmkqoicaacioqkmtppxkgvwrazrnweqopbceyfxkmwcuuvufha
ohwhjifkoxemvtvofvwlytylybdrahmorixascmgztsxoqntlkhkffvdiauikiybtvdlypuzimwxcksowzybhvfpxbyhkykdunqsfkrnxqmbcfrygrbpogfokfxudizxziduxfkofgopbrgyrfcbmqxnrkfsqnudkykhybxpfvhbyzwoskcxwmizupyldvtbyikiuaidvffkhkltnqoxstzgmcsaxiromhardbylytylwvfovtvmexokfijhwho
vjakioyiwxksxmerwejanzeygcsdqnlsyncgbcpxzbrwovqkabnnarlivdllsyerlixmllmxilreyslldvilrannbakqvowrbzxpcbgcnyslnqdscgyeznajewremxskxwiyoikajv
ystwngpfttefmsahbjeiqgkgnvkcyqcylxvaemhzfoftghbjqhrioepbzbfzujxfhufnhnmmbrihyjrqqkzgoqkprpolbosiiyvpnjeqbmzbxsspdtwtjijazxxzajijtwtdpssxbzmbqejnpvyiisobloprpkqogzkqqrjyhirbmmnhnfuhfxjuzfbzbpeoirhqjbhgtfofzhmeavxlycqyckvngkgqiejbhasmfettfpgnwtsy
ebwakdckoqfwiakcugpobzaxwheykjjomfowksjzlqvtqgxloobpnbollsmvbvlnbbmltvkgliccqzpeoqtdthtdtqoepzqccilgkvtlmbbnlvbvmsllobnpboolxgqtvqlzjskwofmojjkyehwxazbopguckaiwfqokcdkawbe
lzozcvzdcnxwrqasybkfuxhpxoyihqxsrlttjsylfwkyokrondvhdfwatuiamhvdvoyehxrovbnlmgzzjvjoafotczvqgqubhuhqtzeqctbqzbqlybzaiqtkpqdxxdqpktqiazbylqbzqbtcqeztqhuhbuqgqvzctofaojvjzzgmlnbvorxheyovdvhmaiutawfdhvdnorkoykwflysjttlrsxqhiyoxphxufkbysaqrwxncdzvczozl
rwbpjtcarssbwfsbhksazrfxorydclethhjtjhhtelcdyroxfrzaskhbsfwbssractjpbwr
ospidqhughqpmuhlszwgynfzmpfspkmgeeojwwddfvutqcfkddsbqxccnjjnccxqbsddkfcqtuvfddwwjoeegmkpsfpmzfnygwzslhumpqhguhqdipso
gmkvkoudqobgkrebajlgmspzotnldeqlraibrcghrjodauhcdskrkaqatgoykejdhreavmhovxuxrbzwvmnhmgkfmydyeocnfincvvrsunqmqnusrvvcnifncoeydymfkgmhnmvwzbrxuxvohmvaerhdjekyogtaqakrksdchuadojrhgcrbiarlqedlntozpsmgljaberkgboqduokvkmg
dcxtfybdtyohsbjbcckbbxucvmqutdswhrqmptrkufsmidqlgaojzjnuvdrqilnqefetyyfsdzhodxblzpuzahvxmoowzbodgvygtgbyfimifntgfpffwbfkptjrwxweuxuewxwrjtpkfbwffpfgtnfimifybgtgyvgdobzwoomxvhazupzlbxdohzdsfyytefeqnliqrdvunjzjoaglqdimsfukrtpmqrhwsdtuqmvcuxbbkccbjbshoytdbyftxcd
xqmehoymkvsvthcrerhjtofoalktulptbdairyxctrzpydgdvnoodvfdgrwcdnygryriyomtfoierojmexdjskpabnegbcnscgcaurubfchwtqqtwhcfburuacgcsncbgenbapksjdxemjoreioftmoyiryrgyndcwrgdfvdoonvdgdypzrtcxyriadbtplutklaofotjhrerchtvsvkmyohemqx
qcljfjvipkgirmqtcnuduiijyalcplgfnrqsbocsyiarxtlzgffbppmnqxxqnmppbffgzltxraiyscobsqrnfglpclayjiiudunctqmrigkpivjfjlcq
bsgwpigchuqriboopxwxafcexlkytzzwtfslqanxxdqhgexvbvtbaxizjuxcvwypescwupvtulcapzysutvwqfvzasdvrdmxxovsfqnzbqaspakmthijnelnyqkrwzwrkqynlenjihtmkapsaqbznqfsvoxxmdrvdsazvfqwvtusyzpaclutvpuwcsepywvcxujzixabtvbvxeghqdxxnaqlsftwzztyklxecfaxwxpoobirquhcgipwgsb
rqgiyocdcdmwpjprkbnbfwjpelvmubpntxxrlzxqelmtudngechlyqdfdyrzbjmvijmuklkpwyktbzzhbjscbvhfwaexltsuchopuaupohcustlxeawfhvbcsjbhzzbtkywpklkumjivmjbzrydfdqylhcegndutmleqxzlrxxtnpbumvlepjwfbnbkrpjpwmdcdcoyigqr
dhzljzlutkoeilvvtiqcwghswiimnebtldewerqzdgdmryjkgzoeivzefhstnumaxswdlmcoufclemxmnlrvjqbozuhnqvqnhuzobqjvrlnmxmelcfuocmldwsxamuntshfezvieozgkjyrmdgdzqrewedltbenmiiwshgwcqitvvlieoktulzjlzhd
umvswwqbirzddggketyxvxeejqyrmawgorakqqoyjpdmvkwzwkvmdpjyoqqkarogwamryqjeexvxytekggddzribqwwsvmu
yujnqauieumhqfjwbkkihpjxczuriiuifdvvfrfjorrezcacnmkudvtftvdukmncaczerrojfrfvvdfiuiiruzcxjphikkbwjfqhmueiuaqnjuy
ngvzicbbqjdforfxbhptemgpoqqmjddxkyyucbvskaxztctzxaksvbcuyykxddjmqqopgmetphbxfrofdjqbbcizvgn
arptouyhdtwjgurpxicmmqqhmaqyoshokykyskfxddgkyzbvjejywzflbvlposgaqsykcejhhprhqveabnyzofkqkfozynbaevqhrphhjeckysqagsoplvblfzwyjejvbzykgddxfksykykohsoyqamhqqmmcixprugjwtdhyuotpra
xkymsrftrxaqtamaunpkmvopouumqskockcudhpxfqnyqbanprzbnntbjnpafcojoqfsyvpflefdffswwraletooieopgeyuudouyfbllgptnhpkbpvfikvsqjjqsvkifvpbkphntpgllbfyuoduuyegpoeiootelarwwsffdfelfpvysfqojocfapnjbtnnbzrpnabqynqfxphduckcoksqmuuopovmkpnuamatqaxrtfrsmykx
tngomxjwtubsmpwfzquhyevdvemukrdeglutkdpfatzmkvtllotluoppsbmeurkbceuokllkouecbkruembsppoultolltvkmztafpdktulgedrkumevdveyhuqzfwpmsbutwjxmognt
ousqwbyxitpcltlrpqpwyttgwlsybairucuriabyslwgttywpqprltlcptixybwqsuo
sxdmuadhpgcbkbwvczlbyxugiqkbvvznuezreeywmdxwevriirvewxdmwyeerzeunzvvbkqiguxyblzcvwbkbcgphdaumdxs
hgbybgulhjizoulmlynxxweveszlqhsxqvyteufldnmtjafwyuvvsatwsshkbbirzildcqqffdzodgmdbiztksqemzpnpzmeqsktzibdmgdozdffqqcdlizribbkhsswtasvvuywfajtmndlfuetyvqxshqlzsevewxxnylmluozijhlugbybgh
otenjjtkrbnxoyildtntwxvczslkcqnsjtisebcxcpurpdctysowpkyrelbgbqbkjjcpkgkpcjjkbqbgblerykpwosytcdprupcxcbesitjsnqcklszcvxwtntdliyoxnbrktjjneto
zfpklzdhskadpxzxhnqmncgvdvdxhejhjytxzwerjeuyduymjozysfuvbzvkdgtogmlflqwuwqscmqoygnwbvsyytviwbcnhncbwivtyysvbwngyoqmcsqwuwqlflmgotgdkvzbvufsyzojmyudyuejrewzxtyjhjehxdvdvgcnmqnhxzxpdakshdzlkpfz
qgkocbvcxllolhqluacjakwvymgkaroqxzgccbezoqpbzhmthrfkbbhbnomphchhbnnbhhchpmonbhbbkfrhtmhzbpqozebccgzxqorakgmyvwkajcaulqhlollxcvbcokgq
yuvkevzckpvishoivhcoyunufnltqjqodoahjamtrhdlotulcwadspxxdkttujjzxljglvlgjlxzjjuttkdxxpsdawclutoldhrtmajhaodoqjqtlnfunuyochviohsivpkczvekvuy
zsxciowbmnqrzebrjgpqhfykdvkruubuoyyzpuabisvjxyaieqanvayawkssgvovtnukhwmrrjbqjdynydjqbjrrmwhkuntvovgsskwayavnaqeiayxjvsibaupzyyoubuurkvdkyfhqpgjrbezrqnmbwoicxsz
edvjoihnipgaoexjwytgigrkwvphtrgxwdgllqawfgwwktfguyocefpbceivxqstubghhgbutsqxviecbpfecoyugftkwwgfwaqllgdwxgrthpvwkrgigtywjxeoagpinhiojvde
qstpcfngoobnzrantcmzerlnknnpbywuqrluzabpoccnteapgmolfbyrybflomgpaetnccopbazulrquwybpnnknlrezmctnarznboognfcptsq
adikithxxznoqxhriiundlkaczlfustuvbfgxodwnslfqswabrngeagizuovmjqinxokltgamrfcmecpxpvdrdmsxaokjeuwdiiobrrboiidwuejkoaxsmdrdvpxpcemcfrmagtlkoxniqjmvouzigaegnrbawsqflsnwdoxgfbvutsuflzcakldnuiirhxqonzxxhtikida
