jszglliaguwnxysppzrmfmbrsolwqnazfzhsnquvmqilqacfbusjitaaklycyzcfalznbtipjqacsdhuzbdhvdjhoijpjnujzuzanhszzshnazuzjunjpjiohjdvhdbzuhdscaqjpitbnzlafczycylkaatijsubfcaqliqmvuqnshzfzanqwlosrbmfmrzppsyxnwugaillgzsj
mksutnaorjunxwjdzhcatmpcbbtoohnanhootbbcpmtachzdjwxnujroantuskm
xiepkblumknwqfebqnrcuoihpswncsybcdqmgdhtnwrfcxhskaxgphpgbowdiugkzyxgbebqasyerfzbfwjwfbdhpbkxvthvredtkgllajallgktdervhtvxkbphdbfwjwfbzfreysaqbebgxyzkguidwobgphpgxakshxcfrwnthdgmqdcbyscnwsphioucrnqbefqwnkmulbkpeix
brhusheynkanhgptbcdjoamqavuylljncshvblvoyxbfdsaexgpnnpgxeasdfbxyovlbvhscnjllyuvaqmaojdcbtpghnaknyehsuhrb
pxvbxhjqvhrawtjeysvdrbgkkylkauusrpvqyehulawitforajxtmfdxepjgldyfsvvrzennejxzrlttwsmjxsidhtkuwkzqgvjffjvgqzkwukthdisxjmswttlrzxjennezrvvsfydlgjpexdfmtxjaroftiwaluheyqvprsuuaklykkgbrdvsyejtwarhvqjhxbvxp
rwtpigglvauhzegmwwkxfvsugvghahfrfyhnenycqulrareynowujoosjwzmegdjemzkcxmsuzjurnvgdrbphrhtthrhpbrdgvnrujzusmxckzmejdgemzwjsoojuwonyerarluqcynenhyfrfhahgvgusvfxkwwmgezhuavlggiptwr
qjkdinwrfgbsembhelkvtdlkcpcurybhkmlszjlesmyybafhnrdgxotzfvfztoxgdrnhfabyymseljzslmkhbyrucpckldtvklehbmesbgfrwnidkjq
ydncaweoxrclgrfqdxblsafdvwtmvhttmjxohbffshsbaxrduuppvwssunerxamlljasmhzforiqpztltkaqgvjckpthpftatfphtpkcjvgqaktltzpqirofzhmsajllmaxrenusswvppuudrxabshsffbhoxjmtthvmtwvdfaslbxdqfrglcrxoewacndy
bxswsjzydthrkyucrusilkntrtuxfbwiyqesbdseesdbseqyiwbfxutrtnklisurcuykrhtdyzjswsxb
gswfqteivinbprjskmyrocvczextygjebglrbpbxaoarhkjrykkmmgqlmogmmgomlqgmmkkyrjkhraoaxbpbrlgbejgytxezcvcorymksjrpbnivietqfwsg
gzjnqmkkcsequoywjbbujxonlwmifuwnvfbmtlyyfeozspycsbybzoqkncuuzrhuyiisviqbngchvajpcjqdajjadqjcpjavhcgnbqivsiiyuhrzuucnkqozbybscypszoefyyltmbfvnwufimwlnoxjubbjwyouqesckkmqnjzg
dvzguctbihdbpqkbvhstwdmufifhuawxyxdszyvhhaixtvaqctjzwyvdgcnancgdvywzjtcqavtxiahhvyzsdxyxwauhfifumdwtshvbkqpbdhibtcugzvd
ebeaxrtonqjnbsemvcmeieptuloyuqlzrrzojsfwlqlmkraftmlbsawmlkliawhtngiwbnumffypwzvpnisgjoswafecbllbcefawsojgsinpvzwpyffmunbwignthwailklmwasblmtfarkmlqlwfsjozrrzlquyolutpeiemcvmesbnjqnotrxaebe
qyvlurrlmguujvcsibyprscyrcnqicoyckkcyociqncrycsrpybiscvjuugmlrrulvyq
xqfqgranrcrtkqmysqnhanwwaeducmhbfoulhwayzutlkimfyzmzojxopbltpuxuiripnipocjcptourruotpcjcopinpiriuxuptlbpoxjozmzyfmikltuzyawhluofbhmcudeawwnahnqsymqktrcrnargqfqx
pfumawtcvzpwwvmanpeuzymyttthzttoapaaovdjwshtpuvdlzznymlthebizwxzlzczxfitzsormluzlvmlhzeqffzedygpxiqwpbsotifhubgfxvsguyxaewgjuoytyoujgweaxyugsvxfgbuhfitosbpwqixpgydezffqezhlmvlzulmrosztifxzczlzxwzibehtlmynzzldvupthswjdvoaapaottzhtttymyzuepnamvwwpzvctwamufp
srjhgovhfmqhakpjdzhvccvbwzsfyfvsyeysvfyfszwbvccvhzdjpkahqmfhvoghjrs
mtdveeabvhztrmjvfwbywallozcguoijkngqrgrmpqgifrfkphkljwzxxdfrroadbhutplhheprjgxvvgfjpbknynuqgiskmbeebmksigqunynkbpjfgvvxgjrpehhlptuhbdaorrfdxxzwjlkhpkfrfigqpmrgrqgnkjiougczollawybwfvjmrtzhvbaeevdtm
qzhvnhsdvrdqnlaiykqdpspmawrgdmptmyobiggdalvnxxxxipazhrnjnfqrrhkfgbiohqtjcowbnuyvjawtrkcgpuxixupgckrtwajvyunbwocjtqhoibgfkhrrqfnjnrhzapixxxxnvladggiboymtpmdgrwampspdqkyialnqdrvdshnvhzq
gxkyzmgnpzmkehjolcnsyqrwmxmemgquddvdrbsgbeebgsbrdvdduqgmemxmwrqysnclojhekmzpngmzykxg
mhdzcfcsuqycurclhwsnshxpstcwwhjkqomttonqgludfyomxicpszgmujjssucjiqeddeqijcussjjumgzspcixmoyfdulgqnottmoqkjhwwctspxhsnswhlcrucyquscfczdhm
vazhihlfsaiiwyipzcilpqyztuckxqfvseeaophgspqopyepcoathysavwkumrrevvflnmrfehvtvhefrmnlfvverrmukwvasyhtaocpeypoqpsghpoaeesvfqxkcutzyqpliczpiywiiasflhihzav
tuaqtnsqgiogiceqgsuylmejybaqwhqpdrhxebpklftvizmoriocutnuuolsxdjbutabwpniwgdehrvyaldweqrbgevehffeahfwwsgsbkzibwjdhoaoerplvkkvlpreoaohdjwbizkbsgswwfhaeffhevegbrqewdlayvrhedgwinpwbatubjdxslouuntucoiromzivtflkpbexhrdpqhwqabyjemlyusgqecigoigqsntqaut
mxutouddywegtdcfufegkdldscunvupjskegehleeplxsnemuivenghhidvfykossokyfvdihhgneviumensxlpeelhegeksjpuvnucsdldkgefufcdtgewydduotuxm
wmvxmsfcwywpxltprpeewhzqzetinpejbbiqqibbjepnitezqzhweeprptlxpwywcfsmxvmw
yapztoehfpaccbmbbiwuzbspanozjnfzpwyjmcssrswwvixwswxivwwsrsscmjywpzfnjzonapsbzuwibbmbccapfheotzpay
mxthmczthqvmbnpkgtgwqwkeyuwbmxeyyexmbwuyekwqwgtgkpnbmvqhtzcmhtxm
gqtxkykftlrssygdslahukoirchnntovljuwhedcsuxmtdqnqqwkdmsupbjeuzbfjvdqzgttdqgwtwllohvrupnlqzpmyqthnzyohtikjoiektpadmsxbhktgzffraoggoarffzgtkhbxsmdaptkeiojkithoyznhtqympzqlnpurvhollwtwgqdttgzqdvjfbzuejbpusmdkwqqnqdtmxuscdehwujlvotnnhcriokuhalsdgyssrltfkykxtqg
kuxtdrxmkfabqzokkskkqcajxjxkskkehixmbvylcbmuacemurxntzwskucfgnjnxhzyeajgbybdafrxwokrqglacohjdrycaacgalmdlpgoxxlvoxpgdagiqqtvhrxjjxrhvtqqigadgpxovlxxogpldmlagcaacyrdjhocalgqrkowxrfadbybgjaeyzhxnjngfcukswztnxrumecaumbclyvbmxihekkskxjxjacqkkskkozqbafkmxrdtxuk
awtgixxtgzknrevgpqlsmjikvscmamkaidisbfljgywyetetksnwbxiyqnlszvuhbcbcjmnqkjoqdujpoynpwwqmjbgiyarzesbngqftavjfqvwetjwppwjtewvqfjvatfqgnbsezrayigbjmqwwpnyopjudqojkqnmjcbcbhuvzslnqyixbwnskteteywygjlfbsidiakmamcsvkijmslqpgvernkzgtxxigtwa
qzgsleuukvmrjywlguratfkumahucpwsqcnbihytekknjiypdrrywbtjbaffrbahdnllwjeatrpezpueglffpaqscvyuwabznmmjvrlricvjrrqzfvguugvfzqrrjvcirlrvjmmnzbawuyvcsqapfflgeupzeprtaejwllndhabrffabjtbwyrrdpyijnkketyhibncqswpcuhamukftaruglwyjrmvkuuelsgzq
kuikiyeyycybamtudxdyljljkljoyccyojlkjljlydxdutmabycyyeyikiuk
upappsdgtwwgenxcqnxkyhtzbteagysaosrdmulfsjoywldpaabyiwajqgmyeeasytxkniriufgqslhtmitwhtfxbtxgxzavsyhhizpcgyvzjeuvpptwlbvmusssssumvblwtppvuejzvygcpzihhysvazxgxtbxfthwtimthlsqgfuirinkxtysaeeymgqjawiybaapdlwyojsflumdrsoasygaetbzthykxnqcxnegwwtgdsppapu
brdbvnkatrnzshaqmsvgyyieufjrkmboggpbwzdpttolcqcoizwixemrlykymomuudwqebhxuvjwnnkxmiimxknnwjvuxhbeqwduumomykylrmexiwziocqclottpdzwbpggobmkrjfueiyygvsmqahsznrtaknvbdrb
auydedteunwoxtrgfieqxdfsmussaaqavofbrzhnmdblwurccruwlbdmnhzrbfovaqaassumsfdxqeifgrtxownuetdedyua
txfwcpnrgrglewbxssqgahcmsqflttansfjuxzmfquqwttwnnmtpvybooizjbbwujiqgqijuwbbjzioobyvptmnnwttwquqfmzxujfsnattlfqsmchagqssxbwelgrgrnpcwfxt
mdfqmcmzycdnzlpbulbqzxzqszhgyqulucdigphgtnwuanwwyxoywoqqpyxpotckxfsewckqrgktuipuhdsdtjuihtaxmckkkcoggayxjlsfthhtfsljxyaggockkkcmxathiujtdsdhupiutkgrqkcwesfxkctopxypqqowyoxywwnauwntghpgidculuqyghzsqzxzqblubplzndcyzmcmqfdm
opkmhoyqiuwhavhhwzpvpidpyjbgwwmnnyzxoznzvlgvinfepwbgefydqzlovzblaciqbxpyiwuqlbwcxajefjjxiwlgvnrxpbotydribnynqwwqnynbirdytobpxrnvglwixjjfejaxcwblquwiypxbqicalbzvolzqdyfegbwpefnivglvznzoxzynnmwwgbjypdipvpzwhhvahwuiqyohmkpo
ihxxbnaidxvinefjfvdcqhhgmfzsfjrnqonubnchkapzeuikiuezpakhcnbunoqnrjfszfmghhqcdvfjfenivxdianbxxhi
isdfqvdobnomdkjgdwvcnvgangsucwdmqgrgdxxemnspxcycyvenqlnfrizvgchxkzfpwctirlapparpvyflluqecrzjvighjnwhwnjhgivjzrcequllfyvprappalritcwpfzkxhcgvzirfnlqnevycycxpsnmexxdgrgqmdwcusgnagvncvwdgjkdmonbodvqfdsi
oukdirtasnmmiwwqubvckbwzoqevoswcojhwabxsqjgbhcrbfodqrcrguvdinzkbisajvzdnimorqiuwuiqromindzvjasibkznidvugrcrqdofbrchbgjqsxbawhjocwsoveqozwbkcvbuqwwimmnsatridkuo
jcktlnclxycvrppqjelyuyhwyqqdolezpotdbxoavqxmipfrtqsprbnptduhryjgpelqbztysqkcfrtaknrbrnkatrfckqsytzbqlepgjyrhudtpnbrpsqtrfpimxqvaoxbdtopzelodqqywhyuylejqpprvcyxlcnltkcj
izpdtcdythoetyagtlrhhhcrmwhqmkxummyhqdhjmvpftrmocdymmadzympmynjkbjtsoadbxtgtkuhpxhdmjilkucwsrhdtqyqtdhrswcuklijmdhxphuktgtxbdaostjbkjnympmyzdammydcomrtfpvmjhdqhymmuxkmqhwmrchhhrltgayteohtydctdpzi
yiytbxestlfmhkuqpyaqavoxlhljuinurnnultmgesuoepeunhmpcampiybegozzemtpggxmasaghfawoolspaapsloowafhgasamxggptmezzogebyipmacpmhnuepeousegmtlunnruniujlhlxovaqaypqukhmfltsexbtyiy
owjswfqvduphffmwfzvtnqujvrydgbqxybrwghrjbjsjofhtgcotuierbfuiikhglyfuhwfkhytvfaqleehaonrqulydxhllfqfopkywisunukbbrkbfxtvsvtxfbkrbbkunusiwykpofqfllhxdyluqrnoaheelqafvtyhkfwhufylghkiiufbreiutocgthfojsjbjrhgwrbyxqbgdyrvjuqntvzfwmffhpudvqfwsjwo
vqzkelppgtshuppffwcqphewvtzgilxzbyjfkyxqtpxogptnlxedekbzgchqofprdrpfoqhcgzbkedexlntpgoxptqxykfjybzxligztvwehpqcwffppuhstgpplekzqv
bntnjoxaghpwjpkffjjlfylembgovqdwfylpnipvrhrbwdgdmsqsqdweeeubwyacyntlykgprzspcbsrvkjlnhrroovkmvomkhyiuganiudmxxdsiofvfoisdxxmduinaguiyhkmovmkvoorrhnljkvrsbcpszrpgkyltnycaywbueeewdqsqsmdgdwbrhrvpinplyfwdqvogbmelyfljjffkpjwphgaxojntnb
gzieiupojhlcxcojsyqxwhbbbawsrkozlweusvibcwwcbivsuewlzokrswabbbhwxqysjocxclhjopuieizg
oduxnxaigkvgavzcnqwxrnjbvnuoxgcljzlzwnhcxekyzkcoayntlzvimpzmvdxhckgyypdvtnvuzxibxxvkwqvlhuuhlvqwkvxxbixzuvntvdpyygkchxdvmzpmivzltnyaockzykexchnwzlzjlcgxounvbjnrxwqnczvagvkgiaxnxudo
xciqfpavwspnzilsbugklcdroncuhfpgjzwqqwzjgpfhucnordclkgubsliznpswvapfqicx
hqdevltfjquqbfjcrghzfonehqvqoawxtbconxuwwuxnocbtxwaoqvqhenofzhgrcjfbquqjftlvedqh
eijhcyiiaatxrcdvatkhxksheqqlxjabtjkwkjtbajxlqqehskxhktavdcrxtaaiiychjie
kvupvjfreohgdlqsceknnbzvzuhfrsqcokrlvyezmlhrzzjdeustxrpwnwdfrtjhfcsaaybojjfkkrnolfiiyzgmxltoecvlgpninowzzdzzwoninpglvceotlxmgzyiiflonrkkfjjobyaascfhjtrfdwnwprxtsuedjzzrhlmzeyvlrkocqsrfhuzvzbnnkecsqldghoerfjvpuvk
xrjlwqmmecrxyqjohxejouktgnedvlyvcjiazupfygcyylnfktqzpbsvqyzokzjoitrhpgmnoqlmdarothpikjgbhhrtgakqvbxkjlzzbklgneugnlryuxbcgsvmuhcrrchumvsgcbxuyrlnguenglkbzzljkxbvqkagtrhhbgjkiphtoradmlqonmgphrtiojzkozyqvsbpzqtkfnlyycgyfpuzaijcvylvdengtkuojexhojqyxrcemmqwljrx
eqgdoyfecxcoxcfnmaedpsnwxardptztjhzziggmfibcmgrziyeaqryptpujiweudfvnmdarnbwaawbnradmnvfduewijuptpyrqaeyizrgmcbifmggizzhjtztpdraxwnspdeamnfcxocxcefyodgqe
lxuwqldlarqrcarednrxjldqwfbicnsokomdzpoaigtkjlomahjktocrtdbxrtndizghqxjyfdioqyyqoidfyjxqhgzidntrxbdtrcotkjhamoljktgiaopzdmokosncibfwqdljxrnderacrqraldlqwuxl
zzbusupwvaptstwwvnmekcvbdekcehidilzbfpzcroyjjuffhrjtuguzlhbpolvwxuzeezuxwvlopbhlzugutjrhffujjyorczpfbzlidiheckedbvckemnvwwtstpavwpusubzz
amrubleuslejyicxwjgepauunompcfictbywncshpwsneuncfvguvcqksfzuzfskqcvugvfcnuenswphscnwybtcifcpmonuuapegjwxciyjelsuelburma
muvbokhfalwimqawbiksrotyzzehlcizweblqksqxoajeahhluzekscjtitfnbejhhwxtopqepciqlqdfrhrmkdfswmhztthcpgygwqkluvdgngdvulkqwgygpchttzhmwsfdkmrhrfdqlqicpeqpotxwhhjebnftitjcskezulhhaejaoxqskqlbewziclhezzytorskibwaqmiwlafhkobvum
mdvgrjmyzlgowoalhaxvfcwkznchsdcfjxnahabinjxlzzygcvchzatbnvkizmpkmcmvendrwadwcdcezglahfdwcqedevnqaaaaqnvedeqcwdfhalgzecdcwdawrdnevmcmkpmzikvnbtazhcvcgyzzlxjnibahanxjfcdshcnzkwcfvxahlaowoglzymjrgvdm
fwurqcafweqbliyusgefwlhxttpuxoxckrtauthszaulkuhcamkyzrvslkmkmklsvrzykmachukluazshtuatrkcxoxupttxhlwfegsuyilbqewfacqruwf
ziyfnjgftjhdupzafeuzcaxmyvesmavlkvszgbezmlcgddjiidhkfgzdddxpfudrrvqxwvwjibrlectogcbliarlfodnlgecdvccsancbgoijjwrmxcwzvkfmnmfkvzwcxmrwjjiogbcnasccvdceglndoflrailbcgotcelrbijwvwxqvrrdufpxdddzgfkhdiijddgclmzebgzsvklvamsevymxaczuefazpudhjtfgjnfyiz
nvchyfuyqhyhspvidleckhcblpizofjbdnibsfcjoasgqpqvaxymeaoqrwrheaihntkiamtonlwfbpadmamdapbfwlnotmaiktnhiaehrwrqoaemyxavqpqgsaojcfsbindbjfoziplbchkceldivpshyhqyufyhcvn
skjvnlxewmdbzfhhqlsveoypnrguuymokvjzigggsjitopdecvbilcyytgupfgdrenrmvxtqgdjwumcwhegvgetblosswvjakcpgzkwhnfdhugguhdfnhwkzgpckajvwssolbtegvgehwcmuwjdgqtxvmrnerdgfpugtyyclibvcedpotijsgggizjvkomyuugrnpyoevslqhhfzbdmwexlnvjks
njmmsfyqsxlvhwcuxwpublihfghikzaxkojctjuljhjqdlkajcxlnfuunbcxaeeaxcbnuufnlxcjakldqjhjlujtcjokxazkihgfhilbupwxucwhvlxsqyfsmmjn
tjjhxdaftuxzmubrpexnuikvuzlwrldnuoutuwwutuoundlrwlzuvkiunxeprbumzxutfadxhjjt
awxbxovbgsbnsomidcsvgrgwtztumefoacpasnsapcaofemutztwgrgvscdimosnbsgbvoxbxwa
dzncbdpcmjcvhmhfdmwfvyecfntwjghnhwpkkpwhnhgjwtnfceyvfwmdfhmhvcjmcpdbcnzd
fgaqguylcxrtkddyxqocgpobybmadjjipjavdajixabhfghcwvgdnvelysnbcxltgnrmrngtlxcbnsylevndgvwchgfhbaxijadvajpijjdambybopgcoqxyddktrxclyugqagf
iofmlcakbeigxuiwlqzhdeoukocjxjkfxqrkutxwafcxaltndsvjzjdjzgsyrfdqxwarqxnqdqpfdiuicrrbdxmemxdbrrciuidfpqdqnxqrawxqdfrysgzjdjzjvsdntlaxcfawxtukrqxfkjxjcokuoedhzqlwiuxgiebkaclmfoi
yjostyplybzmbigddcbjdtwkxmwfpzazkorgmitmjsbmbhpejrpmmlzkxvpowpniggquqkjzckldtdjcwyrklsukplzndovlvoflyonaaaeaaanoylfovlvodnzlpkuslkrywcjdtdlkczjkquqgginpwopvxkzlmmprjephbmbsjmtimgrokzazpfwmxkwtdjbcddgibmzbylpytsojy
wezfctrzbazeheifgxiblfadojoduzctdbyiwphapjeznoevmpwzzwpmveonzejpahpwiybdtczudojodaflbixgfiehezabzrtcfzew
woddoqqdhobqxgvrkzfxstxhnlbsqykmmnrcfifpwjfvpcpvfjwpfifcrnmmkyqsblnhxtsxfzkrvgxqbohdqqoddow
fmvbsmpdgvdlkpybfckxdtapvyxywztbnreffullrqzdhxfozrlemnthlthjuckhvrpancoeunkckpqlgersrkbdfkozobjksykhkyskjbozokfdbkrsreglqpkcknueocnaprvhkcujhtlhtnmelrzofxhdzqrlluffernbtzwyxyvpatdxkcfbypkldvgdpmsbvmf
piyxaappgagykkfupbpkonxnckrjoufgfedhgswnvenhosbfvsrkhozkyqvpnbvuhabnvzcsepzuidadvrpdiopghkxwnuquvtksumkyclvmqxrmqhryxihgghixyrhqmrxqmvlcykmusktvuqunwxkhgpoidprvdadiuzpesczvnbahuvbnpvqykzohkrsvfbsohnevnwsghdefgfuojrkcnxnokpbpufkkygagppaaxyip
evbnjdztluggszexicahqfmdjexzwkzcicqrirktlsberidbkdlclzgudfwzpvczauqiladysfelnhpznaeyzmmzyeanzphnlefsydaliquazcvpzwfdugzlcldkbdirebsltkrirqciczkwzxejdmfqhacixezsggultzdjnbve
jhadjiovfrmqhtwvfexjubnihhfbvmqgvsjeaybirnayhytoctzzupjcwoftavzxplbsjfacucabavrcotdjimijdtocrvabacucafjsblpxzvatfowcjpuzztcotyhyanribyaejsvgqmvbfhhinbujxefvwthqmrfvoijdahj
njfksgwvuuvagzvecutixxxonyckxfplqxvjdtgzncnzgtdjvxqlpfxkcynoxxxitucevzgavuuvwgskfjn
avumakzgzacxoyhcowpuzgksgbtjpwepryetkdblddkterwuqnpptbjbddnubtkstqndtrqyubrasnvibmzwnjysonnpgzjzpyeipugmxzmqnhaqtcojlobbbboljoctqahnqmzxmgupieypzjzgpnnosyjnwzmbivnsarbuyqrtdnqtsktbunddbjbtppnquwretkddlbdkteyrpewpjtbgskgzupwochyoxcazgzkamuva
solgjfmndmvttjoceqxvgoujerkzqugkkuttzfhetezmnnquenpmbmvhdfgwbpgmgpbwgfdhvmbmpneuqnnmzetehfzttukkguqzkrejuogvxqecojttvmdnmfjglos
mtqaoksirflbulmsffjtolaqgujjjavwvlwkkwlvwvajjjugqalotjffsmlublfriskoaqtm
lqhnnlfkvfbomdifllszadmkxysdkszxkinzvukqaneoqptdcnccqqpqqhtcbucocpnyjzqloxzgzxolqzjynpcocubcthqqpqqccncdtpqoenaqkuvznikxzskdsyxkmdazsllfidmobfvkflnnhql
nkbthvwhdnwnrfadhkmxzhonbgxoyffqpjjwgfgjvcymjyrtkdqknexomwfmbmcrxlpdtxoocmclntexzuhmbgcpchcgweztsqxlonbqaaqbnolxqstzewgchcpcgbmhuzxetnlcmcooxtdplxrcmbmfwmoxenkqdktryjmycvjgfgwjjpqffyoxgbnohzxmkhdafrnwndhwvhtbkn
zydcsresgpjpnvxkjhgxsqevogpqivhjvlloeqgmhscvnbhxknwdgaaujpkrluagfowlgfxnxzkkarjlffqniqhrirkvnkduaafifdwceiohayahoiecwdfifaaudknvkrirhqinqffljrakkzxnxfglwofgaulrkpjuaagdwnkxhbnvcshmgqeollvjhviqpgoveqsxghjkxvnpjpgserscdyz
glaniddxnvsdkjnzqrergejyxvayxzjfnktvnwudumiewvdomhgsopqnmsljuvphhkeuiazcohgmdlbpvhkjyawkvktphkyouekfekhurqhwbioyryjpagzvzgapjyryoibwhqruhkefkeuoykhptkvkwayjkhvpbldmghoczaiuekhhpvujlsmnqposghmodvweimuduwnvtknfjzxyavxyjegrerqznjkdsvnxddinalg
utekdfzsdsevjsqpdhuwblxquasyfxybsfnwknqphukrmbirribmrkuhpqnkwnfsbyxfysauqxlbwuhdpqsjvesdszfdketu
scrnjtohwtdbigydaezybxueerkumbyfgpurkkyifclpkksmoskrrksomskkplcfiykkrupgfybmukreeuxbyzeadygibdtwhotjnrcs
yzjyntsgvsgfgmermmwgeqefytucyljymuwcoqkliqqocwhrjdzpweuuxqwxehvserushedrwwizspsdtrvpvrlviisorogvhbprhtieithrpbhvgorosiivlrvpvrtdspsziwwrdehsuresvhexwqxuuewpzdjrhwcoqqilkqocwumyjlycutyfeqegwmmremgfgsvgstnyjzy
atffjxsmzjbxmrimyuwnmniuacchaulcnqiyqckpllozexnctlsgbaabeckhxvlmntldxvtkjhjpgysamminokqtnaamvlyihloejhrsqcjzbdbnpjcetsxiszzsixstecjpnbdbzjcqsrhjeolhiylvmaantqkonimmasygpjhjktvxdltnmlvxhkcebaabgsltcnxezollpkcqyiqncluahccauinmnwuymirmxbjzmsxjffta
mmttjvwtzflrivyswmwiyiqxfbiypeueqnxzlttkbgdldcebqclpkboqdzqudkyvaxxltsvuybhbfnevqpmcrbswaksfxtazqxkjrhfpkpspcyluozxhardaexxeadrahxzoulycpspkpfhrjkxqzatxfskawsbrcmpqvenfbhbyuvstlxxavykduqzdqobkplcqbecdldgbkttlzxnqeuepyibfxqiyiwmwsyvirlfztwvjttmm
skvvrwxmfjfpybqxeggbjtwfimjxigtcqozjkwxsfejegbdmhlnsfjypxjohqhliylukhrcnyntgoysxkhqpsqgqzuzrclcawwmfppunenenuppfmwwaclcrzuzqgqspqhkxsyogtnyncrhkulyilhqhojxpyjfsnlhmdbgejefsxwkjzoqctgixjmifwtjbggexqbypfjfmxwrvvks
egyodmmkaawakqlmquosbvzrcwyndwrhcqxgcjqempgwftlvozppupiwlgjocayhsvnwhfbvujrzzrjuvbfhwnvshyacojglwipuppzovltfwgpmeqjcgxqchrwdnywcrzvbsouqmlqkawaakmmdoyge
auqhzoelqbevxcqollrzmlxstaynwixwdpfedlqtmwqlyhzjutkgghzzjzpihmgmbmtezlzohqzfzbqtubcckdbweqelekafytyfakeleqewbdkccbutqbzfzqhozlzetmbmgmhipzjzzhggktujzhylqwmtqldefpdwxiwnyatsxlmzrlloqcxvebqleozhqua
rsuyyhzgrxtotihvfemljxgetkawvplnjhniomqhljyhtfcbjomtotxhdagzrroaaorrzgadhxtotmojbcfthyjlhqmoinhjnlpvwaktegxjlmefvhitotxrgzhyyusr
ckfvlqsnrrmqcepygyjlxyxiowsinxsqhxntngggzuxcyoahaoycxuzgggntnxhqsxniswoixyxljygypecqmrrnsqlvfkc
acopzeysxdlukclhifezrcpuppnuljullujlunppupcrzefihlckuldxsyezpoca
fgqqkoylybbemquhuyullndwdhbptnsytiqfzoszrwfgmaniaitmvzvmtiainamgfwrzsozfqitysntpbhdwdnlluyuhuqmebbylyokqqgf
htczoxreovfdrdyxzqbtixiiyqfsgmdofhpthgzvbfztkzqjrtfcqpkofrjldmbktqgaxfwamxvwyniqgpsweenjvwwbkaldsrgrzeslbppblsezrgrsdlakbwwvjneewspgqinywvxmawfxagqtkbmdljrfokpqcftrjqzktzfbvzghtphfodmgsfqyiixitbqzxydrdfvoerxozcth
isfsbbjbbdlgchhdhobuzlzgbhxenptxiaaixtpnexhbgzlzubohdhhcgldbbjbbsfsi
jfiextskngvgteoltddlkbwyzliogyspeavdwnnjvkqopebkkfvuirvkefykfsbltyorodajqsahxdrjkmdtfadlfdvlwywrynimskyidapcdidcpadiyksminyrwywlvdfldaftdmkjrdxhasqjadoroytlbsfkyfekvriuvfkkbepoqkvjnnwdvaepsygoilzywbklddtloetgvgnkstxeifj
