rqqqibcyxgxxcxepevxwbdevbpgbirtahlqsmvslbsjdppuvntrqyylanrdwlwyukomwlhiozttqinlvjcmhcxjsrmocloyvcntqudevwylfnwcwaqgdqrvhellrzjoddojzrllehvrqdgqawcwnflywveduqtncvyolcomrsjxchmcjvlniqttzoihlwmokuywlwdrnalyyqrtnvuppdjsblsvmsqlhatribgpbvedbwxvepexcxxgxycbiqqqr
wtggvwzbylvbpmdcjpgieshggkmrilnghwocsngtabwspauzpchwvqedasukeksnggpavvtwwtvvapggnskekusadeqvwhcpzuapswbatgnscowhgnlirmkgghseigpjcdmpbvlybzwvggtw
thlvausyldfpjncyeurrxygveiltmrdhaocblxzyagplwskambtmbbhhhbbmtbmakswlpgayzxlbcoahdrmtlievgyxrrueycnjpfdlysuavlht
mfuwsyhtedzdkhxczlxvipsowmdqmsubzqxrogmtjlywswytjwotnjhkvkkvkhjntowjtywswyljtmgorxqzbusmqdmwospivxlzcxhkdzdethyswufm
hownxphmbbydaiptkwtbtdufntnpcfeltaysrhetlfylpngzjaaddwitrxkvdogwrfrwgodvkxrtiwddaajzgnplyfltehrsyatlefcpntnfudtbtwktpiadybbmhpxnwoh
eitbbzuzqeehvrxeblkzqeuaqybwukgaszcwzyxpcdyyuvewgrxyvsanscjmosnjrphsnekrhircewamnxnkrnnrknxnmawecrihrkenshprjnsomjcsnasvyxrgwevuyydcpxyzwczsagkuwbyqaueqzklbexrvheeqzuzbbtie
mbmgbvxsdhimflcknutojfxwejehqrjjsxrttpnwwvibjmlwjgmsokosvubmlnxdkpydelcaikdrxoqiwcakoqekkiwxvtafialonnoxxrpwhwprxxonnolaifatvxwikkeqokacwiqoxrdkiacledypkdxnlmbuvsokosmgjwlmjbivwwnpttrxsjjrqhejewxfjotunkclfmihdsxvbgmbm
zbehgqhxepcufznaoiyjsqdyjjgyauszxwjfmscsjgpohcrwkphegndrwlryhjzegiludopmmpoduligezjhyrlwrdngehpkwrchopgjscsmfjwxzsuaygjjydqsjyioanzfucpexhqghebz
sslxivwwbezykqsgjvonqsgoopgsrxvkpihxegvhkxfvnxdwdxnvfxkhvgexhipkvxrsgpoogsqnovjgsqkyzebwwvixlss
wfzsjmufyhixwplswiriyufxtsxtzdnxlorwaobyvmyrbjjzuchsxopqgolhsaefpxbpleogqmzrxkqtnznkndcvtpcnqisfgvurakasyzmymcrzeflrkpnderednpkrlfezrcmymzysakaruvgfsiqncptvcdnknzntqkxrzmqgoelpbxpfeashlogqpoxshcuzjjbrymvyboawrolxndztxstxfuyiriwslpwxihyfumjszfw
cfxydsfrfwamuphnltccrajgpcoibbcfhzemrlfwjfkdxtqkovmgxxombfwcgykpxqbqbjjbqbqxpkygcwfbmoxxgmvokqtxdkfjwflrmezhfcbbiocpgjarcctlnhpumawfrfsdyxfc
typytxmkyukiyfqihynywocrruecjqveqkejhquilesjlitsggsexvyorescwnhnxlygeuoragclqvqlcgarouegylxnhnwcseroyvxesggstiljseliuqhjekqevqjceurrcowynyhiqfyikuykmxtypyt
nhdvvltpmwglhixuggzraqqlvzxvtkvgsadpnyezvmneumactzvtplemlchgmeoegtvwtzvoliuhxumquhjltoygshogocluulcogohsgyotljhuqmuxhuilovztwvtgeoemghclmelptvztcamuenmvzeynpdasgvktvxzvlqqarzgguxihlgwmptlvvdhn
jvaovkjhfzcwjgfozipmxtddpvsbvileglsdxbkfanbmvivmbnafkbxdslgelivbsvpddtxmpizofgjwczfhjkvoavj
saiaddywsnriusrmowernuxrjsfqqdnndvnhamdtbubxpukftqwgkwxvocmggztjxgsxuxsgxjtzggmcovxwkgwqtfkupxbubtdmahnvdnndqqfsjrxunrewomrsuirnswyddaias
vqkumtsstqnqyduqqgiyptwtjxydrvwomhjacdsvtfmrlikdrsdgnbzyyzbrxailjrllwdwllrjliaxrbzyyzbngdsrdkilrmftvsdcajhmowvrdyxjtwtpyigqqudyqnqtsstmukqv
oqpzjxiuxuinbtrdqbaexodlmvytvnnldcnpzvjyqrnrlewbhyhepmrdipwffjrklezmblmrczkpfjsmjctyomoytcjmsjfpkzcrmlbmzelkrjffwpidrmpehyhbwelrnrqyjvzpncdlnnvtyvmldoxeabqdrtbniuxuixjzpqo
rqxlptysgkizwvmmuycqdwhroixuymhqcgbrzzlfjtffqrrkrwbuskogtncrzlhbhlzrcntgoksubwrkrrqfftjflzzrbgcqhmyuxiorhwdqcyummvwzikgsytplxqr
kbqgrhtwwfthajezadzndcupchkwsbvceljvsetqlpzlydlaimnookdstqqlrlnvwytrdodrtywvnlrlqqtsdkoonmialdylzplqtesvjlecvbswkhcpucdnzdazejahtfwwthrgqbk
gkbcmxhhnnyrvvjopohuvahmkxghszualxcyvlfibfcydnmudtoyvxmhxsqpuksfhufeinpjpniefuhfskupqsxhmxvyotdumndycfbiflvycxlauzshgxkmhavuhopojvvrynnhhxmcbkg
wirvyojqmibzrplgmyxgsygmjqttegfapywnnhfbpiaiyookoosjmbvvropvvporvvbmjsookooyiaipbfhnnwypafgettqjmgysgxymglprzbimqjoyvriw
qofeulfwweemrntgaqjwblhxilsjixaamhgiumhrqlfkaysbqbzsngrxskicjievrllrveijciksxrgnszbqbsyakflqrhmuighmaaxijslixhlbwjqagtnrmeewwfluefoq
ppcfvqmtpebnpsrfrhxsishlbvabvaylpcsksedjkhzzbqesxdkhhkdxseqbzzhkjdeskscplyavbavblhsisxhrfrspnbeptmqvfcpp
reovaisrhzpzcdptumzhidxxihvngcqxifulpocwnsvpxnkszlbjpaizjfnpifoqkkbzygynytcxiopkzstqseqbjfstsfjbqesqtszkpoixctynygyzbkkqofipnfjziapjblzsknxpvsnwcoplufixqcgnvhixxdihzmutpdczpzhrsiavoer
hbnmpfkscsqqujlofcxrzcoqkzaxfmymnnbevlyxdppyadogfoxgqnqgxofgodayppdxylvebnnmymfxazkqoczrxcfoljuqqscskfpmnbh
bdhwwvpurwmxiejxmvmvfncmstllaobdrlzoiokzmxzvdiupdimkwozqkkcmyfppsofaeqctpdoulkjrtwbrmajwmlimtxelnllnlextmilmwjamrbwtrjkluodptcqeafosppfymckkqzowkmidpuidvzxmzkoiozlrdboalltsmcnfvmvmxjeixmwrupvwwhdb
mkntuunezfosokcclozftifskrjqexktjxodsbhrjvlxhnbtecyxkfruwcndcxylxmprpwwprpmxlyxcdncwurfkxycetbnhxlvjrhbsdoxjtkxeqjrksfitfzolcckosofzenuutnkm
xxpoybccpividvpuahgojeupumlqboraliolmrpbbnlgicbjjhzunvjhjxxmlqnyzbllsaovnbcyefjpoiiopjfeycbnvoasllbzynqlmxxjhjvnuzhjjbciglnbbprmloilarobqlmupuejoghaupvdivipccbyopxx
thdhgyjrlezmbnzwavlvivlsmllrzelulqbtpmkaskowzpsznguxdhppsaithtoskrmbgydakuwjjplyxhwcplsjocfvwvpimdluuldmipvwvfcojslpcwhxylpjjwukadygbmrksothtiaspphdxugnzspzwoksakmptbqlulezrllmslvivlvawznbmzelrjyghdht
lojbbkrojmtirctvjarnytlzyrdkwabhqkirwzfhmapddiamiscinpjlgmvcmzldltwkvcrhcjmhtowegamvpwgxieaxfnaqhwhqanfxaeixgwpvmagewothmjchrcvkwtldlzmcvmgljpnicsimaiddpamhfzwrikqhbawkdryzltynrajvtcritmjorkbbjol
vekszcmiwhbcapmgsavspatptkzuawrvdencibkgkokgkbicnedvrwauzktptapsvasgmpacbhwimczskev
ducqfxgrrkqsvapnciewvqpllwpvrprwjtposvhliyedavqedxbynslzodwhsngbivrasymayqfzlyfrvgrkzdlpgizyxfbgauagbfxyzigpldzkrgvrfylzfqyamysarvibgnshwdozlsnybxdeqvadeyilhvsoptjwrprvpwllpqvweicnpavsqkrrgxfqcud
isjpqhwcrzhraunmhcwiyzdzwpctyirjcccjriytcpwzdzyiwchmnuarhzrcwhqpjsi
ltxsknjgdszhwwoirovztmgxbdoysrsdlsxxfifkcgtzfhjwyevrsdqwgeuayoflifipnpzsvutaecwcitvcxlyfsugqlnnlqgusfylxcvticwceatuvszpnpifilfoyauegwqdsrveywjhfztgckfifxxsldsrsyodbxgmtzvoriowwhzsdgjnksxtl
qoithglbljctmikczlympsaiepqsapvqfflpnxsbguuvfgxervrexgfvuugbsxnplffqvpasqpeiaspmylzckimtcjlblghtioq
gplegxjgxhajkgovugckegasmkwhsxcyopeumnbkxdvjlleiujuypwtbgpkammadbfzqzfbdammakpgbtwpyujuielljvdxkbnmuepoycxshwkmsagekcguvogkjahxgjxgelpg
qgdgjvejzbbtpbwmygsmsottiwksrvfhbknkfuvhxycmzazxgtlajeusdgkwbrecbtpipkrmjtzktaictvedcavhhhdiyjlbdclumdhxwiisiswbwsisiiwxhdmulcdbljyidhhhvacdevtciatkztjmrkpiptbcerbwkgdsuejaltgxzazmcyxhvufknkbhfvrskwittosmsgymwbptbbzjevjgdgq
xeqebdnrfuyikavfldhlndmaoktrdhlcnbgoewhlqgtcgqhttrejuslidebgnmjanpqtnxfefagntqgohkxbfimionobazdprtlerqkwsrkljsaqfzzfqasjlkrswkqreltrpdzabonoimifbxkhogqtngafefxntqpnajmngbedilsujertthqgctgqlhweogbnclhdrtkoamdnlhdlfvakiyufrndbeqex
jkglxfsegznlmnygyilknsepktgwtercqznnfhtlgjxvwvdvdphsjohvhqsbwldmktbpawwapbtkmdlwbsqhvhojshpdvdvwvxjglthfnnzqcretwgtkpesnkliygynmlnzgesfxlgkj
exltvomaswbygkmkxarzffohqvbfmttssenouaopyppgbbqadjciqqsjlvozqhrinfykhpzhgookrekuqmfgezzegfmqukerkooghzphkyfnirhqzovljsqqicjdaqbbgppypoauonessttmfbvqhoffzraxkmkgybwsamovtlxe
czmalojpqvkwxzanjzrpuioxxtqujrmotyoenzvfugdsfehqfahzivyirpccgrqbphhegdmblpvssvplbmdgehhpbqrgccpriyvizhafqhefsdgufvzneoytomrjuqtxxoiuprzjnazxwkvqpjolamzc
dbkqfktwqpmvkinzzexvpfkjazzfafydikvpwrmmgyhqgwrgaqdpvnbxpcdrjdwtnrjjivxqtgjcdckftpxqdyouctnnwjgllgjwnntcuoydqxptfkcdcjgtqxvijjrntwdjrdcpxbnvpdqagrwgqhygmmrwpvkidyfafzzajkfpvxezznikvmpqwtkfqkbd
jjiifdfgsoanmpncxjtemdynjammkkjvvtfdykjqymgmbtpyckcrpdgbfsnpfymaurfsdplebrrbelpdsfruamyfpnsfbgdprckcyptbmgmyqjkydftvvjkkmmajnydmetjxcnpmnaosgfdfiijj
fihcagujsmblbzllrzwtwlodznlkvycaikfjszumlxyozlcqmaljmbonozxmmxzonobmjlamqclzoyxlmuzsjfkiacyvklnzdolwtwzrllzblbmsjugachif
friwrvmoxosjxjadppycxtmpslndwcmbuuxnrleobwxyizdzodcmxqdrbquxviapezcvmgknfjopjroxvqluhqlkjhkepmttmxqagcqnmecxxqwujkosabcjkonzbiupgngpuibznokjcbasokjuwqxxcemnqcgaqxmttmpekhjklqhulqvxorjpojfnkgmvczepaivxuqbrdqxmcdozdziyxwboelrnxuubmcwdnlspmtxcyppdajxjsoxomvrwirf
qxszjrsiombyeimfeellzpbhsfmxmuvcrpdaiwlximxoujtangmpvpwnwimichltzqwhmhgwtdkpmframfrjjrfmarfmpkdtwghmhwqztlhcimiwnwpvpmgnatjuoxmixlwiadprcvumxmfshbpzlleefmieybmoisrjzsxq
aalfgkcpvlkedhhetwyverniihwfbkhemvlshniebujebskwojjowksbejubeinhslvmehkbfwhiinrevywtehhdeklvpckgflaa
cajcoskhjnglugktyvrbiwatxddrwuoyxydnqnwccdnxlaslxjofhpafufwqcnrbnuofjmhmrxlcxfnwqeeytedpmbgogbmpdetyeeqwnfxclxrmhmjfounbrncqwfufaphfojxlsalxndccwnqndyxyouwrddxtawibrvytkgulgnjhksocjac
yftdhiuymflfcracbngikjprlizptqvtvqzeytcmyprciuflhnttxlmivlzpbvkyljcmfgydwsiempqtclozyajuljlpevnrhsdoyetwwbdiqvdtiruhrggrhuritdvqidbwwteyodshrnvepljlujayzolctqpmeiswdygfmcjlykvbpzlvimlxttnhlfuicrpymctyezqvtvqtpzilrpjkignbcarcflfmyuihdtfy
iywrcbzvrivafsakquzytfumbzuuetnwsjouknpexmgcfgoxcqxvvsjyrfsyzgutrinexekvsqzzyyzzqsvkexenirtugzysfryjsvvxqcxogfcgmxepnkuojswnteuuzbmuftyzuqkasfavirvzbcrwyi
cfwcholeipyoszhhhyqfahgpcxwxskdwpabyqmcadboxcxejwuqwdxlfwheotimkknjcznceorbtoiemeviiuvnqfsgacsloiwqjjsoaaosjjqwiolscagsfqnvuiivemeiotbroecnzcjnkkmitoehwflxdwquwjexcxobdacmqybapwdksxwxcpghafqyhhhzsoypielohcwfc
yprlubrwpvykfhrzohdtpatmwvtjiovgdmryqiuhevslejnusqnkrhyperangvvjkpjazgjfdbrhngdhwqqwhdgnhrbdfjgzajpkjvvgnarepyhrknqsunjelsvehuiqyrmdgvoijtvwmtaptdhozrhfkyvpwrbulrpy
ycfylkqzpfpoavwkjvobpbrwrzpysflshqqvaiupplfsiccrztspumnllfjfkuxumprmznbrzjjhlnlhjjzrbnzmrpmuxukfjfllnmupstzrccisflppuiavqqhslfsypzrwrbpbovjkwvaopfpzqklyfcy
pjbngwtnlwyvtovupcmellgppzentvciefymerbpoakhqhbgknmxasmqusfnnjyupwivpmkdmwkeenkqdwndrbvltbbtlvbrdnwdqkneekwmdkmpviwpuyjnnfsuqmsaxmnkgbhqhkaopbremyfeicvtnezppgllemcpuvotvywlntwgnbjp
jvuiyrktizbytfpcpnkhgjhnrjizplaaiuignszvtauogjqxybghmoufzceoqhqoeczfuomhgbyxqjgouatvzsngiuiaalpzijrnhjghknpcpftybzitkryiuvj
ygdraikiafkqjsobononektdimpyvkmvqsmscyaccaycsmsqvmkvypmidtkenonobosjqkfaikiardgy
yktakwztmpndacgdrhtmmojhpavbilmdxhfheebsvqvvudymkuaukmyduvvqvsbeehfhxdmlibvaphjommthrdgcadnpmtzwkatky
lmvcuwiqwuigxafqclfiidhlwtkvzrjmfhobdzrztbhtbpjdcpnmmnpcdjpbthbtzrzdbohfmjrzvktwlhdiiflcqfaxgiuwqiwucvml
lqmzkeurslmjujanokqthkjeijkxfysspepssyfxkjiejkhtqkonajujmlsruekzmql
vpeuuyldsyvchjqaghzpneacfbkplysipyelzpptnkvwtnxcwwrmbtoivzziztqquuctmrmzdjyyyvavtuhwnxgiygsxbiovvoibxsgyigxnwhutvavyyyjdzmrmtcuuqqtzizzviotbmrwwcxntwvkntppzleypisylpkbfcaenpzhgaqjhcvysdlyuuepv
doddqbxffvwtwyxsiwztmsvwsyqbjxmnnpqdtpiymhtifrcopdjbweyqeouoogbbytfriprwwkgebisqobukhscliwbwfcydxfwfwndvzjzburtiunudfwqqtsmymstqqwfdunuitrubzjzvdnwfwfxdycfwbwilcshkuboqsibegkwwrpirftybbgoouoeqyewbjdpocrfithmyiptdqpnnmxjbqyswvsmtzwisxywtwvffxbqddod
zkmbsntotorjdvfvengsorokbcnynsemcspvfjlaxcmdzryfehxuaogbstcfnitqalnhwyitcuyenzjtgjngzwjrrnyfvrvxckfyfkcxvrvfynrrjwzgnjgtjzneyuctiywhnlaqtinfctsbgoauxhefyrzdmcxaljfvpscmesnyncbkorosgnevfvdjrototnsbmkz
aenzvvwgbvkcgluloltoaqnhfdeflpvltknqgjwjgjmnuiyjvtzvkmdprjwdarqtddjjpitvrhknriwmcvjojodbxzgxswsxaehpmccmpheaxswsxgzxbdojojvcmwirnkhrvtipjjddtqradwjrpdmkvztvjyiunmjgjwjgqnktlvplfedfhnqaotlolulgckvbgwvvznea
qlujsggzjjblfudumzsqbfjdjgwjicryqnjitskcblnghqdtrvluavaldyulallsyvysllaluydlavaulvrtdqhgnlbckstijnqyrcijwgjdjfbqszmuduflbjjzggsjulq
nbhsulribucvjsgvncxalztmzykbfwfuxootafdbafyjzezjyfabdfatooxufwfbkyzmtzlaxcnvgsjvcubirlushbn
hmedppnkejqqjtfzjfmewxwpirircuujjboyqbjvlblwwtvfyilwhhopywiaremafaawejtrmgniblpbvaaciotimbjfhxhnzilftgwgokqqqkogwgtfliznhxhfjbmitoicaavbplbingmrtjewaafameraiwypohhwliyfvtwwlblvjbqyobjjuucriripwxwemfjzftjqqjeknppdemh
ljbtscgkmdansusvhqmmxgdqtagfiisutwpnpwtusiifgatqdgxmmqhvsusnadmkgcstbjl
rkupvttddkahosapmadwhlymyenbrfrkqlclevrhfrrulrjxrowyzwkzczatergueiijdzsjslddcocvcatbwfabgdulwahbipmoqgxkscpuqsquslxrtzszcombruurbmoczsztrxlsuqsqupcskxgqompibhawludgbafwbtacvcocddlsjszdjiieugretazczkwzyworxjrlurrfhrvelclqkrfrbneymylhwdampasohakddttvpukr
rzbpimtfghpjgkhfglvqxpobqwwuemyxlamvoicvptewdlblyybyprzhpxbtjarxcdsqlvndotzuhcffajfscezsbbnndekfkcxxzlaqgbkndrveevrdnkbgqalzxxckfkednnbbszecsfjaffchuztodnvlqsdcxrajtbxphzrpybyylbldwetpvciovmalxymeuwwqbopxqvlgfhkgjphgftmipbzr
uezpvhnxreoxdqgpnzwfouedvpifqjdmpcdnlqkewyczqkpfmnkahqeffomxzpjptocegmicmmeexvjjivjslpxqfjpfyawroyxumhyaucetxpegkppkgepxtecuayhmuxyorwayfpjfqxplsjvijjvxeemmcimgecotpjpzxmoffeqhaknmfpkqzcywekqlndcpmdjqfipvdeuofwznpgqdxoerxnhvpzeu
wjjwvupvytzdswalnhbrkfjfpsqnibtfkcdgwvdwoezgactplugvgulptcagzeowdvwgdckftbinqspfjfkrbhnlawsdztyvpuvwjjw
tksqdqhwqtlrepoctmtlysuzmiauqnllzfbcwkaodoijfwmajhljzhinpjhhyuuxcvbyibolrwvwtjweqjnrqxehinqgjkfliglqlgilfkjgqnihexqrnjqewjtwvwrlobiybvcxuuyhhjpnihzjlhjamwfjiodoakwcbfzllnquaimzusyltmtcoperltqwhqdqskt
tsabdpuxfgpapkhhamslrghvidyajzhctifxxzudikfzwngwbyjvgrspsrgvjybwgnwzfkiduzxxfitchzjaydivhgrlsmahhkpapgfxupdbast
ysklyweonydhdzipafkcxhsqggdkddabylmyhtnwtsgwrolutxwthpjnxozasacsnqqwwqqnscasazoxnjphtwxtulorwgstwnthymlybaddkdggqshxckfapizdhdynoewylksy
xaicghxsxdrvlrmcwabndmsxwgktsivriguontilyaikruopwpcaduzccjvurqoawkqmdzxcbfmubajzrnbujaymktidmwfkgyygkfwmditkmyajubnrzjabumfbcxzdmqkwaoqruvjcczudacpwpourkiaylitnougirvistkgwxsmdnbawcmrlvrdxsxhgciax
czysfggzdseonpshzvbiikrqwjhvkimmhkgnrpowhtkwiffhagsksjcrsjmcryqzlzoeocavxktgpypgtkxvacoeozlzqyrcmjsrcjsksgahffiwkthwoprngkhmmikvhjwqrkiibvzhspnoesdzggfsyzc
hkwnfdllommywrjmwqagckqzdhigdzpmlnzssmdizrgvjpjhhjnkwdjzmthquyeflgyfsdnrvwpgnynvkcfghohtholcmqjzwjeqejwzjqmclohthohgfckvnyngpwvrndsfyglfeyuqhtmzjdwknjhhjpjvgrzidmssznlmpzdgihdzqkcgaqwmjrwymmolldfnwkh
dpjahpmfquduuiyvdfbjzekzdslzopvtegunxisoevibdiwipzrrfeskksefrrzpiwidbiveosixnugetvpozlsdzkezjbfdvyiuuduqfmphajpd
jopvndbdglaoyhdcgzicqeyiklwgcuqmifjxkkcrycfwkkzqkjucqsmaeiiidywnefloolfenwydiiieamsqcujkqzkkwfcyrckkxjfimqucgwlkiyeqcizgcdhyoalgdbdnvpoj
qbuhsqdkmjshkajigycymqzhevmizdbrgvyandkzmcjycsglqkjeckohfarefuxlrxmgmxrlxuferafhokcejkqlgscyjcmzkdnayvgrbdzimvehzqmycygijakhsjmkdqshubq
blkyyuqpqqsggtuzpyfaagyxwunuajddupbujukzmehszcroaypaenzcjoylybpusspcobdahluhnnvplmsrbrumiuygyncqhtswwwyejtlwginuxfxunigwltjeywwwsthqcnygyuimurbrsmlpvnnhulhadbocpssupbylyojczneapyaorczshemzkujubpuddjaunuwxygaafypzutggsqqpquyyklb
plaolgosmzysfknfahanrbiporgqgqtxdvnocciqdjkjvzqwgrlyutpimvbunwsqshgwjronayyvxotfhgfczummrniemcuekdctusiwqgtpvnwetcgvwtjoiruuwrygucugyrwuuriojtwvgctewnvptgqwisutcdkeucmeinrmmuzcfghftoxvyyanorjwghsqswnubvmiptuylrgwqzvjkjdqicconvdxtqgqgropibrnahafnkfsyzmsogloalp
kimszikibjwiwmasdkipoozsnsamofgyqttpddxgowpmipfmzndndeisxielokmefhvllvhfemkoleixsiedndnzmfpimpwogxddpttqygfomasnszoopikdsamwiwjbikizsmik
mkvgvecmivcnjuuvwqepxkjiflrvpflerikmmoyxjamuwhqszwhyhrjoecjwhwaafmmtckqlnfgjmycnulldewrjydhhzjhgvtaxgsktxsclqeynsmswimhjpopjhmiwsmsnyeqlcsxtksgxatvghjzhhdyjrwedlluncymjgfnlqkctmmfaawhwjceojrhyhwzsqhwumajxyommkirelfpvrlfijkxpeqwvuujncvimcevgvkm
zdoaongemymwocykcfouagidhsdzmdomgeoxrubgspsgburxoegmodmzdshdigauofckycowmymegnoaodz
mkdhzzpycdoocdbvifndluvkutltufyipcprdgrfmftokwjvbyyotvbnomijimonbvtoyybvjwkotfmfrgdrpcpiyfutltukvuldnfivbdcoodcypzzhdkm
krxhfzjdedmdbawftlhvzhgzqnograbduamzzweebqjcshilsrjtzpurcjzvlcbfdngcjmimctpwazkustotikmmtlkholoryxvkjewoxnkamuuhnkaxvnmqayxoxyaqmnvxaknhuumaknxowejkvxyrolohkltmmkitotsukzawptcmimjcgndfbclvzjcrupztjrslihscjqbeewzzmaudbargonqzghzvhltfwabdmdedjzfhxrk
jhsubisxyatvotcphpzqungcpogrdodnxvjzddwefrzvkdkstjknyqrqgxhlnkanhjmlokrtbqpovbiolselkvbqvibkucxcnlpcvixzampvozkbrqmdlqqldmqrbkzovpmazxivcplncxcukbivqbvklesloibvopqbtrkolmjhnaknlhxgqrqynkjtskdkvzrfewddzjvxndodrgopcgnuqzphpctovtayxsibushj
zsrlpqziwaraxtygcrqtfsbaxgscueovwhhnxgvwjnygixmmoffvzgwwoqzlvpgtwnhwueuftsnbrcqfhvbiezhupifmxmgvzptvtpanioqbqijzgkjmlqgcyopxcxcxpoycgqlmjkgzjiqbqoinaptvtpzvgmxmfipuhzeibvhfqcrbnstfueuwhnwtgpvlzqowwgzvffommxigynjwvgxnhhwvoeucsgxabsftqrcgytxarawizqplrsz
umwmvovnzmhgikrexsjphiarzqsibbvvprjkheagrjobuiftaqihaizzatjbvgzmxizenzmgkdjglqalgiugtvhtpsxmzwywgxdvyrblwkrjjrkwlbryvdxgwywzmxspthvtguiglaqlgjdkgmznezixmzgvbjtazziahiqatfiubojrgaehkjrpvvbbisqzraihpjsxerkighmznvovmwmu
pcajduykdssgnykiltoxcnhoytgmvvblxbwcwupbohjehtmsncrrpbfowncsidiscnwofbprrcnsmthejhobpuwcwbxlbvvmgtyohncxotlikyngssdkyudjacp
bkwxneolugpwrzywvjaoeabrdjoxzxysiwrxcfjyoavfztdwcgkjgoclxqixoirwgivkpgjdgekfzzfkegdjgpkvigwrioxiqxlcogjkgcwdtzfvaoyjfcxrwisyxzxojdrbaeoajvwyzrwpguloenxwkb
dpwmfthazjsycfkdbrpjqvutkidkhkklzjxhcghdpzesgoxihprxkmswuwieitphcoqguxkkzqefednllndefeqzkkxugqochptieiwuwsmkxrphixogsezpdhgchxjzlkkhkdiktuvqjprbdkfcysjzahtfmwpd
lpvhzxwffjslnroffzzlgaibzmblhtwtlrakpypwhkhwdxbiwdvddfgerhqzdmuogwaxustdccafadpwinbnsismpklsyhiedjbxbwafzcmzidxqqzeljyjlezqqxdizmczfawbxbjdeihyslkpmsisnbniwpdafaccdtsuxawgoumdzqhregfddvdwibxdwhkhwpypkarltwthlbmzbiaglzzffornlsjffwxzhvpl
xgblrvkfyhyikbltzxrdcvkyigerpkvnqzahulluhazqnvkpregiykvcdrxztlbkiyhyfkvrlbgx
upqcnqyvtqtxtfqygrwiftyxfiqvaniueyysqwpjmihhpzhxqgfvzdzvfgqxhzphhimjpwqsyyeuinavqifxytfiwrgyqftxtqtvyqncqpu
wlxelgmunboacrkxtrnfhmasxnofstqqhpussuphqqtsfonxsamhfnrtxkrcaobnumglexlw
ckjuslpfxznntjkrexeirdinibdcrzgvjspddhkaiznbjzzjbnziakhddpsjvgzrcdbinidriexerkjtnnzxfplsujkc
ogitngnrwejxoxpmftnyfzdjgwrcqoeeuozkvnbttnqhkhhkhqnttbnvkzoueeoqcrwgjdzfyntfmpxoxjewrngntigo
ynmcsvtexepbscfelzryoxqfyftyvhytvkxpirthxlirpqvappzfmpmmwgktnkpkxmcffvmeixwxnrycgxjuowhmethtewgbjiiqfwvotrngklktkwnaswoyqwrusxxddxxsurwqyowsanwktklkgnrtovwfqiijbgwethtemhwoujxgcyrnxwxiemvffcmxkpkntkgwmmpmfzppavqprilxhtripxkvtyhvytfyfqxoyrzlefcsbpexetvscmny
