yippdqisshgqeogcqpmzdewfurskfmmewdvatfunpddttlvjakkgohnlafxhrjnppjrkomafrdykrwvrggxwpkhprfwkqmahamqkwfrphkpwxggrvwrkydrfamokrjppnjrhxfalnhogkkajvlttddpnuftavdwemmfksrufwedzmpqcgoeqghssiqdppiy
esgukqdgewvbouaznswoovflnlyrbcwhwebgvhpbdkcteesrypfnmkaawatzcpiyulhrswsygwrlckebbkqnuspssitwadwupdnjbfhidbvfnziojabgsrambwibzhxqmkmqxhzbiwbmarsgbajoiznfvbdihfbjndpuwdawtisspsunqkbbekclrwgyswsrhluyipcztawaakmnfpyrseetckdbphvgbewhwcbrylnlfvoowsnzauobvwegdqkugse
mgemoxxifwooqeirydttnhngkzopfvesdkgsheapaqdqvnjvteoglcoybcnhzrbcdhulnwappfppawnluhdcbrzhncbyoclgoetvjnvqdqapaehsgkdsevfpozkgnhnttdyrieqoowfixxomegm
dmfagbjaynqaesexwchjsntthydehwrljxnrawtamkaqegpdiwobkhwthzzowraarwozzhtwhkbowidpgeqakmatwarnxjlrwhedyhttnsjhcwxeseaqnyajbgafmd
hgwguhdfeqlbydnmzmdbgtqiocgjwrxfxtotcryjimmgpzurlxurskzhmgskxpswlgppxqyfckntkhkxgepbqoidwapvshrdnjunztudfiwrrjpapgbgujltlaofoaltljugbgpapjrrwifdutznujndrhsvpawdioqbpegxkhktnkcfyqxppglwspxksgmhzksruxlruzpgmmijyrctotxfxrwjgcoiqtgbdmzmndyblqefdhugwgh
kxicysrhjnlnbfahbhekiraygtdngkbkkjnkdgtpthcwmcdqmhauacvhxawfnzqxlfhqldfekkawogmanpxqtsxrsvyfvoegttgeovfyvsrxstqxpnamgowakkefdlqhflxqznfwaxhvcauahmqdcmwchtptgdknjkkbkgndtgyarikehbhafbnlnjhrsycixk
sczpbczdrlnsmiafyxcdyhrnpxbsqujkwkaxnbceoswbayiaxmevvemxaiyabwsoecbnxakwkjuqsbxpnrhydcxyfaimsnlrdzcbpzcs
dankixicmkuokckqzgijuunrkplvengjnutwtdyfnvwzzgqymahivxahmldqzlbmhukazlgpgeofkggyjngemgnzuqrtethlpsmpduelyuqkdyimoqsazfbtbfzasqomiydkquyleudpmsplhtetrquzngmegnjyggkfoegpglzakuhmblzqdlmhaxvihamyqgzzwvnfydtwtunjgnevlpkrnuujigzqkckoukmcixiknad
gqrxzubgmaglwiucxiaimpviaztigjdpzwoarpifpoqlzkqwuqhgfcrhdksjvvavtovmdervujittijuvredmvotvavvjskdhrcfghquwqkzlqopfipraowzpdjgitzaivpmiaixcuiwlgamgbuzxrqg
atgnoxkspasmwpblfewyaminknskxjexcknqjzizzdnysqlywhywthlgwdsumwmusdwglhtwyhwylqsyndzzizjqnkcxejxksnknimayweflbpwmsapskxongta
ipbsczldlunvauzvolarysxyazxtvbqdqryurjxefmzhhadxldrkxokxokqlngrfypzraxxgjwnsysskvjwuxirnshzfqqkqhmjhjgpuefpcxhovohxcpfeupgjhjmhqkqqfzhsnrixuwjvkssysnwjgxxarzpyfrgnlqkoxkoxkrdlxdahhzmfexjruyrqdqbvtxzayxsyralovzuavnuldlzcsbpi
szjbduibkagtrfhrwoxzqcistmcwzjhrjsuoocqzcysvdbocpldhqlclzehaorrzjnnyrdztbrqhuelmsqvibxtcccdstwrfkgfbkexnxnwrsjdmzbucypfctkunglssszssslgnuktcfpycubzmdjsrwnxnxekbfgkfrwtsdccctxbivqsmleuhqrbtzdrynnjzrroahezlclqhdlpcobdvsyczqcoousjrhjzwcmtsicqzxowrhfrtgakbiudbjzs
ipfgpzwfiimjqnhhaetknswxkxauqoeadjgukczumoeddlmdpfpexmekjgebuibyrkueowybkcepoqsfxhkuvqegwkhqslqmvnsjjqmvvmqjjsnvmqlsqhkwgeqvukhxfsqopeckbywoeukrybiubegjkemxepfpdmlddeomuzckugjdaeoquaxkxwsnkteahhnqjmiifwzpgfpi
hqtluztwurglfeypeaodsirqiunjpxrznkmhlfffxoqesquwskalstdbqqkfpdgeptmaythxhzcaqyyqaczhxhtyamtpegdpfkqqbdtslakswuqseqoxffflhmknzrxpjnuiqrisdoaepyeflgruwtzultqh
gwvsznefoanwacqzmyogmgmtsrudqsnyoirovxtlxgiykyzwwpeixserjyucrhafptvnroyoxgoheqgdfklddrwmqroharoskkfdafuxmihsynvgxjjxgvnyshimxufadfkksorahorqmwrddlkfdgqehogxoyornvtpfahrcuyjresxiepwwzykyigxltxvorioynsqdurstmgmgoymzqcawnaofenzsvwg
qioogfvjmkeemgclrdgladfovntppzvfhjvqqsbfdhjpnldhrlstozhkodbdcylmkgeazhheprveeylxlgrafamudpxiniwxrcaslhwcarhhsueddeushhracwhlsacrxwinixpdumafarglxlyeevrpehhzaegkmlycdbdokhzotslrhdlnpjhdfbsqqvjhfvzpptnvofdalgdrlcgmeekmjvfgooiq
tztoeiaxpidyhnlzrysycacyznmxtujowcecmgbcofaysoxmopksrortcfqvbzmzeqcqxdslivlblknznklblvilsdxqcqezmzbvqfctrorskpomxosyafocbgmcecwojutxmnzycacysyrzlnhydipxaieotzt
fabzxapbrfjebqcudyqdgjshirnnipiprkpqmgsdndjqtmkymaesmwmseamykmtqjdndsgmqpkrpipinnrihsjgdqyducqbejfrbpaxzbaf
cshbtwlohkrupzcexvhfucekzjqkoueqmothkevrrpngoqmnnuujyytzjmmxgqotehcpoyihnwpdobqbxkkxkfxtrlsabivisxxivfpkkpfvixxsivibaslrtxfkxkkxbqbodpwnhiyopchetoqgxmmjztyyjuunnmqognprrvekhtomqeuokqjzkecufhvxeczpurkholwtbhsc
ycecmhdgsoeraunqsllclcczupgswzouduyppyuduozwsgpuzcclcllsqnuareosgdhmcecy
osiykairffdrzbqvzawluhyamledrkuhukrdelmayhulwazvqbzrdffriakyiso
fejszqrijhgpziekkdezvzoqwwzkoumwyxozofjxosopasbmyflvgbncymoogckhaaiqiupwmdomypzyvmtboggoswcbzpkzpupxoeuajiphzofucayqqyacufozhpijaueoxpupzkpzbcwsoggobtmvyzpymodmwpuiqiaahkcgoomycnbgvlfymbsaposoxjfozoxywmuokzwwqozvzedkkeizpghjirqzsjef
esdruqurdbtixhdzjeooztjyegsjmhcszimtagmgjgoinukyaamztxyzdqisanmzxyvxgjdppuyfokfokskofkofyuppdjgxvyxzmnasiqdzyxtzmaaykuniogjgmgatmizschmjsgeyjtzooejzdhxitbdruqurdse
lomvzeavfiwghechnjhznuzdlnyqyamloagpfjmmrisypvhcepbujdxuqxnoxbcnbicirrukzplqmsssjwmtzjppjejppjztmwjsssmqlpzkurricibncbxonxquxdjubpechvpysirmmjfpgaolmayqynldzunzhjnhcehgwifvaezvmol
ifeqsofwdvvwqczfuokvlxlrxmhfiybtdfjyvquynqxeswjonvkatxrqjavsyynedyczowzcowiittziojihibzsbwmbuzhazlznkyryxbjquiajtiitjaiuqjbxyryknzlzahzubmwbszbihijoizttiiwoczwozcydenyysvajqrxtakvnojwsexqnyuqvyjfdtbyifhmxrlxlvkoufzcqwvvdwfosqefi
pyfwnbqlbbpwnssetyxatlavcyjpzzwoxdmmedzhgqghzdemmdxowzzpjycvaltaxytessnwpbblqbnwfyp
mfwqyhgchxnbukfipzchiuvuhjjilrzxyxpwevbnuoooywzpxbxiyscfelopdpobmdasabfwpwnpsmfrpcznwbvaplruahxomxgmynlpjyfdmkvbmwwmbvkmdfyjplnymgxmoxhaurlpavbwnzcprfmspnwpwfbasadmbopdpolefcsyixbxpzwyooounbvewpxyxzrlijjhuvuihczpifkubnxhcghyqwfm
kbrjwxqmfjwlgohljhjzvvuimoyduygebanxxfjeohqvwxihesgzpbkbrkhlinpmpfjmkvtzejwcigjoyqqptctkmamktctpqqyojgicwjeztvkmjfpmpnilhkrbkbpzgsehixwvqhoejfxxnabegyudyomiuvvzjhjlhoglwjfmqxwjrbk
jsopgldlsoqucrpkpricgtlqwfyhqkozddqlowwiknkiwwolqddzokqhyfwqltgcirpkprcuqosldlgposj
kjyfitxzzbuklmeeedxdhlyfnexvoczpnzwvtuxuxrekdiphmmlvzjbnpyidcjvqitndpkxpcbzhkopycctenwrexzjbkgrsahwrtvgxxgfjwwjbyefnbytazcbjjjbczatybnfeybjwwjfgxxgvtrwhasrgkbjzxerwnetccypokhzbcpxkpdntiqvjcdiypnbjzvlmmhpidkerxuxutvwznpzcovxenfylhdxdeeemlkubzzxtifyjk
bnvnxcfcwtohegjpawxbaqiahylrckzfzxtwzyyxtofzwqpxomyrejtlhgclrerqbmnaknxfeefaxwxniwgohabqqbahogwinxwxafeefxnkanmbqrerlcghltjerymoxpqwzfotxyyzwtxzfzkcrlyhaiqabxwapjgehotwcfcxnvnb
szphiptmvgpexwezyffbqxdfyyhnyggqfxxnprpnxxfqggynhyyfdxqbffyzewxepgvmtpihpzs
atucnjdmhikfkcjshovruqlmtvrqceveaphnymbhuomhqxzxlxohpculxnbcswgunphlckuyygfrdhqrghyvjsgggkiairuwgdjinghoohgnijdgwuriaikgggsjvyhgrqhdrfgyyukclhpnugwscbnxlucphoxlxzxqhmouhbmynhpaevecqrvtmlqurvohsjckfkihmdjncuta
mdglvejxchgahoyivhrhclkrungijvdxykjvquuvbavjoutjdmtfxfxtxfxftmdjtuojvabvuuqvjkyxdvjignurklchrhviyohaghcxjevlgdm
idaanhhszenxlmsydwutvzkppqefszucewftdmndqbadpubvrvqmucbmthrnilsmhxikjxpbaqeskhndcfpzitldaeqjrixahhmqfctfuxxgemkjkmegxxuftcfqmhhaxirjqeadltizpfcdnhkseqabpxjkixhmslinrhtmbcumqvrvbupdabqdnmdtfwecuzsfeqppkzvtuwdysmlxnezshhnaadi
zkuozpwhpuerryhejrzrlbfwujqpbuncehsdxomolqhepqiyikptnwrhhiziemmkvensucjfsqjjhuhreymtweadozlsnzejdrdyvmdofpxojhfpftiexkhnhkxeitfpfhjoxpfodmvydrdjeznslzodaewtmyerhuhjjqsfjcusnevkmmeizihhrwntpkiyiqpehqlomoxdshecnubpqjuwfblrzrjehyrreuphwpzoukz
rlvjmqltaqgvoyhvmgehttbjawmtyrrpcoyqelmfescusjpervnnpowrnknrwopnnvrepjsucsefmleqyocprrytmwajbtthegmvhyovgqatlqmjvlr
sdcqxizkigafzjoodurevbtzcagjkxzeabxalwkudmzevpsbllfgnahpcnannztncqnnnzjsmiwjzrkkcrqrsaiwwiasrqrckkrzjwimsjznnnqcntznnancphangfllbspvezmdukwlaxbaezxkjgacztbverudoojzfagikzixqcds
rzhywddlgvnrfndzzzxqkwpagnkfidybffabidpqacjhrnrhjcaqpdibaffbydifkngapwkqxzzzdnfrnvglddwyhzr
kncryynrdktwqiqszonasstfibeixatjpxbpbxpjtaxiebiftssanozsqiqwtkdrnyyrcnk
grodxdzffdnoeeuuymfunkajxzrontgtkwyjbyrhdexjirgggldvxfeuexjrsrsrjxeuefxvdlgggrijxedhrybjywktgtnorzxjaknufmyuueeondffzdxdorg
hvgfubrurcdhgmmufcwvmkiuxpgshqyqnfvjjvfnqyqhsgpxuikmvwcfummghdcrurbufgvh
ovferrejweqjdfqdmdrtknupievibuvssassvubiveipunktrdmdqfdjqewjerrefvo
qhrmrrjmebxtzvvloprvtxkqyybfijkyqbljswxwyurxqokgdbbyanoymrdwanvsoibigzgetxdllpsqqvptlfrzxvvzkqsbavjhwsnqnswhjvabsqkzvvxzrfltpvqqsplldxtegzgibiosvnawdrmyonaybbdgkoqxruywxwsjlbqykjifbyyqkxtvrpolvvztxbemjrrmrhq
mgxpchafagiirxhcdtcnogrjejtcfxmrrmxfctjejrgonctdchxriigafahcpxgm
eqpiuenzflikmjtushuumipdqkxmzjmdzcltibuqocacmwwedtysbpvtbugbfugewuzhxtxlwznkknzwlxtxhzuwegufbgubtvpbsytdewwmcacoqubitlczdmjzmxkqdpimuuhsutjmkilfzneuipqe
qjxsmlfskcqxwggscrqyermzviuppwsfhrxtcdmphemdnuxplppshbreklvbjqgthgmmlabshpxulujxmyrtbkznyuohkxcudpgorjgygjrogpducxkhouynzkbtrymxjuluxphsbalmmghtgqjbvlkerbhspplpxundmehpmdctxrhfswppuivzmreyqrcsggwxqcksflmsxjq
kwhnfxhohfqkgygjlmoossfoeehcuidgemtjkcztkpdqqmbbaqrviylpcstzbwfhibrudsnpkrhafjbfbualtmavgvwhtcpcdiwicmymdfoiorprmsdfdsmrproiofdmymciwidcpcthwvgvamtlaubfbjfahrkpnsdurbihfwbztscplyivrqabbmqqdpktzckjtmegdiucheeofssoomljgygkqfhohxfnhwk
pfzfjohlzuvsyjttwaydbusscjlpphxgmznxnvkorhhpqaiociseemyiwjantxthwhhleravvarelhhwhtxtnajwiymeesicoiaqphhrokvnxnzmgxhppljcssubdyawttjysvuzlhojfzfp
rkwmmsebentzkavhyuybuoatlcgnewnviljufoxjbtinvgwtauwviwquywjeuyacjlzqzyzcrkpmqmhqgdnpbglbcuucblgbpndgqhmqmpkrczyzqzljcayuejwyuqwivwuatwgvnitbjxofujlivnwengcltaoubyuyhvakztnebesmmwkr
ermpskpulqkckuutjmrcxtlcugglyuyenmvfylcldonpikiuyzwvsjzopicpccwrptwnwtprwccpcipozjsvwzyuikipnodlclyfvmneyuylggucltxcrmjtuukckqlupkspmre
zlkhzybepwteazfbybpdwbkmhiesaoszzfjbdkhsiaaishkdbjfzzsoaseihmkbwdpbybfzaetwpebyzhklz
qcmiareocwmxfeddbvjsaukmnmcxvfanioxihcwjakhfomiphtkipwwcibbfgdtorqybuumumuubyqrotdgfbbicwwpikthpimofhkajwchixoinafvxcmnmkuasjvbddefxmwcoeraimcq
scekjvlbesmluhcvugipbdnumeterntkrzubwheaaslwaptwvblzeyvscppcsvyezlbvwtpawlsaaehwbuzrktnretemundbpiguvchulmseblvjkecs
mvwsfbrhvobwupwvqbeawcqjcszaclqqimjnpcwmqzlkohihiojhqaquupuyakpizaxqcvduuqgkxorhcdoudeozvixxvohuogmqbrrbqmgouhovxxivzoeduodchroxkgquudvcqxazipkayupuuqaqhjoihihoklzqmwcpnjmiqqlcazscjqcwaebqvwpuwbovhrbfswvm
rjdvkeaqbgyztsygwiitcajkkqtblskccpymtyfwgfwzywhwgppisateqofbgrgkgezaeeyklwkluthblyjdyejpsosbfynlemnisotemfphyzilxtqwyznsphvugjikijguvhpsnzywqtxlizyhpfmetosinmelnyfbsospjeydjylbhtulkwlkyeeazegkgrgbfoqetasippgwhwyzwfgwfytmypcckslbtqkkjactiiwgystzygbqaekvdjr
wcmtmfistsqtzdujszgaxskfzzgogzncebyqiikcaaxbxaackiiqybecnzgogzzfksxagzsjudztqstsifmtmcw
fynfkxvlirgeajatzseuqqoofedszgghftmrqkebbnhdwiyxcdttvijdoovpucybxlvoxzryoybkgzjlljzgkbyoyrzxovlxbycupvoodjivttdcxyiwdhnbbekqrmtfhggzsdefooqquesztajaegrilvxkfnyf
fytpipvygwzrniuwhxfkwchfxtsrwoeboaqwrluykwpxelvliayhefmbbguxuzakbqhsedsozjnfvktflrmpwbtxhnweoworpxkvbejcjebvkxprowoewnhxtbwpmrlftkvfnjzosdeshqbkazuxugbbmfehyailvlexpwkyulrwqaobeowrstxfhcwkfxhwuinrzwgyvpiptyf
jkqvpwyeagqvcqrqtmgkaxnozewfcbbllsgdogjqoznqsggsqnzoqjgodgsllbbcfwezonxakgmtqrqcvqgaeywpvqkj
txzskkbhrzhdsrgqqcrnxnyxkbwsidadcbymnzveadjturlmvezsrxpbbnvjqvvqjvnbbpxrszevmlrutjdaevznmybcdadiswbkxynxnrcqqgrsdhzrhbkkszxt
vzinegexqlmcnbvnhixditbqenwecgyyhjnmrtlhgxlvbijkrgnzcqrgennegrqczngrkjibvlxghltrmnjhyygcewneqbtidxihnvbncmlqxegenizv
trmaknhhcouoqouqixllbnihqqevmoufhgfsvobycxounknvhaiknqtfjxbvnvcvdhpbvsbzrptezgcggksvdlldvskggcgzetprzbsvbphdvcvnvbxjftqnkiahvnknuoxcybovsfghfuomveqqhinbllxiquoqouochhnkamrt
mqqveriycihdppojcbfxricxaomerclftdczumzzujcjytucwzcphgnkxzqqbdvwhawdmxehghshcnchshghexmdwahwvdbqqzxknghpczwcutyjcjuzzmuzcdtflcremoaxcirxfbcjoppdhicyirevqqm
wopppyybukqtgzetpzjmsejxqborvdssrhhjhhketcxabdvscegwkruatkrqokkhtsqdbchxegxhkuboahlkbhkwrcmfoxphrfksitpoaowkwoaoptiskfrhpxofmcrwkhbklhaobukhxgexhcbdqsthkkoqrktaurkwgecsvdbaxctekhhjhhrssdvrobqxjesmjzptezgtqkubyypppow
shfukmhzhcfssuytiyhgebxwncftcifurnqdzadgciauezpmzwsgarragswzmpzeuaicgdazdqnrufictfcnwxbeghyityussfchzhmkufhs
ddakshfahdawtlmrvhockstoezgpivanyaysjduqjupegdxbknfufzljytajoawocujmadelytpgwnhjaofinqrojuxzutqxqzlqlzqxqtuzxujorqnifoajhnwgptyledamjucowaojatyjlzfufnkbxdgepujqudjsyaynavipgzeotskcohvrmltwadhafhskadd
bxolicjeqqbfdhdmeiwukureankhqkxtjnerpqvfgynlgqamyyglszptpcafmxyvkeobuljckwqsoqemomzglpzctchfbhcomspidylnwbfktlzhxyplpppitxnugrisjajsirgunxtippplpyxhzltkfbwnlydipsmochbfhctczplgzmomeqosqwkcjluboekvyxmfacptpzslgyymaqglnygfvqprenjtxkqhknaerukuwiemdhdfbqqejciloxb
yfebtfdhxbufowfanaudhtncctebusssayvtgybdzxjnwqpjrlmyhacjvjkpbeibcdvkeyodxzttrkdkwridrnonwyezcmdgsarwahbxgwtzhykdpupdkyhztwgxbhawrasgdmczeywnonrdirwkdkrttzxdoyekvdcbiebpkjvjcahymlrjpqwnjxzdbygtvyasssubetccnthduanafwofubxhdftbefy
vhnduquskyisozuqezaywhywvjflgozbvmgqfckpbsirtejxgjxcsyaqhgbpwastpyjuujyptsawpbghqayscxjgxjetrisbpkcfqgmvbzoglfjvwyhwyazequzosiyksuqudnhv
qpxmvufoggkqgfxrnywariehcoahcjtsaqgvmnlttxlbdjtqqtjdblxttlnmvgqastjchaocheirawynrxfgqkggofuvmxpq
tycbigscvgzozuesqjurpnbmihyhamotmsvvynxwvykusqpizjbryedimepoqdkfyhcwwbsrcfnuvcfxniolnttzxkpqozxoizmecfxemlbjpggdowodggpjblmexfcemzioxzoqpkxzttnloinxfcvunfcrsbwwchyfkdqopemideyrbjzipqsukyvwxnyvvsmtomahyhimbnprujqseuzozgvcsgibcyt
zkayesxlwtezribyrlvwwupwmyddkgblqdluwjhselsvwvtniqjflbdzzgcmodxeijaeujxyvrvrmqqmrvrvyxjueajiexdomcgzzdblfjqintvwvsleshjwuldqlbgkddymwpuwwvlrybirzetwlxseyakz
bpvwvytlmqrqosxnfiubrwvrxssdnlyoavmvufjixcylxxzehvgzsbqrvjvkwtyypmvjrgrojrbgockwasvsvnjqygawaaurmqcfwvvhmxmhvvwfcqmruaawagyqjnvsvsawkcogbrjorgrjvmpyytwkvjvrqbszgvhezxxlycxijfuvmvaoylndssxrvwrbuifnxsoqrqmltyvwvpb
askpvekqddmfpourbpkqquxpaupstbpvvzlsfvjiaxnsmhlpzwgrsfjsbybsjfsrgwzplhmsnxaijvfslzvvpbtspuapxuqqkpbruopfmddqkevpksa
mizrwppvznfazyezcryvkmkvzvyrprjbzlsxajszxybywfxayvwjhighdeasvjvwuouuxmwwmxulfrldpjoytuhxzhrwrnvndpkcdgzqftbknoonkbtfqzgdckpdnvnrwrhzxhutyojpdlrfluxmwwmxuuouwvjvsaedhgihjwvyaxfwybyxzsjaxslzbjrpryvzvkmkvyrczeyzafnzvppwrzim
cliihhqdkffnxilwttocihrkwflthakjlvtvelyoqfdpnomikclskceiiqdrspcgkybpjbfailpxzdglirduvkcfchwuybcjzdaighkosamufufnlljgvnoxukuxonvgjllnfufumasokhgiadzjcbyuwhcfckvudrilgdzxpliafbjpbykgcpsrdqiieckslckimonpdfqoylevtvljkahtlfwkrhicottwlixnffkdqhhiilc
gvgllmucrthqeuqscglrvsssqfcovstbpcmdoihhdqyimocownhtfbnvipldlpivnbfthnwocomiyqdhhiodmcpbtsvocfqsssvrlgcsqueqhtrcumllgvg
unmsroxttipbdjntiydbejmlpsvjldqhqfzjvwcoetricedkegojrawgsrpduhkmmjvhizxmspuuvzhafvfahzvuupsmxzihvjmmkhudprsgwarjogekdecirteocwvjzfqhqdljvsplmjebdyitnjdbpittxorsmnu
qczwunqkwjayuecovhxjcftgwnmoophetgcovtyuezszfunadmmisfoqsaeirnoktsyrlzlsafrfaghfvtnpybfsdmauzqfvjfmwgzogehngqvmlobanfhhitkdvakavdktihhfnabolmvqgnhegozgwmfjvfqzuamdsfbypntvfhgafrfaslzlrystkonrieasqofsimmdanufzszeuytvocgtehpoomnwgtfcjxhvoceuyajwkqnuwzcq
kqkugliliimeogwtzvlhcccfixqwulkebwaikltstfyhouanpluupybxyrwsdiygeaoqljkerjnfdpuvcrprpsrpjnjovhvbvhvojnjprsprprcvupdfnjrekjlqoaegyidswryxbypuulpnauohyftstlkiawbekluwqxifccchlvztwgoemiililgukqk
ojcinygbuvylqnqwghyfedwnovdwebttmxdbwjcqecewpwuxdtdjwzxkuajzjaukxzwjdtdxuwpweceqcjwbdxmttbewdvonwdefyhgwqnqlyvubgynicjo
uhpoocjatjijnsqnnuxhgvnhglgvyufudwjryurtgbdtwthlpgtxeihktphuhptkhiextgplhtwtdbgtruyrjwdufuyvglghnvghxunnqsnjijtajcoophu
bucgfccwuobzmxqpszhcwepfgdhzntvpqxxxbbtyqxxcwptoocrmhgrpmbqzwlqmkojorfmhelmaafqokharquievyftkwgwmrkdyyncjzelgxzqecjwyravqiocgwasawgcoiqvarywjceqzxglezjcnyydkrmwgwktfyveiuqrahkoqfaamlehmfrojokmqlwzqbmprghmrcootpwcxxqytbbxxxqpvtnzhdgfpewchzspqxmzbouwccfgcub
peiqqypyycgzkuilvbsjaagjmojsndyehgvzemyfoegazqlwsfgsgodudonsrlwautcyfafvgmvhcjguomowcrrfhexyrwblrdmzftulhqvkkvqhlutfzmdrlbwryxehfrrcwomougjchvmgvfafyctuawlrsnodudogsgfswlqzageofymezvgheydnsjomjgaajsbvliukzgcyypyqqiep
utmuutylugxzykgxvmwotwnkiurlqhekasexoekikkijuqirfeiycxjkrcyhlcrlxxilbvtmfbxbuftzmdxoaizrmxyxbrjyotlroffticitfforltoyjrbxyxmrziaoxdmztfubxbfmtvblixxlrclhycrkjxcyiefriqujikkikeoxesakehqlruiknwtowmvxgkyzxgulytuumtu
ieulwbkhdutyjryzvguudnetchgitbudhroesanxugguxnaseorhdubtighctenduugvzyrjytudhkbwluei
pbdlcgxtmjztsgqololsfzslpxgahmkwppktxjmksmfkuyzfomztnuefrkfazqzohjifswpkkwxguymimndzjiebumbtecillsqdqhqbephapvjblmcuwjvrvzzvrvjwucmlbjvpahpebqhqdqsllicetbmubeijzdnmimyugxwkkpwsfijhozqzafkrfeuntzmofzyukfmskmjxtkppwkmhagxplszfsloloqgstzjmtxgcldbp
lfwshfmozjrqaqpfvlfeoxxjsprvremhjiztnohmzzezptekejouiiuojeketpzezzmhontzijhmervrpsjxxoeflvfpqaqrjzomfhswfl
fbxtnbmzbwnhxclwxxlsyttvqyluhmiooimhulyqvttyslxxwlcxhnwbzmbntxbf
uvoimsvrhecqfvyaayldefiznwkqpwnjudtgwrzfvcvczvfbvshzxpaknlddjsmdvglttlgvdmsjddlnkapxzhsvbfvzcvcvfzrwgtdujnwpqkwnzifedlyaayvfqcehrvsmiovu
lnhsyviorxhsdyowxhvcbvpetypnosobhvvfsevkdcegdsdczafavuhrvygjqulxpiejobtrfxairfnqfstdtsfqnfriaxfrtbojeipxluqjgyvrhuvafazcdsdgecdkvesfvvhbosonpytepvbcvhxwoydshxroivyshnl
hxmshrieqxxtmkwhcyiszpkflvauqtpzsbsbuafmzeimqevsfgkgvunjsnfkiukcycdsdcyckuikfnsjnuvgkgfsveqmiezmfaubsbszptquavlfkpzsiychwkmtxxqeirhsmxh
cnhrllowiemvmwowxkyatswrjwylxwlbjuswfgsnmekydzuajsafkxywvwhusuveopawvtljzyhexdhiyjnigleeknycjuiajjyhelqdjakifrrdaggadrrfikajdqlehyjjaiujcynkeelginjyihdxehyzjltvwapoevusuhwvwyxkfasjauzdykemnsgfwsujblwxlywjrwstaykxwowmvmeiwollrhnc
crqabawzgawnrdwftpdytvtrwtklkrckkumluikaljqcmokfenfxkbpjwbuhuwteqgqmqcnblfeztohxdmxnpoympvvkrqokwgwnjlququukidjlrgbhuzvvzuhbgrljdikuuquqljnwgwkoqrkvvpmyopnxmdxhotzeflbncqmqgqetwuhubwjpbkxfnefkomcqjlakiulmukkcrklktwrtvtydptfwdrnwagzwabaqrc
jwaxdnwocpnbpqnciakxxsuqahhkwbmhxogdbdrfueilxyohaaextaovhvffyunwitbmyutuzcgyawfawlarmomvlubkoqiyjlkkfgggimekkjkjxmajcppcjamxjkjkkemigggfkkljyiqokbulvmomralwafwaygczutuymbtiwnuyffvhvoatxeaahoyxlieufrdbdgoxhmbwkhhaqusxxkaicnqpbnpcowndxawj
ntwbdplocmcrmzeucgrhumuqtyqpmrmbllcoanecbjvokzioibwcnsuiusncwbioizkovjbcenaocllbmrmpqytqumuhrgcuezmrcmcolpdbwtn
shcfxhbflglylhprhqffmtpqidlvvtwnayuxhvesdpqoxgheyojkiaaqfolahjpkjkjrholllohrjkjkpjhalofqaaikjoyehgxoqpdsevhxuyanwtvvldiqptmffqhrphlylglfbhxfchs
wgendvlodfrdvddfpflgatjemtexedjcjqqolbcqiuufzxmpfxvfrglfzrcfuoiffioufcrzflgrfvxfpmxzfuuiqcbloqqjcjdexetmejtaglfpfddvdrfdolvdnegw
kbetmtsgkljedkfoxiklyizjrhlxumlhppabkukuhtzmdeacomopvnyowmmtazapqcsaycufyvsdcuiqhwfelglefwhqiucdsvyfucyascqpazatmmwoynvpomocaedmzthukukbapphlmuxlhrjziylkixofkdejlkgstmtebk
