sppbbnnulwflfxybkpgeozrzrnghrpajerkhezeqwjddibeusnygmrhdfnlwengiesskswaqhdtpezlymjgacnehdrehemskgmuyixopajghjrfxcoyeeyocxfrjhgjapoxiyumgksmeherdhencagjmylzeptdhqawsksseignewlnfdhrmgynsuebiddjwqezehkrejaprhgnrzrzoegpkbyxflfwlunnbbpps
sfikcxfxwxjjodqnqihnwpgehknnzpsuwceablzazlbaecwuspznnkhegpwnhiqnqdojjxwxfxckifs
zfgnwyomhkvbjjybfegkooxptlsdmtunadawbpkibijlrimyovlejiwevoikhcxkhygjptrqdddunsvdnghyqfemtmydrvrdymtmefqyhgndvsnudddqrtpjgyhkxchkiovewijelvoymirljibikpbwadanutmdsltpxookgefbyjjbvkhmoywngfz
flchqgsmrlvvzoesljfvdjbhstnoxargntqfzissvppxgvrrewnigoraigqhihqhihqgiaroginwerrvgxppvssizfqtngraxontshbjdvfjlseozvvlrmsgqhclf
mqfenrmnrszvhoaocmrudgzxbdfkfsjtjoyyhknzemeznkhyyojtjsfkfdbxzgdurmcoaohvzsrnmrnefqm
fjtqtwxhyogiweazaxilhkrderxnhytmjmeekcljsttpavqauyndlehpxgeegytqmxwxbiiuddldbdfvcszpwietqjawjtovsluutcqyibcjjcbiyqctuulsvotjwajqteiwpzscvfdbdldduiibxwxmqtygeegxpheldnyuaqvapttsjlckeemjmtyhnxredrkhlixazaewigoyhxwtqtjf
fwhfzktmlshsypaqzqxllzmjazyxbtegpnlqxgfjymbwddpetmpenepqfnngitmzgzqffxoelrcoutsqijwxponvbcbmvoldpdjvazbntfdpdftnbzavjdpdlovmbcbvnopxwjiqstuocrleoxffqzgzmtignnfqpenepmtepddwbmyjfgxqlnpgetbxyzajmzllxqzqapyshslmtkzfhwf
psypeiuyrlxibltdafpqzddbhcbcgnhvvhngcbchbddzqpfadtlbixlryuiepysp
edsshumultpucmympfistxcbhxpjzxndcfvjbjgmdvhhhhtwpcrkztliqcupzhvbosmpmsobvhzpucqiltzkrcpwthhhhvdmgjbjvfcdnxzjpxhbcxtsifpmymcuptlumuhssde
wqprbwtyxkidoqthamdwmxxkyvbbxkqtagnbeizdtkhjacqcpvybuyntvquuakqbsdezlglzedsbqkauuqvtnyubyvpcqcajhktdziebngatqkxbbvykxxmwdmahtqodikxytwbrpqw
qijcdokxbhgeykrkihraaeqgltvyryjhjuloivljfuqfgjqprhprngxbzubsslcdhnsslfdqbtxixtbqdflssnhdclssbuzbxgnrphrpqjgfqufjlviolujhjyryvtlgqeaarhikrkyeghbxkodcjiq
bfjsnvpqwwoiweevjryvvhvecmgeitdlamepivigrwopdvkmkvdpowrgivipemaldtiegmcevhvvyrjveewiowwqpvnsjfb
krosdqrnbvwpyxfkrsodjvcfdcvqdhtpyhkdxbqaxnpxkxjdragbvjgznbrrlmijtspsufvtumsglbkdkblgsmutvfuspstjimlrrbnzgjvbgardjxkxpnxaqbxdkhypthdqvcdfcvjdosrkfxypwvbnrqdsork
lwjkikqschaksooaoicmlasvnhzwlkqyizjqjbkoilaabocqzeekgwiwfhhfwiwgkeezqcobaaliokbjqjziyqklwzhnvsalmcioaooskahcsqkikjwl
gugnywfzhjduufailmzgslpoyyqqfedmajbzijapsejmlmwwyyfsjuijuzbafeogopfwaflslwhwidvibaamwjyrkztptzkryjwmaabivdiwhwlslfawfpogoefabzujiujsfyywwmlmjespajizbjamdefqqyyoplsgzmliafuudjhzfwyngug
diqepwokwfzkslgtrxacxzcxhvlpnmprwhxnemxctymllvhfsjhrilorgbhwpynnfmblaaotbchmxorrzbihmyyvbhrsfggnshyvjmokrvxolqgkrqrersbsbsljarwsauaswrajlsbsbsrerqrkgqloxvrkomjvyhsnggfsrhbvyymhibzrroxmhcbtoaalbmfnnypwhbgrolirhjsfhvllmytcxmenxhwrpmnplvhxczxcaxrtglskzfwkowpeqid
appovjkcqtkavlplnayifeqrawybwghyxwosgzwyuhzrsqfiqdqwjinjhnnfvwdutuobvlzruajosqwjtmhfxwoemdjhcoevisydfzvbagqswoowsqgabvzfdysiveochjdmeowxfhmtjwqsojaurzlvboutudwvfnnhjnijwqdqifqsrzhuywzgsowxyhgwbywarqefiyanlplvaktqckjvoppa
epybdvatdbrslyjknefjqescxzghbgifyjjbelxjmqdxpnjeronjuhltjuamcltaweeapdmbtpaicmptaecxoqsxmtlqgereregqltmxsqoxceatpmciaptbmdpaeewatlcmaujtlhujnorejnpxdqmjxlebjjyfigbhgzxcseqjfenkjylsrbdtavdbype
mnqitdzzyomautmeuklvmhamsxsjhfwtsmensfmqubtquhuorilfporjlmvsrrolguyyzlqvojoitizksksjalvmxqgohwzpqynslelsnyqpzwhogqxmvlajskskzitiojovqlzyyuglorrsvmljropflirouhuqtbuqmfsnemstwfhjsxsmahmvlkuemtuamoyzzdtiqnm
puxkojnlvdvmollpmdgoqlffecqsakjpegauqpgnsdzipkabngretxlxbbrbmatshvnzktmfwlpnwpolvirqhchqrivlopwnplwfmtkznvhstambrbbxlxtergnbakpizdsngpquagepjkasqcefflqogdmpllomvdvlnjokxup
bzaxmgipfmzkohbnnbtsgahlpdilgctidwwditcglidplhagstbnnbhokzmfpigmxazb
fgatgodeyutchwfesalzsdidkibilamqiolofotdioisknwcphdhklkwwlghnsxwiiknwfrgtzydouidblknzwlvktexnbtwlgjhlapfboobfpalhjglwtbnxetkvlwznklbdiuodyztgrfwnkiiwxsnhglwwklkhdhpcwnksioidtofoloiqmalibikdidszlasefwhctuyedogtagf
byujhbdtrjzuzlfxpyapfvfslxiqmvonviycldxcmwzniekzekqlhwevvolhlzwhjvlvyjznfaapenqlzhwhdccarphepdlayxvzgxmnxmfefmxnmxgzvxyaldpehpraccdhwhzlqnepaafnzjyvlvjhwzlhlovvewhlqkezkeinzwmcxdlcyivnovmqixlsfvfpaypxflzuzjrtdbhjuyb
whfpoueaxlocwczsbxwbwzcaodcpbjxyscpiztjwhzyfdzyexwfvvixknabolymeddmcxxyewzjzyjgxfltbvsnisoxgplmspauoauuwtdyspepsydtwuuaouapsmlpgxosinsvbtlfxgjyzjzweyxxcmddemylobankxivvfwxeyzdfyzhwjtzipcsyxjbpcdoaczwbwxbszcwcolxaeuopfhw
ikuqnzegrpbgthwquvmtuxfvjedtnpuwbpmooswhjaqdjovdlhwggddsjjlxygtcxhqnqhxctgyxljjsddggwhldvojdqajhwsoompbwupntdejvfxutmvuqwhtgbprgeznquki
epabtavojmbhundlgmuekhhircuttdnzsqalqxbzkdjgsosyaofnxmxposkjxaipqkcikejujsabjuajkhyktwbjqlsnnslqjbwtkyhkjaujbasjujekickqpiaxjksopxmxnfoaysosgjdkzbxqlaqszndttucrihhkeumgldnuhbmjovatbape
mejvafqlvupzdpsvaojlawcuokpnphzclizlopzlkokpfckgsvtutvqkigzxnybahcovunigdsvkkvsdginuvochabynxzgikqvtutvsgkcfpkoklzpolzilczhpnpkoucwaljoavspdzpuvlqfavjem
zlmbqdsqnfwfwckutmxokqggdwgvitmheaiufamshizfnjaivzwirequbxqjserzfztmciflsetfovpluotmsmitjaddfwcmxyybgfgbyyxmcwfddajtimsmtoulpvofteslficmtzfzresjqxbuqeriwzviajnfzihsmafuiaehmtivgwdggqkoxmtukcwfwfnqsdqbmlz
encfgvcjwcrnsbxmtncoexutxbqojtvpizupwwasatisufepuigagatdblumhrbpqvgnrghrzplvxrnrztufvnjyyjnvfutzrnrxvlpzrhgrngvqpbrhmulbdtagagiupefusitasawwpuzipvtjoqbxtuxeocntmxbsnrcwjcvgfcne
mwuxryooswckazcjcdslpnmvywvmwqekobhfbytuwvgwxkizncmepycquxetqkfelpknpfjldpkazszowmsnkwdhujckuhqhyawnifzlwjlxdklzygmjcssydukxdbbdxkudysscjmgyzlkdxljwlzfinwayhqhukcjuhdwknsmwozszakpdljfpnkplefkqtexuqcypemcnzikxwgvwutybfhbokeqwmvwyvmnplsdcjczakcwsooyrxuwm
yjdipkgewlruudbothbhyhuutivmauzzfcjxmpblavfwahktolcooclotkhawfvalbpmxjcfzzuamvituuhyhbhtobduurlwegkpidjy
ottzttkiglqruajsrmvbwynvwuvwqkohgjgzdqjldzczansrbnvynitjcqhvavcghkhmcrxffxrcmhkhgcvavhqcjtinyvnbrsnazczdljqdzgjghokqwvuwvnywbvmrsjaurqlgikttztto
lqxreobxgeplxkmjrtxdkpmnbvlqiiquypnffocmurzudldugbxrsletgrlrzdlzsaeapiolbnheblahozagkgbrxmiyyimxrbgkgazohalbehnbloipaeaszldzrlrgtelsrxbgudlduzrumcoffnpyuqiiqlvbnmpkdxtrjmkxlpegxboerxql
lxsqdvrqhvvaznmbpjkqocmlcklcnbkayetczkughpghfukugwmuaafdkqhatrcrvvvwhqdphlymgkimgwghwnkjdtlynnpklnlkpnnyltdjknwhgwgmikgmylhpdqhwvvvrcrtahqkdfaaumwgukufhgphgukzcteyakbnclkclmcoqkjpbmnzavvhqrvdqsxl
tiifbvtfstweqhhprovvebmhirkonrjhzrodnhkhbhotqviklffphtyrkkfabohdhobafkkrythpfflkivqtohbhkhndorzhjrnokrihmbevvorphhqewtsftvbfiit
gdlbdgovddccfjtpjtroyajejlmqyingnzhsfvnjarlfcgwnbpbzplfzytpwdceqdlijixuiohqrqoereittvyutujpxpjutuyvttiereoqrqhoiuxijildqecdwptyzflpzbpbnwgcflrajnvfshzngniyqmljejayortjptjfccddvogdbldg
ekxqxljnsecjkmewwbwelrelfqmgcqcgdbwanhphmrsygxueasimjoxpglxicbqfdphsywzkorluqhyrajdjzcagnyqpbhwewdwewhbpqyngaczjdjaryhqulrokzwyshpdfqbcixlgpxojmisaeuxgysrmhphnawbdgcqcgmqflerlewbwwemkjcesnjlxqxke
chagefgafkbkdfvetqgiugozzvlmjdhnmjtqrztymuirbfvuybdudbyuvfbriumytzrqtjmnhdjmlvzzoguigqtevfdkbkfagfegahc
sllbkhjceepouopkqreyywjlxgzehktavgbhokjurzjlpavgrzepvqdsweyforfjyiqovcimbtxqtvymudesvjkrnjyecenaogqjkzxluvdqqccmhiecrrrceihmccqqdvulxzkjqgoaneceyjnrkjvsedumyvtqxtbmicvoqiyjfrofyewsdqvpezrgvapljzrujkohbgvatkhezgxljwyyerqkpouopeecjhkblls
jzduiovliftgpkmtzhetamsrkusgxbxgacdjdcagxbxgsukrsmatehztmkpgtfilvoiudzj
ljsaglggfeouzltqmnvbccwclusqtpkeydggomnvtdssonkaafbejzguvykopvuqabyoplliillpoybaquvpokyvugzjebfaaknossdtvnmoggdyekptqsulcwccbvnmqtlzuoefgglgasjl
joqwdulxmrcrirxqzybmbviwusxigpurfnoihbittmkddkteiuuietkddkmttibhionfrupgixsuwivbmbyzqxrircrmxludwqoj
zewlxdqpxrncdqzsnvdkpayjamielxnnclyboorohgqnzrhookadmaoomxuywhlaujclzvzibrvcicryorcdssrgpmeovroscqdbncmrvhtdmmmdthvrmcnbdqcsorvoempgrssdcroyrcicvrbizvzlcjualhwyuxmooamdakoohrznqghoroobylcnnxleimajyapkdvnszqdcnrxpqdxlwez
gecfsjmtovefynsopbjogpxmptrisjtzpxejgsdunjbnwuclxlbfaztrulznwuomruvamywcjyjcwymavurmouwnzlurtzafblxlcuwnbjnudsgjexpztjsirtpmxpgojbposnyfevotmjsfceg
vxqcrtixpjluecqgselmivqovbvdcdgxbzzusjshsfdyivgcbsomnhakixikahnmosbcgviydfshsjsuzzbxgdcdvbvoqvimlesgqceuljpxitrcqxv
zxqogbiuifkvchnhnwymmkrpfkzgibphyhxgjfatmmortdyhawvmiodpzeyjfnsgupmfwpzidpzxvzgxxdlgsoxtvvcckuihlxmhonprfrqasyysaqrfrpnohmxlhiukccvvtxosgldxxgzvxzpdizpwfmpugsnfjyezpdoimvwahydtrommtafjgxhyhpbigzkfprkmmywnhnhcvkfiuibgoqxz
fgxdfjdzjmztsgcpibwcymjvqhhnwswezthgcmfozehtnjjxlfaltlgmuqztixxjqgpvsxjtbqnqbyoodqaxbilyamrljquzwmuqjfkmxzdzdzxmkfjqumwzuqjlrmaylibxaqdooybqnqbtjxsvpgqjxxitzqumgltlaflxjjnthezofmcghtzewswnhhqvjmycwbipcgstzmjzdjfdxgf
bewacnfyzanlebpmqhzcypeonlmugqbhvxhzmoznqnyuopggwhjuwpijaxdgpgpmdynrmneeaeyqtgwpnhmmxwxzvdgnjxbpwpgkenpgrpwnyuelcszzzscleuynwprgpnekgpwpbxjngdvzxwxmmhnpwgtqyeaeenmrnydmpgpgdxajipwujhwggpouynqnzomzhxvhbqgumlnoepyczhqmpbelnazyfncaweb
xrwfbxereckoorpvsicwvbbyroidhysfsokvmqmsszghqweigggchicaymefnwmfnxabpntkoztexxoeeuilekocwsijqwqdvrglgzvuzoyynocrimfnwtwnfmirconyyozuvzglgrvdqwqjiswcokeliueeoxxetzoktnpbaxnfmwnfemyacihcgggiewqhgzssmqmvkosfsyhdiorybbvwcisvprookcerexbfwrx
kgeojdesxtugfzofoflrvkiwjtgpmgoymunxxrqwlmcslsaaantvzbuiwaxjinijxawiubzvtnaaaslscmlwqrxxnumyogmpgtjwikvrlfofozfgutxsedjoegk
dhyhitgtiyiytuvubtfcalecnojaenghwgqecxzkvhlrdinfbsjbfngsdpuhedqajhglegwbpjuvrhcsblvgbdaeuvoyyeajnjvtrtvicpdtxfnyrkhsohyiemjetlltejmeiyhoshkrynfxtdpcivtrtvjnjaeyyovueadbgvlbschrvujpbwgelghjaqdehupdsgnfbjsbfnidrlhvkzxceqgwhgneajoncelacftbuvutyiyitgtihyhd
hbdwpnhksvbljyywlohtsohgkhncomsxowvflcpdatqjrofcfmvxcffomvsdhlaxjycuasxalnmcergllgrecmnlaxsaucyjxalhdsvmoffcxvmfcforjqtadpclfvwoxsmocnhkghostholwyyjlbvskhnpwdbh
bqacqrvihpvonkykppckrglxbaasewwesaabxlgrkcppkyknovphivrqcaqb
secrjeswlszahkamytqwvdikvnobpbfbijsrpmpcepdmbfyaaqwvtghqvwrlzymhigazsqczfflimlinbfiwnqnjogupfixnoxoipqhwxufuxwhqpioxonxifpugojnqnwifbnilmilffzcqszagihmyzlrwvqhgtvwqaayfbmdpecpmprsjibfbpbonvkidvwqtymakhazslwsejrces
kfqjcbkqihaqfptiznrnnuryfutifvfqcxzealxiuzyzptiqhzfwvyvbsqjxlqnnpoupctyyuwyjqibzjivegshyjsywilkzcgpgznetlefdmiexraczuladeycojmonsfsnomjocyedaluzcarxeimdfeltenzgpgczkliwysjyhsgevijzbiqjywuyytcpuopnnqlxjqsbvyvwfzhqitpzyzuixlaezxcqfvfitufyrunnrnzitpfqahiqkbcjqfk
oeyhanftvbzxxzsimnjpoxhweezvesatwycxohslitjhsdrfqawgxffbjgzqybjucltsuldefmlzlmfedlustlcujbyqzgjbffxgwaqfrdshjtilshoxcywtasevzeewhxopjnmiszxxzbvtfnahyeo
xxjszmomjdolewhgvhdddgyomiyaoihofqiheytncibiekqzsufxaflonlnolfaxfuszqkeibicntyehiqfohioayimoygdddhvghwelodjmomzsjxx
sxacmektbftnsfdvbusczclnvqcrtisnfuptabnchipbnsyooqtougdsxfjqneguyvnzxcbgkshamhoaxjosqtmpyvhnznhyjxzibcomuxmgecgdoxxeqjtrfafrtjqexxodgcegmxumocbizxjyhnznhvypmtqsojxaohmahskgbcxznvyugenqjfxsdguotqooysnbpihcnbatpufnsitrcqvnlczcsubvdfsntfbtkemcaxs
qdtgdonyhwpqhresocnlgtwjiiqhuoqktmqyaewjanajgebuiohqkfzsopbifssaekygourqjrzpxdkftrwdzvxnnznnxvzdwrtfkdxpzrjqruogykeassfibposzfkqhoiubegjanajweayqmtkqouhqiijwtglncoserhqpwhynodgtdq
zrtjkjcxxqeaxsjrchdhtlepindlmglmzfxmqzlpqqpnkygmhmtbzxsinvtbdgpdnmrfmcueulrelzqtllullovamqbpwrumdltroovkboobkvoortldmurwpbqmavollulltqzlerlueucmfrmndpgdbtvnisxzbtmhmgyknpqqplzqmxfzmlgmldnipelthdhcrjsxaeqxxcjkjtrz
gxhqtcidiwnfemypxpjeevgxeznvfvomsvcnxmqgienpslepcpthmcgrbtmjqavkwzyvnodxuqmmdsegixpubxnfszolalvykvtztvkyvlalozsfnxbupxigesdmmquxdonvyzwkvaqjmtbrgcmhtpcpelspneigqmxncvsmovfvnzexgveejpxpymefnwidictqhxg
fuakjdjsdkpzjrotbcximdnpqdhvjfyqczalelfhwxjhoxcszbcnfqcxtmsertuvuwjaioignrpcqrwrsyezohzjvtpomlkiktjujtaxmrzckxtevzgmgfxbxfgmgzvetxkczrmxatjujtkiklmoptvjzhozeysrwrqcprngioiajwuvutresmtxcqfncbzscxohjxwhflelazcqyfjvhdqpndmixcbtorjzpkdsjdjkauf
zgluriizextuqmyxyfthvchrjxolandzvpvozdqfajatvaswflfcomtzjjklyqkwhfkgiallmnghnyftllvzzrrzzvlltfynhgnmllaigkfhwkqylkjjztmocflfwsavtajafqdzovpvzdnaloxjrhcvhtfyxymqutxeziirulgz
bavmurslncuxmntyzormyrvejzjrfeacexoaoiocnibzywzzlqljhjqqibjpflrliinzqbddmeekbfllfbkeemddbqzniilrlfpjbiqqjhjlqlzzwyzbincoioaoxecaefrjzjevrymrozytnmxucnlsrumvab
cgkiuhjvhuuhfksssqivqfdwhppcekwgrgrnpajwwdgdoyviqgfjlkftzwxfgtnxaelrhwofbujpsgzkmetyoytpwquduqwptyoytemkzgspjubfowhrleaxntgfxwztfkljfgqivyodgdwwjapnrgrgwkecpphwdfqviqssskfhuuhvjhuikgc
xspchsooyjjonmltohhaxbrirtwshvmgqblztznslyiymttbacdaeuueadcabttmyiylsnztzlbqgmvhswtrirbxahhotlmnojjyooshcpsx
dxmidloxaljpdnxjihvjvkjsndlycbkfawpdkgdmtobxdaimhdxephwdmjdoknvlmlqwtvimkljnltbszzyqgwtugziqmddyquwjpgwzrhpcbqwcwqbcphrzwgpjwuqyddmqizgutwgqyzzsbtlnjlkmivtwqlmlvnkodjmdwhpexdhmiadxbotmdgkdpwafkbcyldnsjkvjvhijxndpjlaxoldimxd
voqhnszxbsyjciuczmzvcakjlohcqivmxovkgvjhpjsrsmsrsjphjvgkvoxmviqcholjkacvzmzcuicjysbxzsnhqov
jerdfvbzzlflwubkuyxitmhpdnbqikpsqgvydyxdleqiyrsvrrfkdocjbdbkpreizbgdzfgnkwvkpphggmslauueawqrpuzoxfrynzlzvgjmvtudfnpijjojhebyycyybehjojjipnfdutvmjgvzlznyrfxozuprqwaeuualsmgghppkvwkngfzdgbzierpkbdbjcodkfrrvsryiqeldxydyvgqspkiqbndphmtixyukbuwlflzzbvfdrej
ymgvqmzowejpowyoyvyaiqnazqoqqgqquynkknairlahkyviwujgmygmqwcjeuzasnkfcmpvypciqxsmtdugbbuuzydeuegotrvxflsfcwpuuiipndxrgrlfpqllllqpflrgrxdnpiiuupwcfslfxvrtogeuedyzuubbgudtmsxqicpyvpmcfknsazuejcwqmgymgjuwivykhalriankknyuqqgqqoqzanqiayvyoywopjewozmqvgmy
lyrclmdkpoxwdcajejyhxexsuqtwhdbuetyrhbewrdrwebhryteubdhwtqusxexhyjejacdwxopkdmlcryl
scscvxjjxqgczvzgbdedkjclwydreewwipadmjnlbvnctmjurpzeacpxpcaezprujmtcnvblnjmdapiwweerdywlcjkdedbgzvzcgqxjjxvcscs
sjcrimoyelxmeqgdelsfvutoxeplvccplehwsxuwwuxswhelpccvlpexotuvfsledgqemxleyomircjs
pvuvlnwlfetqvrsoqjjzkczxawrndvasswpejorrskhpczeukptvrtutplgtgjnbffhptyinlpcpqijaxcxqxsjpdqkmzzzmkqdpjsxqxcxajiqpcplniytphffbnjgtglptutrvtpkuezcphksrrojepwssavdnrwaxzckzjjqosrvqteflwnlvuvp
nyvwrilicvntopjaqzbgzmmcfmrjuaxhasgrcrbeooxeegfwficguojbdclzfigfcoxehajwpiataipwjahexocfgifzlcdbjougcifwfgeexooebrcrgsahxaujrmfcmmzgbzqajpotnvcilirwvyn
mlqrmaywgfxdomubgqrubxkysbmfmloywgqkhoipvgtjunkadeuhdefxitcugtsezipgyxwtfrezercjxwscdazlvcfcxzgwixdivbecebvidxiwgzxcfcvlzadcswxjcrezerftwxygpizestguctixfedhuedaknujtgvpiohkqgwyolmfmbsykxburqgbumodxfgwyamrqlm
hegqyfnpvfhugerugkexqzazhdntiserwmmwresitndhzazqxekgureguhfvpnfyqgeh
eegpfchjriamrnmmtgidxvpumxioqgkunsjsuteldgzutlgmsqsrljlagvozeatrsflmapadvzzqqzzvdapamlfsrtaezovgaljlrsqsmgltuzgdletusjsnukgqoixmupvxdigtmmnrmairjhcfpgee
imdkptjapfjjzbxhujiibqrdgzvebkrkwwuopdoelzqkbptvybfcuwhaxcgzoxjktfyklppwohirycozocyrihowpplkyftkjxozgcxahwucfbyvtpbkqzleodpouwwkrkbevzgdrqbiijuhxbzjjfpajtpkdmi
gjxctkacfkjyjqirtptrltluesrxplzyuycnkcrpodpatyrppmibitxmnrjdckdwkfluiflyibybbpsseatmttttmtaesspbbybiylfiulfkwdkcdjrnmxtibimpprytapdoprckncyuyzlpxrseultlrtptriqjyjkfcaktcxjg
jwhbkfcybkvprgeulcxdisdxiazspjxafgbpldpnpkcisjdenahvulscnuxcfuckafbmlrbadfjwoocbojykwtpmnmositeiahwlyzoeeozylwhaietisomnmptwkyjobcoowjfdabrlmbfakcufcxuncsluvhanedjsickpnpdlpbgfaxjpszaixdsidxcluegrpvkbycfkbhwj
qzjtghfkvjsvntbsioiogwlpbwyjsrbjtnezuljpudnizqchemvmjiemgcwzvzkomqojbzzbjoqmokzvzwcgmeijmvmehcqzindupjluzentjbrsjywbplwgoioisbtnvsjvkfhgtjzq
wwrnnloygvbhrrwkqxigxyjeuburidzgbrtpcjnlfpsyiqkansglsrpnslecofiqwefbnumujgurzfrmxzzqqqfkclmqqxipbnqokeltmffmtlekoqnbpixqqmlckfqqqzzxmrfzrugjumunbfewqifocelsnprslgsnakqiyspflnjcptrbgzdirubuejyxgixqkwrrhbvgyolnnrww
digdhcmrmvpewqbqsodweexxomubpcnuktzsxmlljcqhutynjddjnytuhqcjllmxsztkuncpbumoxxeewdosqbqwepvmrmchdgid
cumyaspofhizjjhhwtldbxjidfzpuxvythzvaojhvrggapqzkbclbmterstorpmlylgaasjxlpeogunqxpcadxfxsallrxwsjfulzekkvoycklskkslkcyovkkezlufjswxrllasxfxdacpxqnugoeplxjsaaglylmprotsretmblcbkzqpaggrvhjoavzhtyvxupzfdijxbdltwhhjjzihfopsaymuc
yqtsggiszyjoqmlxddfitqvyqmaddklbcevimdcmblctynsdqxlkpikhvlkavydaezircnfgyhbwwubotoalxlsuyduvvudyuslxlaotobuwwbhygfncrizeadyvaklvhkipklxqdsnytclbmcdmivecblkddamqyvqtifddxlmqojyzsiggstqy
zpmfndktnlipmfbiyexyyhqnqgkugcpfsdmfjwywkilwpmhosgoqnhfgnqavssckvorgmrcwaovrccfviulxdtfqjgndapqxdhepbgbpehdxqpadngjqftdxluivfccrvoawcrmgrovkcssvaqngfhnqogsohmpwlikwywjfmdsfpcgukgqnqhyyxeyibfmpilntkdnfmpz
ruvdlwknaekufzjnuoppyqdzxxmqgezyywblsmbssloxmamiocxoscnpzbfghgggdhtvvuqnfgntgzbwdakvdzncdukkbqsgymdvgtloayhizlzihyaoltgvdmygsqbkkudcnzdvkadwbzgtngfnquvvthdggghgfbzpncsoxcoimamxolssbmslbwyyzegqmxxzdqyppounjzfukeankwldvur
hkypphiutqduhshryvbbockqezykqaaqkyzeqkcobbvyrhshudqtuihppykh
offmsjwsxjtvtoqpixkarfxcotqevepmjuyeexwbipybeqsmocpfkojyhbfffurqqpuuorxwixaoosdexuljiujpxoucklubdpxrixoquohkikohebbehokikhouqoxirxpdbulkcuoxpjuijluxedsooaxiwxrouupqqrufffbhyjokfpcomsqebypibwxeeyujmpeveqtocxfrakxipqotvtjxswjsmffo
gqmwskrorknzxpzyfhfaiqwslfpmehslzgjssagjmvimnjkssruchsuuxmgetypueamwbvfnspbfblzvcucvzlbfbpsnfvbwmaeupytegmxuushcursskjnmivmjgassjgzlshempflswqiafhfyzpxznkrorkswmqg
epxfsgtcenstjryritgxgiqitlfqzjqdanitwcxccxcwtinadqjzqfltiqigxgtiryrjtsnectgsfxpe
bvjgixamibojxhnygkvgtqwjxwirhkikhtrrqrebuumrbzrhlpqgfopekavukdetwxlpppsljedkfwtsljytaqxkqtgcynvxkgmbxgngmsstomlcxlvxdukvpsxoxspvkudxvlxclmotssmgngxbmgkxvnycgtqkxqatyjlstwfkdejlsppplxwtedkuvakepofgqplhrzbrmuuberqrrthkikhriwxjwqtgvkgynhxjobimaxigjvb
hxyoflhvhdawkgkaqthgmgrieknlssuzpspwfwrmbujmavoqoxxadqjkayvutrtkmlhrjaglurzvmnnclkdqcocfoazjrvudgdxpddddpxdgduvrjzaofcocqdklcnnmvzrulgajrhlmktrtuvyakjqdaxxoqovamjubmrwfwpspzusslnkeirgmghtqakgkwadhvhlfoyxh
wniwuehcibspzqazhbgofjmwjwrufmodcxzwdibljttjlbidwzxcdomfurwjwmjfogbhzaqzpsbicheuwinw
exmngjkxljwaslaisuxvnuftgugevyubxioftbcekygemgmeblbqggjodsvyspbpysurtyyfzejlnwrqhsgpbreelbedqfuqxqksrixqojdbfuroozeptkktpezoorufbdjoqxirskqxqufqdebleerbpgshqrwnljezfyytrusypbpsyvsdojggqblbemgmegykecbtfoixbuyvegugtfunvxusialsawjlxkjgnmxe
yofbmmjvsrdflijdeyzpyacaruvaqvxqlcsyqbvkuzqfjzknzjczlgglzcjznkzjfqzukvbqysclqxvqavuracaypzyedjilfdrsvjmmbfoy
yzxbphcmfdpouzjnpkjpoqzwkindwojvqhwhqatvgkmakxnzhyqwqpsaafewwptowpvmsqkybyalvnmdndbguvgwbmvzcopagknyazydxyquuqyxdyzaynkgapoczvmbwgvugbdndmnvlaybykqsmvpwotpwwefaaspqwqyhznxkamkgvtaqhwhqvjowdnikwzqopjkpnjzuopdfmchpbxzy
zbfczrhdnknknyxnguzuipeltjpjqatrbatarcfgmsrbsopykqusiafdjumbwisxkoxesekhwdiqtzpeqlyamgdxcszzctwmhwscadjzitpcvgilugngoqqognguligvcptizjdacswhmwtczzscxdgmaylqepztqidwhkesexokxsiwbmujdfaisuqkyposbrsmgfcratabrtaqjpjtlepiuzugnxynknkndhrzcfbz
ylcyyurgnbuxgqsyyrdiehcyuwuyhhjhvmftgwcvzwtiplgnfmvjtainwengmxnhjvcrtgntdidtngtrcvjhnxmgnewniatjvmfnglpitwzvcwgtfmvhjhhyuwuycheidryysqgxubngruyycly
