gauudvdiqjmmmtnnfsgjvwxalhypjzasbumgssokbaxptmeaemkzljbwszneanwbkihchikbwnaenzswbjlzkmeaemtpxabkossgmubsazjpyhlaxwvjgsfnntmmmjqidvduuag
ombjzxpsfyrledylpmgolrrnmhqxkhjztkkuibnnagaekarbmzsxqllftbefknefxrzhsowuvwahwrkircijovojyuoihvnhoooohnvhiouyjovojicrikrwhawvuwoshzrxfenkfebtfllqxszmbrakeagannbiukktzjhkxqhmnrrlogmplydelryfspxzjbmo
skwvupsdghfdqmszjaaabkisqdjawnvoztltkdyrmfwcsobdoedponkgtvgpiefhzqcktddfizhcokgcoluezgkubtbukgzeulocgkochzifddtkcqzhfeipgvtgknopdeodboscwfmrydktltzovnwajdqsikbaaajzsmqdfhgdspuvwks
jukoaxlnufpkaabizrouhgedlpbirizadlrfjcsfjkpkksukmietoixbzylrimtnymvhqpoazdmkxgwjqadhkcimcufmgaaeaagmfucmickhdaqjwgxkmdzaopqhvmyntmirlyzbxioteimkuskkpkjfscjfrldaziribpldeghuorzibaakpfunlxaokuj
sztxkfzrrjfdoqafdpfbmgrokaknvxznwsmjznatwhwnxysdqaecgwsqydeuafjzzyialitkrpxoqrrgrykxwdquguguqdwxkyrgrrqoxprktilaiyzzjfauedyqswgceaqdsyxnwhwtanzjmswnzxvnkakorgmbfpdfaqodfjrrzfkxtzs
cwoaymivflwjjewubimpwmkdwqponorskislsiksronopqwdkmwpmibuwejjwlfvimyaowc
rebmjquedfvtdogftorftzrdmdsjuwcoocwujsdmdrztfrotfgodtvfdeuqjmber
gwiccgxxxcueujnfoomjasbyxhhpcbqkxamcjlzgnukkfzptodeqvhquoxjsycewesynfzwutgeygwtwzzoxgetwcdqahuylmwmlyuhaqdcwtegxozzwtwgyegtuwzfnysewecysjxouqhvqedotpzfkkungzljcmaxkqbcphhxybsajmoofnjueucxxxgcciwg
gnazbuoxkqxnktjvqpkncwyspcaqbksjxvizpyyboxqasaykrkytgwnyynobxjjxbonyynwgtykrkyasaqxobyypzivxjskbqacpsywcnkpqvjtknxqkxoubzang
smmemwfcrulafvgodepmzbyrmmmdnuthihlvgszxnlzuifllmczldxcsmrvznqgvyuseosdbfcynijawlzhqylikedjruspumhaabdeihcvrnxnyywwyynxnrvchiedbaahmupsurjdekilyqhzlwajinycfbdsoesuyvgqnzvrmscxdlzcmllfiuzlnxzsgvlhihtundmmmrybzmpedogvfalurcfwmemms
izebtfukmsxawzowrnizmwvccfjdeyxozbqsikfveexadnzwchxodtthaekgchubkkwtwdqbhndmackelisodlxdxldosilekcamdnhbqdwtwkkbuhcgkeahttdoxhcwzndaxeevfkisqbzoxyedjfccvwmzinrwozwaxsmkuftbezi
feojvbulubrvxksgmpkmbnytrmjwmoprsfbqixdczwyygqgshqhjehcvvnthckzwpcozbrcapcbvuhqeaznggrbeewlijmfyqtassatqyfmjilweebrggnzaeqhuvbcpacrbzocpwzkchtnvvchejhqhsgqgyywzcdxiqbfsrpomwjmrtynbmkpmgskxvrbulubvjoef
whjlqrsysjzhcaosjjckcyfgjsnypgpnpbagstgmcfwgfkyqvcaacfgmzvmqdegtfgbzzhndmjmuvmktrnttubhwzwmeauxfbybfxuaemwzwhbuttnrtkmvumjmdnhzzbgftgedqmvzmgfcaacvqykfgwfcmgtsgabpnpgpynsjgfyckcjjsoachzjsysrqljhw
zufrgkfuifdwuxylhbmkzdoblyhafjigfnalyfhgkkcghdtrgfdfjriurpwyyffdshqsmxzwkdetixmocpwniekzugysnfyimoaaobyaayboaaomiyfnsyguzkeinwpcomxitedkwzxmsqhsdffyywpruirjfdfgrtdhgckkghfylanfgijfahylbodzkmbhlyxuwdfiufkgrfuz
ryxtzvqaqrcphvceblpilcbfepnklmhdlgykdonuhpjonluozmymobrsqgfbtmgeueqxvfteetfvxqeuegmtbfgqsrbomymzoulnojphunodkygldhmlknpefbcliplbecvhpcrqaqvztxyr
cayuifdvwmxswlmvwvdsqkfzpymnptgsvgoflubkiacflrakmdecplbfjquzlatjgjosdpcmsgtdxtpjytoneruqjorxokgxvurbmvpebijbbbmzuambujrdxiaouilpdcdpliuoaixdrjubmauzmbbbjibepvmbruvxgkoxrojqurenotyjptxdtgsmcpdsojgjtalzuqjfblpcedmkarlfcaikbulfogvsgtpnmypzfkqsdvwvmlwsxmwvdfiuyac
lhlyekpkkzzdtsacmeqzxwhppmgldofrvspzcglohlsadufrzvswtbnjnbtwsvzrfudaslholgczpsvrfodlgmpphwxzqemcastdzzkkpkeylhl
mqzouzazoeksbjqisgbiywnjoqmnsffgvgxrfxrtddogngqhmrqmofvcvjrpoxvmdsflrwexcufpawyonoadtxhogzdxybjdvoonnoovdjbyxdzgohxtdaonoywapfucxewrlfsdmvxoprjvcvfomqrmhqgngoddtrxfrxgvgffsnmqojnwyibgsiqjbskeozazuozqm
vheieblwuicwstzczfjqpswmuvgitzdqhiznlmjhungogfrikcycwwqqswznwcdfmeszqejnrpbauukgxiitgzkyxjnvntaczvbsbkfuzguvdgcaomtvtmoacgdvugzufkbsbvzcatnvnjxykzgtiixgkuuabprnjeqzsemfdcwnzwsqqwwcyckirfgognuhjmlnzihqdztigvumwspqjfzcztswciuwlbeiehv
wudrmuksqlhseeepphzpjmdjikkeclezfjqrgclyntquzxjoekgqylzgvjnautzcervkthiicbcbyoseaauzlwhjhwjepkgwgkpejwhjhwlzuaaesoybcbciihtkvrecztuanjvgzlyqgkeojxzuqtnylcgrqjfzelcekkijdmjpzhppeeeshlqskumrduw
yiwwsqtcdrgxavpdmwpfljaoipxsmbjnjflbxhgcymzyhqewnvdyedpmvmejqpybukftrlvrxupglvvlgpuxrvlrtfkubypqjemvmpdeydvnweqhyzmycghxblfjnjbmsxpioajlfpwmdpvaxgrdctqswwiy
tteeygvpprcnapsugkxjnxwzzsjkheibxohxvcomvqzvhrrqdqzsqxsprdbyhjzgyhfvluhhmjewayogopyemsvdywbfidmimtdxxdtmimdifbwydvsmeypogoyawejmhhulvfhygzjhybdrpsxqszqdqrrhvzqvmocvxhoxbiehkjszzwxnjxkguspancrppvgyeett
rwhxhrqdfvlksixyswtpfmspleisptvirfgzwycbtpooxlmrhfgotaffgozxjwgadobamfdfuttteiknprpnkietttufdfmabodagwjxzogffatogfhrmlxooptbcywzgfrivtpsielpsmfptwsyxisklvfdqrhxhwr
yifelclehzzkxshgbuzowoiloybrfvxeffishtzovyyushaubzkaqunguoxalxgrcqllmkbhlbbdjdzmflmxhbdcpcebbkufahqooqhafukbbecpcdbhxmlfmzdjdbblhbkmllqcrgxlaxougnuqakzbuahsuyyvozthsiffexvfrbyoliowozubghsxkzzhelclefiy
yomeqqsmyayffbqzeayeqyxnxknyxibvwqbogucgwbmdecckcarubqiybvxyfawdsxsatuhqxvtctvxqhutasxsdwafyxvbyiqburackccedmbwgcugobqwvbixynkxnxyqeyaezqbffyaymsqqemoy
vnozmlsjaxeplvrpidzqirmordnfrgymvolhafscczsnuleeqevaxjpppjxaveqeelunszccsfahlovmygrfndromriqzdiprvlpexajslmzonv
ljgdnafvorpbxngzsjyrvxtjwlmbeejrpqucsazgrrjrepsyaqrxnkhmwvncbwwroqvgsxomoydupxusnlpcxyovubavawooomxjjlvzjavzxprmciicmrpxzvajzvljjxmooowavabuvoyxcplnsuxpudyomoxsgvqorwwbcnvwmhknxrqaysperjrrgzascuqprjeebmlwjtxvryjszgnxbprovfandgjl
yzwssoivtntjycpduhkwrhercyiiaimzhktzbcuwrohpqxumeejxmpoqnxyqfmroxknaojwffwjoankxormfqyxnqopmxjeemuxqphorwucbztkhzmiaiiycrehrwkhudpcyjtntviosswzy
ghheuztmbrwaltdxmdcgupjbvrzryzkegtkcuducktgekzyrzrvbjpugcdmxdtlawrbmtzuehhg
dekpilbnnesyfelawlcyqqgcpofzlxqqbcikojzboubvymxxxaxpqdqpxaxxxmyvbuobzjokicbqqxlzfopcgqqyclwalefysennblipked
agnrcmfpgnhumxyoxmbsgncbireltpjvwymalsrrfblrrlbfrrslamywvjptleribcngsbmxoyxmuhngpfmcrnga
vprwcjiknvxwxjuawvnjoyygsqlceafzrzxvkffybfuaoqamlnwbnwjhmxkszrtqsqnfvvdyazzopzdcpbfexqmlnyfmryekosplnunlpsokeyrmfynlmqxefbpcdzpozzaydvvfnqsqtrzskxmhjwnbwnlmaqoaufbyffkvxzrzfaeclqsgyyojnvwaujxwxvnkijcwrpv
xsnuphdznvdvexzifotoxoqbwdrreewbwkyntbogxtddqeoyuhosxgvtkmkosjsotqdmrsuqlzuedkcyrqsoxnjjctxucrlxholbghruinymzamqsggrtpavlasprdrpsalvaptrggsqmazmyniurhgblohxlrcuxtcjjnxosqryckdeuzlqusrmdqtosjsokmktvgxsohuyoeqddtxgobtnykwbweerrdwbqoxotofizxevdvnzdhpunsx
pgezjqlbwwjtdbnjojtwqrgqtamcbqjqznqidblzzwvccvwzzlbdiqnzqjqbcmatqgrqwtjojnbdtjwwblqjzegp
onohypyhvhurfcloevizsexfzxgjnrvdhjnfbnnyujpancorxyqrcpzcofndyihftwnujcsfnifamvtktmdybccqjptkzcrsyenjihpvrwxeurqpdtngyrwhhwrygntdpqruexwrvphijneysrczktpjqccbydmtktvmafinfscjunwtfhiydnfoczpcrqyxrocnapjuynnbfnjhdvrnjgxzfxesziveolcfruhvhypyhono
uqpampuzqfulkloqvizbickguxzojvgdoxdamzacewqphehfphgzlsffqetzcbeszhsliuqmsgdcklhbupbfigkyngzphdhimbuuymissouezdgtthabpmbcsccscbmpbahttgdzeuossimyuubmihdhpzgnykgifbpubhlkcdgsmquilshzsebczteqffslzghpfhehpqwecazmadxodgvjozxugkcibzivqolklufqzupmapqu
ecpiugglgtjwlujmiraxkdhvrrpvffpjhgtemzrssaqguzsftucffcutfszugqassrzmetghjpffvprrvhdkxarimjulwjtglgguipce
rneqfyqmlgmsetlkhdjryquctdqhpbmnqsfysxkdfyyjrjwbohsnyoptticllqackhadfmimkgydruggbzvbpmxluzyiqiyzulxmpbvzbggurdygkmimfdahkcaqllcittpoynshobwjrjyyfdkxsyfsqnmbphqdtcuqyrjdhkltesmglmqyfqenr
gfctzgrukjabvrxejmalxmvcudbmyctekwzjcrdoafpxwnbizczibnwxpfaodrcjzwketcymbducvmxlamjexrvbajkurgztcfg
zhueyrdgpyqeecrksulwkfhdnwmzeesemokmfntuojauoregnpexwlaljmkptevfsgrztmvjyvemniuaaayynykwnwlgbjntpgtktqurmafzkbzkbzjoyvknrxtsggoxoggstxrnkvyojzbkzbkzfamruqtktgptnjbglwnwkynyyaaauinmevyjvmtzrgsfvetpkmjlalwxepngerouajoutnfmkomeseezmwndhfkwluskrceeqypgdryeuhz
vwiipfsbblmjwazfrbgudcffxzqqthosdyatetwfgiqdlrkeuraxvfesgujzczthyuaepylvjbywtlanccnxkrrsmcsqenxchaiahcxneqscmsrrkxnccnaltwybjvlypeauyhtzczjugsefvxaruekrldqigfwtetaydsohtqqzxffcdugbrfzawjmlbbsfpiiwv
tobmpuysznplmujyskegqipcvutlxsotjrfymdtntiahfjjfhaitntdmyfrjtosxltuvcpiqgeksyjumlpnzsyupmbot
kijuswojjlxplnbyhbubilgmweawzbrkmcgeyunkfnzqaarhcljmwrzuvbrwciiomovniixpvwgxyzfckqpijqdgrwcvglmszhfkpcznahkzgrbqjsbsigybbygisbsjqbrgzkhanzcpkfhzsmlgvcwrgdqjipqkcfzyxgwvpxiinvomoiicwrbvuzrwmjlchraaqznfknuyegcmkrbzwaewmglibubhybnlpxljjowsujik
zhgkekuwwdlxobafnwhmfrzaesgqwxxwqgseazrfmhwnfaboxldwwukekghz
sddoqogqimctrplshjkyumnxabqomqcfthvlveefqgyhvlcewmcszspbtfrgvtnraicxmgeeoemlrosnawfboucictqzofqqpvpedtisxufokxdluioifrsjmkidrbbrdikmjsrfioiuldxkofuxsitdepvpqqfozqtcicuobfwansorlmeoeegmxciarntvgrftbpszscmweclvhygqfeevlvhtfcqmoqbaxnmuykjhslprtcmiqgoqodds
amnmtoqhtecjosatzbvwinvtgtitpavpmkdgbupuytdolfhlhchrsekyzuuoupgibjqcffwfybtmhazofihznrxolrffilpkwgoelljmodavfzlmlzfvadomjlleogwkpliffrloxrnzhifozahmtbyfwffcqjbigpuouuzykesrhchlhflodtyupubgdkmpvaptitgtvniwvbztasojcethqotmnma
exxzzlampmsviwsswdvdlrjvyshrvjspxrowcrkudcroyliwqfzdwkzwcioxtinqzdoduyzacqqcdaytfzxdmyzogpgozymdxzftyadcqqcazyudodzqnitxoicwzkwdzfqwilyorcdukrcworxpsjvrhsyvjrldvdwsswivsmpmalzzxxe
fzyibmnaxyxpkuxhiqvyildxqnnzznvhovvohvnzznnqxdliyvqihxukpxyxanmbiyzf
dcnoxpqsubykpuovvozgerxgsvmzohgrjtfikvafyypqudlsumyyfygatsbjzhbkditngvvgntidkbhzjbstagyfyymuslduqpyyfavkiftjrghozmvsgxregzovvoupkybusqpxoncd
yxwvtbkbpicczlxebdpvonjekmxoqwvrwuopvyqngvpigomktdfjqoodclttkqkgkaxiyovgjmorccdvhjhazvdciyxsojabjyjjjyjbajosxyicdvzahjhvdccromjgvoyixakgkqkttlcdooqjfdtkmogipvgnqyvpouwrvwqoxmkejnovpdbexlzccipbkbtvwxy
ksyjkrtwshnzwqeggrqgglzcbriwunphgnsqemoyvdastgybxqidbjhecpazdrgleydkmrliulcprcrqsbvvmczpzcmvvbsqrcrpcluilrmkdyelgrdzapcehjbdiqxbygtsadvyomeqsnghpnuwirbczlggqrggeqwznhswtrkjysk
dbtcipfqegxroypgixpibnctonjajssmvlreawwhetyvtpbbntlqgojwduxnprbkcsqfqnoxgoscdvfsqrlyfwxirwxgnzqrthymwmjecbggymapflnmikubiuhvhuibukimnlfpamyggbcejmwmyhtrqzngxwrixwfylrqsfvdcsogxonqfqsckbrpnxudwjogqltnbbptvytehwwaerlvmssjajnotcnbipxigpyorxgeqfpictbd
thuvpewasorxphvluhzpmviziwwbdlmxtjsknrmhhdgwkbhfiiwwghxodtshhgecpymeralzetvqufxfnubtbzkgscnbitdaupelqsmwlkmipkneeqahpknknkphaqeenkpimklwmsqlepuadtibncsgkzbtbunfxfuqvtezlaremypceghhstdoxhgwwiifhbkwgdhhmrnksjtxmldbwwizivmpzhulvhpxrosawepvuht
uazqahmdgrjjjvaugsqnvbzknhacuhmqjmijtvpbmanxwnrcgkrdlqqbzsftzrlkduudklrztfszbqqldrkgcrnwxnambpvtjimjqmhucahnkzbvnqsguavjjjrgdmhaqzau
wpytpeduobapwdsewqngcgldqdwpoymmpkhfqkzflaujfpnchdijlvoczmtpkfdarkhiugnhijqqygsfjcqwxfyyrunezqgtapdwxsdibuyccshnuajthiuachgddghcauihtjaunhsccyubidsxwdpatgqzenuryyfxwqcjfsgyqqjihnguihkradfkptmzcovljidhcnpfjualfzkqfhkpmmyopwdqdlgcgnqwesdwpaboudeptypw
bxqsitgijyjjcqkyyptwqxyjagxwfukitcbewjmhixtmqdkqtdmlcmvetsbaonjjqmnovbxfbqsrwehrkvcmhxtcrudhhotzcgpzknfldzezdnqnivcpuvummuvupcvinqndzezdlfnkzpgcztohhdurctxhmcvkrhewrsqbfxbvonmqjjnoabstevmclmdtqkdqmtxihmjwebctikufwxgajyxqwtpyykqcjjyjigtisqxb
fxdfieiaoyzyobrvsmflwumhbxazixyqxcxfgfhxdhvukorcazpzvbgwzgxjgwzdawigdpdjyafifayjdpdgiwadzwgjxgzwgbvzpzacrokuvhdxhfgfxcxqyxizaxbhmuwlfmsvrboyzyoaieifdxf
rpguxqbywzsjbgpczrzixxxvnfrmsekmtqgtgjteilomsfqtwqbvpyqcfjozozljpteyyetpjlzozojfcqypvbqwtqfsmolietjgtgqtmkesmrfnvxxxizrzcpgbjszwybqxugpr
wpzmzjkqibzhpheyaquaikfgrpikvdmtsoftzrjhskqhsuhsmcuvmaamvucmshushqkshjrztfostmdvkiprgfkiauqayehphzbiqkjzmzpw
tdaexzlrunfxrlbimydnivndrmqwgmscstgrutloiqlzdojqpndxisacftanhspznytirewaukbxalppyspiipsypplaxbkuaweritynzpshnatfcasixdnpqjodzlqiolturgtscsmgwqmrdnvindymiblrxfnurlzxeadt
fujaycvfasmrjtzykkuiiidxnmmrsxrxtayrfvwhnlaxezvqlrbtcespshjkgakzdiqidoodiqidzkagkjhspsectbrlqvzexalnhwvfryatxrxsrmmnxdiiiukkyztjrmsafvcyajuf
babufzyksobtopvwdnjtheqcufhzlmcomdjtejfwahroyombcvxlbnpxvywgkzwywzkgwyvxpnblxvcbmoyorhawfjetjdmocmlzhfucqehtjndwvpotboskyzfubab
svcfxrbybkvkxzczqxfmlsuitgrsyoitjkyidbgeldqifvkxspldkfmdnfvmtgheqfmwjuawatfforeigpmsxavkftyazfernqnymqumlbtzsxhbnvtkvpwckvellevkcwpvktvnbhxsztblmuqmynqnrefzaytfkvaxsmpgierofftawaujwmfqehgtmvfndmfkdlpsxkvfiqdlegbdiykjtioysrgtiuslmfxqzczxkvkbybrxfcvs
kaheeyhcksynhmrteqfjopavilghzgdjikpoixtvpriyfcumszvioxgzimiiulrevhvggobxfllfxboggvhverluiimizgxoivzsmucfyirpvtxiopkijdgzhglivapojfqetrmhnyskchyeehak
vqbmlblloknzbblzxnpciztkytcyqzkmpoyarjlftzhucswaawscuhztfljrayopmkzqyctyktzicpnxzlbbznkollblmbqv
yktydczdmeypmwnwzojqcmtwzytzmqdmayldamgmqhbedqbcfkvhwofynbxzrcnuayxamgpcpgmaxyauncrzxbnyfowhvkfcbqdebhqmgmadlyamdqmztyzwtmcqjozwnwmpyemdzcdytky
fuggonevmnrihrsdgnihlblezsoodlalhiryvvtkknusemxmcgvpjivkajyexapejiegfyqqnnkrzhfdpatyioljajnxmeemxnjajloiytapdfhzrknnqqyfgeijepaxeyjakvijpvgcmxmesunkktvvyrihlaldooszelblhingdsrhirnmvenogguf
qnglspsrsyniqiszeabikmhoavpmeapunvhikzbdzolpzfqdhunrgugjsxvyxksnfbxsayxbpkqopjrwfeplaxwuussuemjmngepgbqvljjcucazirmllmrizacucjjlvqbgpegnmjmeussuuwxalpefwrjpoqkpbxyasxbfnskxyvxsjgugrnuhdqfzplozdbzkihvnupaempvaohmkibaezsiqinysrspslgnq
xfvemlcbdgddxbrpocqlxlphjcfodtkdahhmukpxssapwuuwpassxpkumhhadktdofcjhplxlqcoprbxddgdbclmevfx
wwfwhsnhirgoggdtwugvbadtzaffiimhfrdmlqvwkdkqkplgjtdntggsglyrwmybfdnrtkpfozxyrjgccjpwsyqylqrhcrikuxbqiqvyrtykegpggpgekytryvqiqbxukirchrqlyqyswpjccgjryxzofpktrndfbymwrylgsggtndtjglpkqkdkwvqlmdrfhmiiffaztdabvguwtdggogrihnshwfww
cddxaescelrpwcjoxtsgehydaipmxgxcjbzlhtqnehccmmsjfkrkuspuaeiangcyjdkswagchkevwxgegxwvekhcgawskdjycgnaieaupsukrkfjsmmcchenqthlzbjcxgxmpiadyhegstxojcwprlecseaxddc
rjtgvrianlwyziasrkdzhqpsgnfpahetszzotjqgwoeywhqnrvoymfsutxjvgnozpppiyfqvuvtsclgvhwvvenpxmasvniuexloxsfuocphgdpdghpcoufsxolxeuinvsamxpnevvwhvglcstvuvqfyipppzongvjxtusfmyovrnqhwyeowgqjtozzstehapfngspqhzdkrsaizywlnairvgtjr
uoaycdmuedmlkhczzzhqdnivxmflelyabayfdmbhpnubvwdwykmbyxwxjejqrjqsjryodbxvpswmqziomuqmtojdsutjflcoccegdcbuwzgmbqbnntzghiihgztnnbqbmgzwubcdgeccoclfjtusdjotmqumoizqmwspvxbdoyrjsqjrqjejxwxybmkywdwvbunphbmdfyabaylelfmxvindqhzzzchklmdeumdcyaou
xpgiqolsondxkvyybkzijljrtqmsqafpqlxgbiaqxfphcngdyhnjszcnrofhpmwfavnbdptduimyysbybqjvpljjbqqqdpxdkmgqbctxmfvkaykdptzggkpiagaipkggztpdkyakvfmxtcbqgmkdxpdqqqbjjlpvjqbybsyymiudtpdbnvafwmphfornczsjnhydgnchpfxqaibgxlqpfaqsmqtrjljizkbyyvkxdnosloqigpx
uouiitjcymlumzczjtxovxwccvxgrluozoyhjhliwweiygjhagvvetzirwoihkyjywqkgesccwmafvihdfehbdssbiibssdbhefdhivfamwccsegkqwyjykhiowriztevvgahjgyiewwilhjhyozoulrgxvccwxvoxtjzczmulmycjtiiuou
zzdxftquqxqbsbpohfkdzzetswmuxcjwbnviimdylvbezrugwelxepswmesjgchjrfsztxagubmvshdqlpprehqslilsqherpplqdhsvmbugaxtzsfrjhcgjsemwspexlewgurzebvlydmiivnbwjcxumwstezzdkfhopbsbqxquqtfxdzz
jlshaluqoawffeqwardqifcnvkphyeihpbqromhdogiwkysmsxecegpzqggqkrzcuptiedlsjvovugjojguvovjsldeitpuczrkqggqzpgecexsmsykwigodhmorqbphieyhpkvncfiqdrawqeffwaoqulahslj
cuhmtzdbthuvaeksbttptumiglvysbaxvkjqlotexnbztmsvvsmtzbnxetolqjkvxabsyvlgimutpttbskeavuhtbdztmhuc
wayiwlliddiuesvjjsmcjwwtkrdyepaaqylolwwobflfziricdklajekajkgbkjrkwfwsemwjxbifsshyeuanzmqkzwllhewdmuyqiubbuiqyumdwehllwzkqmznaueyhssfibxjwmeswfwkrjkbgkjakejalkdcirizflfbowwlolyqaapeydrktwwjcmsjjvseuiddillwiyaw
nlaubswpmkjxzpqkmjgxcygxswcsyrhmfjigcewqqhnryeclpiiriqobmsvnjezonhxrnvhdcxvbbzosjyjspzvdrqqauruaqqrdvzpsjyjsozbbvxcdhvnrxhnozejnvsmboqiriiplceyrnhqqwecgijfmhryscwsxgycxgjmkqpzxjkmpwsbualn
ikgvhfmhsewarrgpetvgdgujmmdwxcgipodwtrdnvzpmryexrzdxhygvmkukmaubrxxmodalcrxvpbsjaygkymfkyzwncqqtpoffrhqvzqrorllrorqzvqhrffoptqqcnwzykfmykgyajsbpvxrcladomxxrbuamkukmvgyhxdzrxeyrmpzvndrtwdopigcxwdmmjugdgvtepgrraweshmfhvgki
kjtxkrxhabfwyziwxmmmzesywufxqgzcpvzcmylocqmaswwpjkdirxinrpmjwlmninpvmblotaqlwncfzgqqdaadqqgzfcnwlqatolbmvpninmlwjmprnixridkjpwwsamqcolymczvpczgqxfuwysezmmmxwizywfbahxrkxtjk
upjmxrlwxqcusoowcenyteqkaycduaaudcyakqetynecwoosucqxwlrxmjpu
czoniegzqwvibkkrcurogrsdlzsumkuokibumjteiqpjczchvtxblpfyrzudlrrxzurofmunejwhhwjenumforuzxrrlduzryfplbxtvhczcjpqietjmubikoukmuszldsrgorucrkkbivwqzgeinozc
rvvisjcdrclifnocuptqbtkfwpwezcxqatbuedxvhkdmzrrvgkmkfypbnohmsffsyiocnnavxdhyvyudigiduyvyhdxvanncoiysffsmhonbpyfkmkgvrrzmdkhvxdeubtaqxczewpwfktbqtpuconfilcrdcjsivvr
ltsarcvtiosmfizmhytklkpxdpbwhhtvdlxuotnyjhhjyntouxldvthhwbpdxpklktyhmzifmsoitvcrastl
gezyovcsfdugasvcsdsrlpgvmzzrgxbodcouxqoeoqxuocdobxgrzzmvgplrsdscvsagudfscvoyzeg
mbjwxsadhxoqjutcyneduoburrxxtiehmpfjifmpechqwasvpyajobdfucepnlwzabkiiyznagfyixtxxvilyoquqwjdhfciiosrsoiicfhdjwquqoylivxxtxiyfganzyiikbazwlnpecufdbojaypvsawqhcepmfijfpmheitxxrruboudenyctujqoxhdasxwjbm
tpfcnmkubnshswrfaprvjpkbggjqrgcmvkrjwddxsxfktwptnjoxabyhjhzcndrlniujlzjdzqnsoembpcaqqacpbmeosnqzdjzljuinlrdnczhjhybaxojntpwtkfxsxddwjrkvmcgrqjggbkpjvrpafrwshsnbukmncfpt
qvpummmjoyevsvfizdbeqjixcduurnqhkgdxsqijqogkjnskqwoghwwhgowqksnjkgoqjiqsxdgkhqnruudcxijqebdzifvsveyojmmmupvq
qtimoonpglfsvvyurjekmoyzstgdqajivrwjhkynxgisdgmussfgjfhdaoisqralkxxsjxfgdpahwodqgkyprfvtvdllvozflyylfzovlldvtvfrpykgqdowhapdgfxjsxxklarqsioadhfjgfssumgdsigxnykhjwrvijaqdgtszyomkejruyvvsflgpnoomitq
jujxbpnfnmhcxiiizmoskkgchyeywueipofsduxsifvgpdqorgibrrfaplyngfvxtcpyxorfvoovfroxypctxvfgnylpafrrbigroqdpgvfisxudsfopieuwyeyhcgkksomziiixchmnfnpbxjuj
hmogzmvwepprpynlpuxbhhobfkpvvfrdrflstipyxgrogezvyyyifmjmyyhtdyywfjrzrgzqossoqzgrzrjfwyydthyymjmfiyyyvzegorgxypitslfrdrfvvpkfbohhbxuplnyprppewvmzgomh
ncrwalvrrgikmhrwtkujruexnxmyuudjzvfbiaucjdmxkdtfnnoghvfxusxpoaopxsuxfvhgonnftdkxmdjcuaibfvzjduuymxnxeurjuktwrhmkigrrvlawrcn
zfzujhcfgjvzjvdnqpjgvbpvoahgkusjztdiaipitmkeinsaebizexuvzedkyxvxqbhtlxbelllvbdvhgejmdfjdjophlkgeloxynadymqwpvrwbxfpblbblbpfxbwrvpwqmydanyxolegklhpojdjfdmjeghvdbvlllebxlthbqxvxykdezvuxezibeasniekmtipiaidtzjsukghaovpbvgjpqndvjzvjgfchjuzfz
rbhwrztjfeuvyrrlkdjeeixqfjwiumcmolkhlerqkllllllkqrelhklomcmuiwjfqxieejdklrryvuefjtzrwhbr
tpeoqtxqztaolqbgpzwsgjbadhzrtkunuktrzhdabjgswzpgbqloatzqxtqoept
acbskhumsivzbhdohhebvzfuwjytcrmfuoxgxrspbnrcwusddwgawmusxunamafiqeqnxifzxwdtswxysdyqrtkpnyrbaylscbfzjmygiccdazbsczluuvlkvcnxabaxncvklvuulzcsbzadccigymjzfbcslyabrynpktrqydsyxwstdwxzfixnqeqifamanuxsumwagwddsuwcrnbpsrxgxoufmrctyjwufzvbehhodhbzvismuhksbca
uiqtcyjpgaqnzfbovglrpoyuesxknhoirebuenlknbaoibcffcbioabnklneuberiohnkxseuyoprlgvobfznqagpjyctqiu
qgfkgbntybkdfnopowzfmmwvhwhbkxsadxnjaceyfpdmdpfyecajnxdasxkbhwhvwmmfzwoponfdkbytnbgkfgq
