xpyuvziavmjkrocbphqlctmlnxnigkrfapzxqkzmwjwqzarrjhclcozpnoyvyrbaiczymzmlilbjlscxbfidvjjvdifbxcsljblilmzmyzciabryvyonpzoclchjrrazqwjwmzkqxzpafrkginxnlmtclqhpbcorkjmvaizvuypx
atjlekjseddaxpgvrmxpistenzxeceffzqqgbzafedfbsnxjbwbkpwqevoiauqfwgvchucoyftaaizlkvmumlkqgazgxrltxivfcztdgpfgxgujbgdgbjugxgfpgdtzcfvixtlrxgzagqklmumvklziaatfyocuhcvgwfquaioveqwpkbwbjxnsbfdefazbgqqzffecexznetsipxmrvgpxaddesjkeljta
kinnumqjdkwscgyaaaqnnrsobgrpybykjoxeapngblaftyfvyyyvfytfalbgnpaexojkybyprgbosrnnqaaaygcswkdjqmunnik
azhcgfblqtmzveokbgcuwerfmmrirattacvgkytasgzpmozowbktfdatprcjtxctbaclyvlsdnhqdiezkqurtwnjprujjurpjnwtruqkzeidqhndslvylcabtcxtjcrptadftkbwozompzgsatykgvcattarirmmfrewucgbkoevzmtqlbfgchza
ibbnbkpaesfjzlcfhlvvjgzgsebwgvnpyqebdtbhnhspuwwbhrxqxwzrdanjwdywveyyxziniaccxyggpfxobwggyvquaqtwvrusqehbfjdedjfbheqsurvwtqauqvyggwboxfpggyxccainizxyyevwydwjnadrzwxqxrhbwwupshnhbtdbeqypnvgwbesgzgjvvlhfclzjfseapkbnbbi
oxsiysfgzlucunaimdraexpgjappjzozxijxardbczewoegbjzbnwswiulxfnlemwqjyhoalnghbmqevpfiozgwtutahghvexedesfphlykxqpqxkylhpfsedexevhghatutwgzoifpveqmbhgnlaohyjqwmelnfxluiwswnbzjbgeowezcbdraxjixzozjppajgpxeardmianuculzgfsyisxo
mosapmewjtnorglpgcuzoluzlwqcpoeceycvkiswbhmupxkwzgxpttofphjgxpidonnodipxgjhpfottpxgzwkxpumhbwsikvcyeceopcqwlzulozucgplgrontjwempasom
gghosufwinvjyovossnylekwnjqsbmiqsrekmjiuyedysaonsblffxbuhupkgxaapgndrvxrzcrucfhuiuzuiuhfcurczrxvrdngpaaxgkpuhubxfflbsnoasydeyuijmkersqimbsqjnwkelynssovoyjvniwfusohgg
fwxaqmbpfzozmxzsfmyhzzzobparhklohiqzwsqcrfbdccyjqyqpzpebhgsqrdgaoxzkprmiwpnatnjklczltfmamgsfkzkfsgmamftlzclkjntanpwimrpkzxoagdrqsghbepzpqyqjyccdbfrcqswzqiholkhrapbozzzhymfszxmzozfpbmqaxwf
lfznrncdyggcxlhmmnpslthndpmjzmxjswwlmbrmjxoglxsxnkpyfzniqcurotagsyugblskiitvfnsuxkvfjipbkkbpijfvkxusnfvtiikslbguysgatorucqinzfypknxsxlgoxjmrbmlwwsjxmzjmpdnhtlspnmmhlxcggydcnrnzfl
sodsztnxtufczmtddfoxspgzshuelsbdihxickfwfkcixhidbsleuhszgpsxofddtmzcfutxntzsdos
uzeljilyolnriazkhagbytpgvdrutwrpywajgohwbunkxpwgrekpxbvveopznjolhqwnedjgzzzgjdenwqhlojnzpoevvbxpkergwpxknubwhogjawyprwturdvgptybgahkzairnloylijlezu
igbguklycemnixrwjqvqqanphhbjucvckzkelwenctcnswjbmgtcggrnpuyjyuoivaogyvvboyqgubjgickqkdgzxelvabfvbtbcoxfexvmrwvzgzjxjmdjljwwjljdmjxjzgzvwrmvxefxocbtbvfbavlexzgdkqkcigjbugqyobvvygoaviouyjyupnrggctgmbjwsnctcnewlekzkcvcujbhhpnaqqvqjwrxinmecylkugbgi
vcvhcjmeuwuptxfrxehyofpjotwbxbcueybijpmdljvegaxdggdumteaocbnedhkdkunzgqmrntxtnrmqgznukdkhdenbcoaetmudggdxagevjldmpjibyeucbxbwtojpfoyhexrfxtpuwuemjchvcv
wrowlhttsduijdjplyknvbuezzsfaprzjfvumqpgujqfozuzxhmtiizjhrqkgijppglewakqjbyzcszcbnxjywvfnnrtvalnnlavtrnnfvwyjxnbczsczybjqkawelgppjigkqrhjziitmhxzuzofqjugpqmuvfjzrpafszzeubvnkylpjdjiudstthlworw
eqeqjrtacpmiebytosldiesieubpaayhqexzwqbyhqhmrfhfxsjixdqdzrsarshjxejvwmteccquhzbhskrrqhupbopujweicpdzbwfebxaiiaxbefwbzdpciewjupobpuhqrrkshbzhuqccetmwvjexjhsrasrzdqdxijsxfhfrmhqhybqwzxeqhyaapbueiseidlsotybeimpcatrjqeqe
gfoydiayfztidyqamztrjbiojydygmtmthnwrnwwppguqxqugppwwnrwnhtmtmgydyjoibjrtzmaqyditzfyaidyofg
tzmnnlsughketpwilzewyfdwavmilnmhmbuboowvvibqazblyhjynmvphjzvwmclpymdmiahtdatdbgbipaxdxnngmidamopkcvwnxfgbfbeihhtyhqbgddgbqhythhiebfbgfxnwvckpomadimgnnxdxapibgbdtadthaimdmyplcmwvzjhpvmnyjhylbzaqbivvwoobubmhmnlimvawdfywezliwptekhguslnnmzt
xvqdleyzkqmuxfsqjpcedrmoufmrfldegwhucivmyjgxqanarsgvlulfzzzeleitaspccnqawwapzprsjxpuracqcbwnfggiaymcldfjbfycupvemkaddakmevpucyfbjfdlcmyaiggfnwbcqcarupxjsrpzpawwaqnccpsatielezzzflulvgsranaqxgjymvicuhwgedlfrmfuomrdecpjqsfxumqkzyeldqvx
wzbhpvgjcumrjariagimbavmnkshfcqdbrkqpsaromkyobgqjoclqxxfhrmotcruuekjymanbklpnrgwhkjziierbqgutzqnddycpapqmcizvoxeyjjyexovzicmqpapcyddnqztugqbreiizjkhwgrnplkbnamyjkeuurctomrhfxxqlcojqgboykmoraspqkrbdqcfhsknmvabmigairajrmucjgvphbzw
chvfbewyotwtrsuocphllvrxamnqxoibwdgzhexxytrrnlipcrconunpichfrphpupoeunbuiulvitmklqyammpvoxxovpmmayqlkmtivluiubnueopuphprfhcipnunocrcpilnrrtyxxehzgdwbioxqnmaxrvllhpcousrtwtoywebfvhc
bbbflpacwdyaakrwhixsomnewacrexlgbmlodnraqpcrbupicmcrbpxzqzswzecaqpowdhwvxaoauelzsnstfpsxrltsryuhnkfqsdmpearaeczzsttszzcearaepmdsqfknhuyrstlrxspftsnszleuaoaxvwhdwopqacezwszqzxpbrcmcipubrcpqarndolmbglxercawenmosxihwrkaaydwcaplfbbb
mfpzhmosugubuxkqgkzqnmtxxsjtoticazbinpcixyltwwkcijuvvpvvkeoyzyabzdlnvoxsmkokiyoqjjofyjckpqiorkrqqdflrcffntqvrgodpciqnmacelsvxjonnojxvslecamnqicpdogrvqtnffcrlfdqqrkroiqpkcjyfojjqoyikokmsxovnldzbayzyoekvvpvvujickwwtlyxicpnibzacitotjsxxtmnqzkgqkxubugusomhzpfm
fdxbvalbadblgjjlttdhdcpfcfzkgjznmwpkxcnzhoknxtaqofatjpzmxyydhxswwjgvmtutkejhzlantcjcriqqgpvpoolmxthlpbfzhqiidkywmhhmwykdiiqhzfbplhtxmloopvpgqqircjctnalzhjektutmvgjwwsxhdyyxmzpjtafoqatxnkohzncxkpwmnzjgkzfcfpcdhdttljjglbdablavbxdf
epbdtgfdvtcspthpxfqxosowlxedtkmzzpcuyhytaanrvugubwsppiocfuhaevzfkdaikydmaqdwnmsqimizuydbskdxfccsfecrcifdalbpxvgfiqhcokggxjfcokwvwkocfjxggkochqifgvxpbladficrcefsccfxdksbdyuzimiqsmnwdqamdykiadkfzveahufcoippswbuguvrnaatyhyucpzzmktdexlwosoxqfxphtpsctvdfgtdbpe
wjuyfeesnwjnzbucmpxvciaccnhlerlabfygkfaxdlmcohfayeyanyerreynayeyafhocmldxafkgyfbalrelhnccaicvxpmcubznjwnseefyujw
zjqhfnothfmhykzwvmkirrwqmztrfcehnvoskcmrhazikaghorphinzwosptvuckrsdddsrkcuvtpsowznihprohgakizahrmcksovnhecfrtzmqwrrikmvwzkyhmfhtonfhqjz
kzgdxbwdcrppxfzjaruybbbaafpehfsteaydduignyxkdwwfpqestfswmjavrvovxobbkjjyjiknhguwyypudjqstsnmpehnskqduzzudqksnhepmnstsqjdupyywughnkijyjjkbboxvovrvajmwsftseqpfwwdkxyngiuddyaetsfhepfaabbbyurajzfxpprcdwbxdgzk
oofmkvrhhsmuvsdnmfyhdghbwlisppcddkrohkxocjlycqlqyjzbrgcntkiibmnfwhvfrswuchugxhyxsyyjecxanhiqtyvqfqxyjttjyxqfqvytqihnaxcejyysxyhxguhcuwsrfvhwfnmbiiktncgrbzjyqlqcyljcoxkhorkddcppsilwbhgdhyfmndsvumshhrvkmfoo
mripgmabnikgsnnavayqsdzsifiathpfyxuemxhzfshzhwzdxxvrbujlcunvbcazcwfotmpagwcosbtrzoicjunlodirfishsifridolnujciozrtbsocwgapmtofwczacbvnucljubrvxxdzwhzhsfzhxmeuxyfphtaifiszdsqyavannsgkinbamgpirm
rdmimcqoldktvuyomfegxyiagkmkznwqrkbdortzxfvsztjoapuxpeepxupaojtzsvfxztrodbkrqwnzkmkgaiyxgefmoyuvtkdloqcmimdr
scojtetspihiuqtheckpyblythjbbfzthpedvavkkcsesomxqwoqyzotgzvjewfollrgnmsxqmeiaqhtoxjowaiezdqgbxumknuyboxrabzbtjwkgfgkwjtbzbarxobyunkmuxbgqdzeiawojxothqaiemqxsmngrllofwejvzgtozyqowqxmosesckkvavdephtzfbbjhtylbypkcehtquihipstetjocs
anctcmmyxqxoagdtiygkobqqysaogoeiegdgvqguugqvgdgeieogoasyqqbokgyitdgaoxqxymmctcna
bvpgtizddwdfnbqxtovjfxhkcokmipnjmepffpemjnpimkockhxfjvotxqbnfdwddzitgpvb
kxfmuetnzkfewkjuatlafdurkovyujlejqtdwmqywwcuinolhclofhgpvbppmdwxvpbubrszpwtajklsmyhtfpkcszsgeqeahfukyolqloykufhaeqegszsckpfthymslkjatwpzsrbubpvxwdmppbvpghfolchloniucwwyqmwdtqjeljuyvokrudfaltaujkwefkznteumfxk
wtoexbmmwbeinalawnyaructdlcaijoeecjdgvsccsvgdjceeojiacldtcuraynwalaniebwmmbxeotw
zyrpnalnxhuifrmkawvinkzqmhwocoxdnoscqgropoyuhmfhicqyprobamsdbrgqgbuyjomycmujybtjelhvcxwfjqkmiqeqtboepderpzcqavzggiblfaflbiggzvaqczpredpeobtqeqimkqjfwxcvhlejtbyjumcymojyubgqgrbdsmaborpyqcihfmhuyoporgqcsondxocowhmqzknivwakmrfiuhxnlanpryz
kfssyylnakascupfjlmuuygfrttxyzckgwfewstyctqeqgkztytpzbvqwqnwrrjxpodngxmiscpikbjdzetyfqqdgfaawjxnzbdfappstebefmjhrehyuycddedcncrorcncdeddcyuyherhjmfebetsppafdbznxjwaafgdqqfytezdjbkipcsimxgndopxjrrwnqwqvbzptytzkgqeqtcytswefwgkczyxttrfgyuumljfpucsakanlyyssfk
acnusdqcaygrgbsmgtyckudnzmidqrcrtrnnwfpwgyqmziagdakovnbwblaucenwvalshdqnbgbcqdiuevkzknvmyxgbbtzxvmrepjussvvkbfgffgfbkvvssujpermvxztbbgxymvnkzkveuidqcbgbnqdhslavwnecualbwbnvokadgaizmqygwpfwnnrtrcrqdimzndukcytgmsbgrgyacqdsunca
vjqhnklmkncawealepkgcxntiapbmfhvoxddhqstdwtcatnelylpxaigczjoeqjupmywdqrimkkofausahhxhpdlrozvejqtxqrcgiluuxiaxcsxkaxtrcfirggvpwrpmprwpvggrifcrtxakxscxaixuuligcrqxtqjevzorldphxhhasuafokkmirqdwympujqeojzcgiaxplylentactwdtsqhddxovhfmbpaitnxcgkpelaewacnkmlknhqjv
rdsilqvqfghsquedzhveamtzsidpalrrojbbzwrhfazvweawnvcpkxqcgtrgekxutavvxoeerdbnjblywonildktzezdzeztkdlinowylbjnbdreeoxvvatuxkegrtgcqxkpcvnwaewvzafhrwzbbjorrlapdisztmaevhzdeuqshgfqvqlisdr
csfvthwipsmftdfyupjsuhiexsojtahwvproyoxqglvzpczjrkkrjzcpzvlgqxoyorpvwhatjosxeihusjpuyfdtfmspiwhtvfsc
gounxfckkjezhszlatcguufcivgpaqvhgqwexyokjujqmkeoegvyacckzibzaxghpclmdbymvkkvmybdmlcphgxazbizkccayvgeoekmqjujkoyxewqghvqapgvicfuugctalzshzejkkcfxnuog
zzoqcvwofynoilekrxcksfpeprcrudetcsmhqivvhllpypbpndzflqlchptesxsetphclqlfzdnpbpypllhvviqhmsctedurcrpepfskcxrkelionyfowvcqozz
wvoicbwsuvtwhnvroysnnrviisbyoxnlsevwfrqzojyxytpnujchayrlqsjhrxumdpiiizkwkikwkziiipdmuxrhjsqlryahcjunptyxyjozqrfwveslnxoybsiivrnnsyorvnhwtvuswbciovw
nmvbdoibdcubeponogwnymuojxggqxvfmsgpirsmvmpzceosmkfnycbhzhorflwrfdinwbbrnrsrxgmltryrtzbvjrmoejjeomrjvbztryrtlmgxrsrnrbbwnidfrwlfrohzhbcynfkmsoeczpmvmsripgsmfvxqggxjoumynwgonopebucdbiodbvmn
scmlbyddydfflkrefznfuxmjtnwtqpgktvvuvbztgearrsvwrlboknzecwzungehdadyddujjubaoywilaywpxauvboljtjlobvuaxpwyaliwyoabujjuddydadhegnuzwceznkoblrwvsrraegtzbvuvvtkgpqtwntjmxufnzferklffdyddyblmcs
mqfyxncciukgqsizfelsskyltvwedxjpnopmcupmobtetddyhqscarnvmlbpklgyzymbsbogejkxmpyvhqzhjmcxaeokpxkoxxspaivfrhedyeyhxyoimqmioyxhyeydehrfviapsxxokxpkoeaxcmjhzqhvypmxkjegobsbmyzyglkpblmvnracsqhyddtetbompucmponpjxdewvtlyksslefzisqgkuiccnxyfqm
ypbfmywwuzcyavyhlvebueuobparmulkjnpyloufnyfptdyhydishdikukeiepsqekorykynjddeibnigwaqbkaxvefbwxrcjhuhsuvdyajiijaydvushuhjcrxwbfevxakbqawginbieddjnykyrokeqspeiekukidhsidyhydtpfynfuolypnjklumrapboueubevlhyvayczuwwymfbpy
tnjpbiscqjajkgfncjlrefhgpxyvvnkrbvicdagtkgfwpklrwxkaeriwqjrmyddbylebnmxxtewkohbkgmnnfxjwiakhfpidcogpbfpwjlgasjmbmjsagljwpfbpgocdipfhkaiwjxfnnmgkbhokwetxxmnbelybddymrjqwireakxwrlkpwfgktgadcivbrknvvyxpghferljcnfgkjajqcsibpjnt
zhtmpdrdevtephemzzoalynjdugcnkfmsyajdsohnhndqsrpthsgghpldvoqfvfzwfkzzbjpkysbslqltkrbrimudcnlyumuzzvbaeqkdklxvejqqctilgeqitdinqepeqnidtiqeglitcqqjevxlkdkqeabvzzumuylncdumirbrktlqlsbsykpjbzzkfwzfvfqovdlphggshtprsqdnhnhosdjaysmfkncgudjnylaozzmehpetvedrdpmthz
nsbudbtcdfkcsvqwzlihxckiyobnkwasobmscfuhmhjeeaadnknmmzunnxaxucrkdgchnzoaiaeeaiaoznhcgdkrcuxaxnnuzmmnkndaaeejhmhufcsmbosawknboyikcxhilzwqvsckfdctbdubsn
nguaflfrysvjkcqmzwdsrdafqkdtikgwqbwvodomymxionunjzhbchcbhzjnunoixmymodovwbqwgkitdkqfadrsdwzmqckjvsyrflfaugn
qisvvnsjkjzqxqhnqnjoxcnudwnfehxusrrnekxqvwgvpnkfdtvavixagmfktehnwabckykcbawnhetkfmgaxivavtdfknpvgwvqxkenrrsuxhefnwduncxojnqnhqxqzjkjsnvvsiq
fwwfibchygytnaeuupjzxmnyjgeqhzlmxitgjvnjdneqolnicwkzkxaudemmgazdisjtqzftojmcwznzxzaiwaebhsopsnsahewxfbttmfyjgnkdmknknrnunrnknkmdkngjyfmttbfxwehasnsposhbeawiazxznzwcmjotfzqtjsidzagmmeduaxkzkwcinloqendjnvjgtixmlzhqegjynmxzjpuueantygyhcbifwwf
btuiyttzakldekwjprmndlnrebtsuiexczfaszatlnyqaubplncrbrkhsdaomelodrqysqtferxemztzmxsnocxiixwudhkjaahutcaztxdhwyjlxballabxljywhdxtzactuhaajkhduwxiixconsxmztzmexreftqsyqrdolemoadshkrbrcnlpbuaqynltazsafzcxeiustbernldnmrpjwkedlkazttyiutb
pxxmpztkirkfufqjsuredlijflrhhatxxqlorgabakhurxfktyqwmzhrkzytztsyjgncmpgmanirinamgpmcngjystztyzkrhzmwqytkfxruhkabagrolqxxtahhrlfjilderusjqfufkriktzpmxxp
bmpiczwunbpqfjjyyolbbnteofurgnjjbbrfcqbrrrhxcqxagichyxnmekgmzpvbspgufilybsxdkvgsfiadfpslzyxzpsspzxyzlspfdaifsgvkdxsbylifugpsbvpzmgkemnxyhcigaxqcxhrrrbqcfrbbjjngrufoetnbbloyyjjfqpbnuwzcipmb
jykgorfuppulieoqvslciotsmlvwzrmupycdphzgxvuhzkxwciylzuflhckitydiwfnnpoumlqtlasjccipbewplyzvtztvzylpwebpiccjsaltqlmuopnnfwidytikchlfuzlyicwxkzhuvxgzhpdcypumrzwvlmstoiclsvqoeiluppufrogkyj
msrhtkniszmtlptbioizydjnlvpqcscqlvaggpoaocvarpbbdldbomqzjfroatelpetxvjxkmumffmumkxjvxtepletaorfjzqmobdldbbpravcoaopggavlqcscqpvlnjdyzioibtpltmzsinkthrsm
cmagwwbgmgxhxxeycaegwwzbbrxdqbsunudlsgshmrqmouksuoysnzvqsutlvnvltusqvznsyouskuomqrmhsgsldunusbqdxrbbzwwgeacyexxhxgmgbwwgamc
wnhhdqxtubngsafkkkbhfgerjguyeepatyhxphqjkfrcgwoshrbmafflmajsebsxzcwqlnbvssaapqsyitmibstnsehyfbfyhesntsbimtiysqpaassvbnlqwczxsbesjamlffambrhsowgcrfkjqhpxhytapeeyugjregfhbkkkfasgnbutxqdhhnw
ccterahmwteititbjqeoqvwjhygsfugizzmqztexoifhtajcrpthmpstnyntstbtupluiptwybfrbqvuhobuftpttfomyrhtgttgthrymofttptfubohuvqbrfbywtpiulputbtstnyntspmhtprcjathfioxetzqmzzigufsgyhjwvqoeqjbtitietwmharetcc
fdipaaqtbhwozdmmaffsgmvcruhczuxgahvchnwkwnhcvhagxuzchurcvmgsffammdzowhbtqaapidf
lxqrkuweayffhekujscwuzeklkqrsotelmxygvcgvhmdnyzytbxncbznlphffcjtojruetdadrfsperifqvjruwelfjtivmweftkywmdnrwevpncfklyylkfcnpvewrndmwyktfewmvitjflewurjvqfirepsfrdadteurjotjcffhplnzbcnxbtyzyndmhvgcvgyxmletosrqklkezuwcsjukehffyaewukrqxl
lposgyyekmocpzrbvvkusbvpuzqjdvkqlzitzixjunljncmkzxhtacathxzkmcnjlnujxiztizlqkvdjqzupvbsukvvbrzpcomkeyygsopl
njsftcxrocewmwwzrvaecjyteoxxdmmtxeyqgvkxaovmmtnfoqlqzjmgzldfxryuvymdtwcvmxhasxfhnqnhfxsahxmvcwtdmyvuyrxfdlzgmjzqlqofntmmvoaxkvgqyextmmdxxoetyjceavrzwwmwecorxctfsjn
kqyzvsmiytxgjhfgaddfencwsuviadjhthhrctbaozhxiogisjnyysvqmsbmvmvrtckvxlylkhltxrdpctqdlnvnldqtcpdrxtlhklylxvkctrvmvmbsmqvsyynjsigoixhzoabtcrhhthjdaivuswcnefddagfhjgxtyimsvzyqk
gmagzhjbnefodknzvlpaembrhlitjfjstkaurkvgocwtmjsjxkmbwnsgycbkjkefwezqoxwfbtyqetzbdldbbxjbcknnxrstwujmrirudskhlkjqxotaldepnttnpedlatoxqjklhksdurirmjuwtsrxnnkcbjxbbdldbzteqytbfwxoqzewfekjkbcygsnwbmkxjsjmtwcogvkruaktsjfjtilhrbmeaplvznkdofenbjhzgamg
gzsafxqbsfiivecxbxbagkkfjrbzuzdayxcdusgoaqxvubvvyyxgjkmubpvvoyxovztrubiurhrliojinipyypinijoilrhruiburtzvoxyovvpbumkjgxyyvvbuvxqaogsudcxyadzuzbrjfkkgabxbxceviifsbqxfaszg
uyuewpkjvkdtavxviztmupjutbvtpaojaipwxzivklqmjnirndfhupepqzifbxbfizqpepuhfdnrinjmqlkvizxwpiajoaptvbtujpumtzivxvatdkvjkpweuyu
aazpoqgacvmnczpxhjlxlxpoilsutkqukpjyfrbknnxrompxxcvizmyhyretbunolyorqpddeausolqnonxpzwxzpdtsxggkfvdvkgariwjwibjyqhnqfmpupkmotttomkpupmfqnhqyjbiwjwiragkvdvfkggxstdpzxwzpxnonqlosuaeddpqroylonubteryhymzivcxxpmorxnnkbrfyjpkuqktusliopxlxljhxpzcnmvcagqopzaa
yzyverxepgatasxrksckjkinavawnfzmhyjlrgqipsepmbiwtnifxsszpuxdcxrjxawqiozzgdosgzrambhluzkjwkoyhfjghhwqwvreagzhfqjtrqgngqrtjqfhzgaervwqwhhgjfhyokwjkzulhbmarzgsodgzzoiqwaxjrxcdxupzssxfintwibmpespiqgrljyhmzfnwavanikjkcskrxsatagpexrevyzy
nbtxjygfugsoftutidlecdqkmfjmucujfpgpnmukuoyzhvupygwalmmxswsxmmlawgypuvhzyoukumnpgpfjucumjfmkqdcelditutfosgufgyjxtbn
gxjzuvxpwvryqnaxlqsqefbqfnqxiokoouqkrnzqisoafqytgsjkxkcfzvchlpyzjokcblsleillylegeqtdcvicsnlecjfnzrrcdknjuzutkbktuzujnkdcrrznfjcelnscivcdtqegelyllielslbckojzyplhcvzfckxkjsgtyqfaosiqznrkquookoixqnfqbfeqsqlxanqyrvwpxvuzjxg
bspajcbrjcdoptpsndojmphtowlgznmchbfqggjrknibgxtvckhobojpkuxjjknrnsjtatnkgvnoujjwtqmuevjorhzbbzhrojveumqtwjjuonvgkntatjsnrnkjjxukpjobohkcvtxgbinkrjggqfbhcmnzglwothpmjodnsptpodcjrbcjapsb
dkekyqlflmcuzoeebwwcboyymlnkdtiifntefgjrunnvbtaerwhtlhtzshkycsihhblpjxifkvbopbugzdzmktmfcydgslnapbraazgmuhalkxujatwnoissgvyaayvgssionwtajuxklahumgzaarbpanlsgdycfmtkmzdzgubpobvkfixjplbhhiscykhszthlthwreatbvnnurjgfetnfiitdknlmyyobcwwbeeozucmlflqykekd
aigvidndqkbqdrzwbogrtwkdzkjqztmbbsxjxmonwpfcjfyktgbocltbyctzvfaxzziwmxmkkmxmwizzxafvztcybtlcobgtkyfjcfpwnomxjxsbbmtzqjkzdkwtrgobwzrdqbkqdndivgia
tblpxcawvhxoeiipthokeehclpuncnjxqwpnypjwwimbqusmbhwindmzugoyvzwlwlywckszseclbuxedvoraasxjivehrqfcqchawgvbkgegfkkczdcbvzkdvrmmrvdkzvbcdzckkfgegkbvgwahcqcfqrhevijxsaarovdexublceszskcwylwlwzvyoguzmdniwhbmsuqbmiwwjpynpwqxjncnuplcheekohtpiieoxhvwacxplbt
varnoobxpcvvordznwexnhrwlmboumypopfefibukyparubgqhdeowcbldqfpowffdjklmexkvydyvkxemlkjdffwopfqdlbcwoedhqgburapykubifefpopymuobmlwrhnxewnzdrovvcpxboonrav
noiwepggmuhjkozalybvonpiblbnlupzkzvopbudydpiuokfmnccbrlcforqkiruhpkwshcqkragfnntapwdhjhozygkgygonrmfyoykharmnegqweewqgenmrahkyoyfmrnogygkgyzohjhdwpatnnfgarkqchswkphurikqrofclrbccnmfkouipdydubpovzkzpulnblbipnovbylazokjhumggpewion
klnlkuurewnadjqikyfqqparayzajnntbaglwaawlgabtnnjazyarapqqfykiqjdanweruuklnlk
igprqbxybpymcxsmclyvtglhehvumvtvdkotlnrofsdhrvwtiuqcadlgljczevwjfncsawifolpfhlbrftthxhpkqrjwoifvvhpvfxdvjsdsdejkzftymkicikmytfzkjedsdsjvdxfvphvvfiowjrqkphxhttfrblhfplofiwascnfjwvezcjlgldacquitwvrhdsfornltokdvtvmuvhehlgtvylcmsxcmypbyxbqrpgi
swejjolftqzdeecmngwpdazwrigytfamcgxlxkssbrvhyztlgrclrdjimpjfvltxstkrdcjgwgnwgijmanxtricdxnkuygtqzfjeejfzqtgyuknxdcirtxnamjigwngwgjcdrktsxtlvfjpmijdrlcrgltzyhvrbsskxlxgcmaftygirwzadpwgnmceedzqtflojjews
otpsrjtdmwuyrighcslkmwkeonxtjrwxknpcxlhllhlxcpnkxwrjtxnoekwmklschgiryuwmdtjrspto
otfwijlidyqckrthaedmqbbaivgchydxuiuethmwfearvuawydkoflqpjxrqxwqrgmxztjvanyrlushsvricfytoxngvjwoqimpdxndnnxyhphbmylrflkvjxccxjvklfrlymbhphyxnndnxdpmiqowjvgnxotyfcirvshsulrynavjtzxmgrqwxqrxjpqlfokdywauvraefwmhteuiuxdyhcgviabbqmdeahtrkcqydiljiwfto
uwewuahpfdwhiilmvrfugcjhjuvmujwpgbncbutjzsqkadywwescgdlrzifuuclafyeiuattslfupeqnklssqfmqormkvxmaxqlrsemkqssqkmesrlqxamxvkmroqmfqsslknqepuflsttauieyfalcuufizrldgcsewwydakqszjtubcnbgpwjumvujhjcgufrvmliihwdfphauwewu
tmnanxzelryqyudmwdyjpjoqylynmfshrhifejjpajgzdlncqnnfycywpwjbbdjtktarcjgfsogvavxqjljqxvavgosfgjcratktjdbbjwpwycyfnnqcnldzgjapjjefihrhsfmnylyqojpjydwmduyqyrlezxnanmt
jdqudviaergnpjewwpqozjsxukwcpgzylpurkdrqwzdlijjhzcxylqvfcthtcgspxoxpsgcthtcfvqlyxczhjjildzwqrdkruplyzgpcwkuxsjzoqpwwejpngreaivduqdj
auquiyispecmrzqubaaevgiqhbawlkmlhdhpdqhswkfnjxjmzksusakbdnxoxmcerjvubfparwpatzotlipficgopfcoocfpogcifpiltoztapwrapfbuvjrecmxoxndbkasuskzmjxjnfkwshqdphdhlmklwabhqigveaabuqzrmcepsiyiuqua
ahjglwbirzkxlrtspncgmhgcetddcelenxnzvqjpswodnivevzlhgtmnorronmtghlzvevindowspjqvznxnelecddtecghmgcnpstrlxkzribwlgjha
mdgzmbamtlhkrneaefafztkxeynwirfuwlwipwvkjewdsadyhfdgaoeeotdxmirjvnrmlmwvrsyludjdipkkdqottoqdkkpidjdulysrvwmlmrnvjrimxdtoeeoagdfhydasdwejkvwpiwlwufriwnyexktzfafeaenrkhltmabmzgdm
gsxjiavvyuulbyrrilvaeaapxkhjheqnznyhpvfoqzbtaskifhkljmagyhpfoiunvswnobdgdezdylnduxoelokjycroklbhgzwwbzcgfdjdqwikvwvkiwqdjdfgczbwwzghblkorcyjkoleoxudnlydzedgdbonwsvnuiofphygamjlkhfiksatbzqofvphynznqehjhkxpaaeavlirrybluuyvvaijxsg
nstuelplcexikgglhlqgrcdgtpeeqhddzwzejprnvovfwbrdojmflrlhgrnwzqcaobgzsxmoojtkmmqawefjvssdlfakxennftmyramhjhrvwjxsnediwwmidodimwwidensxjwvrhjhmarymtfnnexkafldssvjfewaqmmktjoomxszgboacqzwnrghlrlfmjodrbwfvovnrpjezwzddhqeeptgdcrgqlhlggkixeclpleutsn
ldkhbqsekvexfxrzmreeqnmwdyboivjtytccmugyskxxkozwidcaqqytpakxvtswouycqeairxibohzymbaeuyzjyjiuecsvyqxowyywoxqyvsceuijyjzyueabmyzhobixriaeqcyuowstvxkaptyqqacdiwzokxxksygumcctytjviobydwmnqeermzrxfxevkesqbhkdl
hpowqpbbujiinkdsuaancvdomnbuhoarfrnwioxezfmmsremrgawbfmppmfbwagrmersmmfzexoiwnrfraohubnmodvcnaausdkniijubbpqwoph
xyzmvhgcnvtddsiipqsoljqjscoirsgoshcqoisefllfesioqchsogsriocsjqjlosqpiisddtvncghvmzyx
gtnhwcfatctbnviwylzgxoxxpqemjobpjryftdfpfbqsybqwmrdlfaivsohbfkqobouxtzozcgtbhmztdeejeedtzmhbtgczoztxuoboqkfbhosviafldrmwqbysqbfpfdtfyrjpbojmeqpxxoxgzlywivnbtctafcwhntg
ghcctguxhpbmtikwktijnixuzbpbsugydjaxpxpxajdygusbpbzuxinjitkwkitmbphxugtcchg
plusqsuiesvamzbglaqmwbqunqfkiabxnxreqlmwdkwrjxywzokvrasetxqbzuanrtrjedfjndazcyvbogxfipldoegnyiarbtbfziqomrmoqizfbtbraiyngeodlpifxgobvyczadnjfdejrtrnauzbqxtesarvkozwyxjrwkdwmlqerxnxbaikfqnuqbwmqalgbzmavseiusqsulp
