P

RB

IYJFYJIRRIRFYIFIJJJRRWIWRBWRIFWIBYYIFFIYBIBFYWRYRFRIIWJIFYIYWJIJRBR

XXWHHNHQTIWNWITQTQIIXWDWIXNHHXNDNWNIHHNNDXTIQIIN

SNNXPIZSNHSHNNNIXSHSISPXSPIHXZVPSVZIINNVXNZIHHVSNNVXNPISIHVPPIV

WJPNJWMNVPUVTRTUVIIUORNNNDIDIIPDIUWSNTOMAJZUPIWRPDUOAPOIJZNMWUWWSDJRVRPSMSDJZIIURSZDZZM

EEETUPTTTUTUEEPPTEEPEEUTUETETTEETTPPUPEPUEETUEPTUEPUUEUTEEUUUTUPUTUU

XWUEEZLJMUZAPXQOFSAKCZBDW

SSTTTYTSTESYTYEESESYYETEESETYTTSTTYSSEYTS

HGQRTTQIAXJBRHPGR

YLXNXXGMHWGXKGDMQHFMMXQRDHLKNFLDFLFDLAAF

QRXOQQROXXQOXRXQXOQRQQQRQQOOQORXXQRXRQRXRXQXQXQOOQQRROXQRXROXXXOORROXRQQROQQOXRQQQQX

GJNAUERQPRUMRDFMGAMHSWPNEDHGZMRGQAAFZNRBJADDSNAJAHRGAHAFE

ZVKYPFXLTEWHCUFVYIDKCYEGEVWLPYNDJZJKYHGFWFCKPSUOWIKPX

QZQDTTADJ

UPDRJRJESFHHAKTXREAECOPKKXKFOJHEAXOCPTTHEJBQPTCUFBKFJTAKDATSTXOHBJUDJOEHEKCOCAJBB

VQKGMDGEPGWTQUGSUATCMECWKMASIWGEBIUABXGIJGJCEBBEKKTBTXBIUBUUPQAEJDTXKAQCIJ

CDTSHCIPDYJAXFFPXMQNIZWVHYCPCUFGVVMVGSGJIIAXZZHNDAOSUKGMZJAJTBKAGPOFDKPGDPGQHCUAIUBABXZJMACWJQHTBATH

ROIX

LSJCORRBXCXEDKSDKOCMTEWGJKDXOMOREKDGGTYGEKYOMOHLOYOJDERXJEXHOEKWSWRDQWEHCQB

TODAO

OEEIEEOOOEIEEIOEIOOOIEOIEEEIIIEOIO

PIBJRIILEEZHTZPJRHNRLHANTREJBZYPNBTTEGJNSGJIAEZNGZZEELOYYNSTLBR

KPPKWWKPEPPEPEPEEPEWPWPKWWEKKPEKEPKKEWWWWPKEWKPPWWWKPEWEKEWPKPEPPKWEKEKK

LGTTANZETGLAKADNTTAGAETNKGGZZNADNQEKQKADDNLGKATLTELELNDQNGKLAGGQDDNTKGEQETZKZKAZAGZQGEGQTZLZTETAG

BXXGGNXVMBMXNXXGXVGMMWBWXGVXBXVBGWWXXMWNMBNMXNVMMWWGGXBWGMVXMNNBXVNXMWWMXM

SFGHYOGBDBBVIZOCIQFCBZSLY

MLMMMMLOMMMOLOMOMMMOMMMLOLLMLMLOOLMMLLOMMOOMLMLOLMMLLOMLMOLOLL

UUUBBBPPRVVNTRBVEVPLRWDDVTERUVRDVLBPUTDURNLDW

CBOGRXONE

LKFXFGMHGDRKZORHKCANEPSVGYEDTMRWSMWCWEFNQXTAJNXGMSJDF

PQAVDQHSAYPMYDFMAMSAMOYDSTRTDTMFMYRSAAFFVVVYASOVYTHTPPHSTASPTRVOMVOODFHPYDOV

LMLCTWTFCLIWTSZFHCFZLHXFJXFWJFZZOOHZXXHTTZLOFMXFPC

JUJXNHZXUUNHUZUFVUFMOFNNO

YMBMEJDBBYEJYJIMMYIYDBMIBYDYJEBEYJ

UAVPSWVPGPTPUHHU

QHVVIWDOWYNZYGWQFYHDLDGCDNOTUCCDFFGOOIJQLZCFYGCOJOAQGDSCJBDHUMPGC

AXUIASSPGUFXFIGIXXPVXFIUNYNYSXGSPYAFXVPVFASIYANNNIPSFXYUNISASXIAGAPVAAYVNYS

DHGKYZJNWGQQQZMRXWCMNKYXP

FLTLEWMRUBBCXZLZJSORZLXTBJCXSJLFBJBWGTLIRWTETITWZOIZEEISCTLOQOTZXEGUOVBJUREOYQQU

UHLGHHECLYYPOEDMDYBZBZABHCHOUMPEIPZWYQQEQYPGQGGIAIBH

VZEVTADVCPYQODTDETYOVMZHAACJCVZZIHTVZOHVCAVVJYQTYIPAQPWITYPYITMYAPWCHYDJ

QTXLPXPSTQQPXSXELSSLXEPJQXQJXPQTLQEVJEVJLLTLSQTSSXLXEJLXXTTJJSTSJL

DPQBZUPPPCBZSPFUGGFQPQNSU

QCMIYVYUQUJEFCFUJUAYYXEUEYJYHCVAHHWFCEVUWXEVHEQWFHIIUUCUIYMHUHYHFXAJVIUQZEAWCEEMVUXUJVEJ

KFZLLVFMGJPMLIKFJGIIQ

HRAOZODDCFZLLZFNTDRLNRDDLCNZHLLRHTOTTRHZRZCOTFZACHAARTZZFAD

MPPHLMMUPHFHMIFJCWERPFPPOQWYJGVRFA

JSHZCHZJMKOMKPYQUHUPCMQYJSJQYJKMOQJ

TLMGXWJKGTNWNQYJJUDVNBTXLWYCSLIYMHTGDRGMMCJLHUMOMOHOKHIJXNYSBTMJSKYMXAIQWBNNMKKVXSDQCGLKSN

WXPTEEEGVGPZEOZBMEIVDVVMTMMDOVWOOGITMDPQOVTD

SUSDTJHNTSHBJAABBNHHANJNABUUDDSJHBBDSAHJAHATANNDHSTUSUANBSJJSJAUTB

ASVJBVNEYVLFHFHUZNDPVIAZFAPISONHTFIJSIZLYPYUHYBHLOBZNIVPLNEPIJAVTFZ

UCTTUJYNZ

LFLXLTLLXFXLTFLFXFFT

TZTTOYTEUTONOYYZYBZOTBEY

LALLPLPPALLPLPPAAPLAALPLPLPAPLLALALPLLLPLAAPALPPALAPLALAPPAAAALAPPAPPLALPLPALPLALLALAA

TJGKUSEWGJEXUTGNQKICJENXWSRHZZWINIYURQUJPSCPPYT

NAMRAEYWJRKYYYBUDKJWYJDWOIWAJDEKUWWKJOAWJNYMYRONJKKJUMUKNJNNDEAMIWIYUODEJWXRBNEU

CJLHYBVPGYWZHE

QLLXQQMMPPZFZQZNNNHMHFMXQWXLZLLZHMGFHMPXQWNWXM

VKVVKVVVVVVVKKKKVVKVKKKVKKVKVKKKVKKVVKKVKKKVKVVVKKKVKVVKKKKKVVKVVKKVKKKKVVVKVKKKVVVKVKK

NPCDXATAOQQNMPLIXXVGMXPDWUPWPCXJQGMVRZPONNRCUSPCEHPPCUHX

QAJEWJDHXAZWPPJKEHDEMUQBNWMPYRVPJCIAORXSDDEABLCNFNCKEPGA

PFONFFKO

BBBBBBBBBBBBBBBBBBBBBBBBBBBBBBBBBBBBBBBBBBBBBBBBBBBBBBB

XEKRSXREUDRDEDXERXKUXEXRDSEEUXUSKE

ZFFYKIQKFIUQQPZUMIYRQEPMAFJWAQJMAJOQOFAAPLLOQOWZRAWFOQKWZQ

XXXXXXXXXXXXXXXXXXXXXXXXXXXXXXXXXXXXXXXXXXXXXXXXXXXXXXXXXXXXXXXXXXXXX

SPNGIWAAZRRVNRYZIBPRKKDRQZHSSPVKER

QZDL

TKDPAYQTBQLDNHCAIENSMYHBA

KVIMLDODXVNINXEQDXENIXSMTIXNOHMK

SAASABBVS

YWWWUMKZZFG

JKJZIJJIIKJ

BFQSIVZITSQQBAATFIZQFAVFVZAZATFTBVZ

CGPSKTJQEOBQQPKYFOXXYOESSGBTQXQQEBJPGCFYBOPCBGFRIFRBKXSYOSFSXTYPTKGCCPECGRKOYTRKOBEYSYXTPGJFK

OCUFKKSKDNONBUODFKD

UEYUDVHOPCUBSLHBOUPDVCVMYHJCDOPLLHCDVAMDREPQACERBACPUPCMUVHDE

KSMFGKIGHMSVMFFBIVLVIBFGPISGDOGIIRKOSNHVVBNDHVILVILINRLHGILRLRFKMM

DWJD

LZYZSCQJGARRIXSYIFZN

USSSUHSHHSUHUUUUSHSHSHHHSSUUHSSUSHUSSUHUSHSSSHSUHHUHUHHHU

LZSIBICOUFKYXNSYSACUYIGGLNQMVQYZTXMSCVIXUUCOAFYLLUBSLXBNYXZMFKYMKQTUNLLSVSLQUUDVKKNODDY

NAMBYGAMSJZRKMEJXIZLHCQRCOBTSDVRXSPJZJERPHYFSJKNQWNWNASZTAGEZM

AAADDKNOOONOOD

ADAAFKXCGGGCCCLQCDLDAYKGYAXGXEYWWKEWGWQYFAYGGEJEADWFEJYLGXACYEFLFYYADGCEFWJ

JEFBDQCWZYHLEDVBCV

METQPISMSOBOSXQMT

BXMVPPIIFIEQDSCMQCSFMCXDPPFMHBBPQFDVNV

UUMMMMMMMMUUUUUMMMUUMMUUMUUMUUMMUMUMMUUM

HHHHHHHHHHHHHHHHHHHHHHHHHHHHHHHHHHHHHHHHHHHHHHHHHHHHHHHHHHHHHHHHHHHHHHHHHHHHHHHHHHHHHHH

EAXKEQQVOSRSVJVVYW

YAFPFMEWFWYGETYHFEEDJWDDYWHMJSQSJTJDDWODBCTDCATDWNMBKQMYANTBYEQPAZJZWJEOGSBNWNJHUFOY

NUMANQQFNUGBQQQAQFXKMNYNSKZBNGKZBTBQQUGGOUYGKANKMMCGSTUNSBAXTMFQTKAOAYYOTMGZBNNXXBFXKK

OEKJFHNHHDEIDHKWXYAETMRHJD

DJJDZDMWWZMZWDJZJMDMDWMWMZWJ

RIMWRGTWDMBGTGZDMWMMUWSIGIBRZRUZTGNTGWGIWUSSUWTORTNMIUNUNZDGMNRWWISSBDZUMOMMDOZURTBSTUSRIDIRGRMM

GQIPLMUAKAKYVUUYUPVGDUCLRGOIDWACMGRIYELLHLVQSUPMYGLU
